******************************************************************************
                  TI ARM Linker PC v5.1.1                      
******************************************************************************
>> Linked Sun Jun 22 15:21:57 2014

OUTPUT FILE NAME:   <Auto_Water_TM4.out>
ENTRY POINT SYMBOL: "_c_int00"  address: 000019b5


MEMORY CONFIGURATION

         name            origin    length      used     unused   attr    fill
----------------------  --------  ---------  --------  --------  ----  --------
  FLASH                 00000000   00040000  00002067  0003df99  R  X
  SRAM                  20000000   00008000  000008d0  00007730  RW X


SEGMENT ALLOCATION MAP

run origin  load origin   length   init length attrs members
----------  ----------- ---------- ----------- ----- -------
00000000    00000000    00002068   00002068    r-x
  00000000    00000000    0000026c   0000026c    r-- .intvecs
  0000026c    0000026c    00001bd8   00001bd8    r-x .text
  00001e44    00001e44    0000017b   0000017b    r-- .const
  00001fc0    00001fc0    000000a8   000000a8    r-- .cinit
20000000    20000000    000008d0   00000000    rw-
  20000000    20000000    00000800   00000000    rw- .stack
  20000800    20000800    00000098   00000000    rw- .data
  20000898    20000898    00000038   00000000    rw- .bss


SECTION ALLOCATION MAP

 output                                  attributes/
section   page    origin      length       input sections
--------  ----  ----------  ----------   ----------------
.intvecs   0    00000000    0000026c     
                  00000000    0000026c     tm4c123gh6pm_startup_ccs.obj (.intvecs)

.init_array 
*          0    00000000    00000000     UNINITIALIZED

.text      0    0000026c    00001bd8     
                  0000026c    00000e28     main.obj (.text)
                  00001094    00000188     tm4c123gh6pm_startup_ccs.obj (.text)
                  0000121c    00000130     driverlib.lib : gpio.obj (.text:GPIOPadConfigSet)
                  0000134c    00000118                   : sysctl.obj (.text:SysCtlClockGet)
                  00001464    000000f0                   : sysctl.obj (.text:SysCtlClockSet)
                  00001554    0000009c     rtsv7M4_T_le_v4SPD16_eabi.lib : memcpy_t2.obj (.text)
                  000015f0    00000094                                   : auto_init.obj (.text)
                  00001684    00000080     driverlib.lib : adc.obj (.text:ADCSequenceStepConfigure)
                  00001704    00000064                   : hibernate.obj (.text:HibernateWakeSet)
                  00001768    00000060                   : interrupt.obj (.text:IntEnable)
                  000017c8    0000005e     rtsv7M4_T_le_v4SPD16_eabi.lib : copy_decompress_rle.obj (.text)
                  00001826    00000002     --HOLE-- [fill = 0]
                  00001828    0000005c     driverlib.lib : timer.obj (.text:TimerConfigure)
                  00001884    00000056                   : gpio.obj (.text:GPIOIntTypeSet)
                  000018da    00000002     --HOLE-- [fill = 0]
                  000018dc    00000048                   : gpio.obj (.text:GPIOPinConfigure)
                  00001924    00000048                   : hibernate.obj (.text:HibernateClockConfig)
                  0000196c    00000048                   : i2c.obj (.text:I2CMasterInitExpClk)
                  000019b4    00000048     rtsv7M4_T_le_v4SPD16_eabi.lib : boot.obj (.text)
                  000019fc    00000044                                   : cpy_tbl.obj (.text)
                  00001a40    00000044                                   : exit.obj (.text)
                  00001a84    00000040     driverlib.lib : uart.obj (.text:UARTConfigSetExpClk)
                  00001ac4    0000003e                   : adc.obj (.text:ADCSequenceConfigure)
                  00001b02    00000002     --HOLE-- [fill = 0]
                  00001b04    00000034                   : sysctl.obj (.text:SysCtlPeripheralEnable)
                  00001b38    0000002e                   : adc.obj (.text:ADCIntStatus)
                  00001b66    0000002a                   : gpio.obj (.text:GPIODirModeSet)
                  00001b90    0000001e                   : adc.obj (.text:ADCSequenceDataGet)
                  00001bae    00000002     --HOLE-- [fill = 0]
                  00001bb0    0000001c                   : uart.obj (.text:UARTDisable)
                  00001bcc    00000018                   : gpio.obj (.text:GPIOPinTypeGPIOOutput)
                  00001be4    00000018                   : hibernate.obj (.text:HibernateGPIORetentionEnable)
                  00001bfc    00000018                   : hibernate.obj (.text:HibernateIntStatus)
                  00001c14    00000018     rtsv7M4_T_le_v4SPD16_eabi.lib : args_main.obj (.text)
                  00001c2c    00000016     driverlib.lib : adc.obj (.text:ADCProcessorTrigger)
                  00001c42    00000016                   : i2c.obj (.text:I2CMasterErr)
                  00001c58    00000014                   : hibernate.obj (.text:HibernateEnableExpClk)
                  00001c6c    00000014                   : hibernate.obj (.text:HibernateIntClear)
                  00001c80    00000014                   : hibernate.obj (.text:HibernateRequest)
                  00001c94    00000014                   : timer.obj (.text:TimerDisable)
                  00001ca8    00000014                   : uart.obj (.text:UARTEnable)
                  00001cbc    00000014     rtsv7M4_T_le_v4SPD16_eabi.lib : _lock.obj (.text)
                  00001cd0    00000012     driverlib.lib : adc.obj (.text:ADCHardwareOversampleConfigure)
                  00001ce2    00000012                   : gpio.obj (.text:GPIOPinTypeADC)
                  00001cf4    00000012                   : gpio.obj (.text:GPIOPinTypeGPIOInput)
                  00001d06    00000012                   : gpio.obj (.text:GPIOPinTypeI2C)
                  00001d18    00000012                   : gpio.obj (.text:GPIOPinTypeI2CSCL)
                  00001d2a    00000012                   : gpio.obj (.text:GPIOPinTypeUART)
                  00001d3c    00000012                   : timer.obj (.text:TimerLoadSet)
                  00001d4e    00000012     rtsv7M4_T_le_v4SPD16_eabi.lib : copy_zero_init.obj (.text:decompress:ZI)
                  00001d60    00000010     driverlib.lib : hibernate.obj (.text:_HibernateWriteComplete)
                  00001d70    0000000e                   : adc.obj (.text:ADCSequenceEnable)
                  00001d7e    0000000e                   : gpio.obj (.text:GPIOIntDisable)
                  00001d8c    0000000e                   : timer.obj (.text:TimerEnable)
                  00001d9a    0000000e     rtsv7M4_T_le_v4SPD16_eabi.lib : copy_decompress_none.obj (.text:decompress:none)
                  00001da8    0000000c     driverlib.lib : cpu.obj (.text:CPUcpsid)
                  00001db4    0000000c                   : cpu.obj (.text:CPUcpsie)
                  00001dc0    0000000c                   : gpio.obj (.text:GPIOIntEnable)
                  00001dcc    0000000a                   : adc.obj (.text:ADCIntClear)
                  00001dd6    0000000a                   : i2c.obj (.text:I2CMasterEnable)
                  00001de0    0000000a                   : interrupt.obj (.text:IntMasterDisable)
                  00001dea    0000000a                   : interrupt.obj (.text:IntMasterEnable)
                  00001df4    0000000a                   : uart.obj (.text:UARTCharPut)
                  00001dfe    00000008                   : i2c.obj (.text:I2CMasterBusy)
                  00001e06    00000008                   : i2c.obj (.text:I2CMasterSlaveAddrSet)
                  00001e0e    00000008                   : timer.obj (.text:TimerIntEnable)
                  00001e16    00000006                   : gpio.obj (.text:GPIOIntClear)
                  00001e1c    00000006                   : gpio.obj (.text:GPIOPinRead)
                  00001e22    00000006                   : gpio.obj (.text:GPIOPinWrite)
                  00001e28    00000006                   : sysctl.obj (.text:SysCtlDelay)
                  00001e2e    00000006     rtsv7M4_T_le_v4SPD16_eabi.lib : copy_decompress_rle.obj (.text:decompress:rle24)
                  00001e34    00000004     driverlib.lib : i2c.obj (.text:I2CMasterControl)
                  00001e38    00000004                   : i2c.obj (.text:I2CMasterDataGet)
                  00001e3c    00000004                   : i2c.obj (.text:I2CMasterDataPut)
                  00001e40    00000004                   : timer.obj (.text:TimerIntClear)

.const     0    00001e44    0000017b     
                  00001e44    00000090     driverlib.lib : gpio.obj (.const:g_pui32GPIOBaseAddrs)
                  00001ed4    00000070                   : interrupt.obj (.const)
                  00001f44    0000006c                   : sysctl.obj (.const:g_pui32Xtals)
                  00001fb0    0000000f     main.obj (.const:.string)

.cinit     0    00001fc0    000000a8     
                  00001fc0    00000081     (.cinit..data.load) [load image, compression = rle]
                  00002041    00000003     --HOLE-- [fill = 0]
                  00002044    0000000c     (__TI_handler_table)
                  00002050    00000008     (.cinit..bss.load) [load image, compression = zero_init]
                  00002058    00000010     (__TI_cinit_table)

.stack     0    20000000    00000800     UNINITIALIZED
                  20000000    00000800     --HOLE--

.data      0    20000800    00000098     UNINITIALIZED
                  20000800    00000084     main.obj (.data)
                  20000884    00000008     rtsv7M4_T_le_v4SPD16_eabi.lib : _lock.obj (.data)
                  2000088c    00000008                                   : exit.obj (.data)
                  20000894    00000004                                   : stkdepth_vars.obj (.data)

.bss       0    20000898    00000038     UNINITIALIZED
                  20000898    00000010     (.common:ui32ADC0Value)
                  200008a8    0000000e     (.common:dateTime)
                  200008b6    00000001     (.common:humidity)
                  200008b7    00000001     (.common:temperature)
                  200008b8    00000004     (.common:clock)
                  200008bc    00000004     (.common:clockTime)
                  200008c0    00000004     (.common:ui32MoistureAvg)
                  200008c4    00000004     (.common:ui32TempAvg)
                  200008c8    00000004     (.common:ui32TempValueC)
                  200008cc    00000004     (.common:ui32TempValueF)


LINKER GENERATED COPY TABLES

__TI_cinit_table @ 00002058 records: 2, size/record: 8, table size: 16
	.data: load addr=00001fc0, load size=00000081 bytes, run addr=20000800, run size=00000098 bytes, compression=rle
	.bss: load addr=00002050, load size=00000008 bytes, run addr=20000898, run size=00000038 bytes, compression=zero_init


LINKER GENERATED HANDLER TABLE

__TI_handler_table @ 00002044 records: 3, size/record: 4, table size: 12
	index: 0, handler: __TI_decompress_rle24
	index: 1, handler: __TI_decompress_none
	index: 2, handler: __TI_zero_init


GLOBAL SYMBOLS: SORTED ALPHABETICALLY BY Name 

address    name
--------   ----
00001cd1   ADCHardwareOversampleConfigure
00001dcd   ADCIntClear
00001b39   ADCIntStatus
00001c2d   ADCProcessorTrigger
00001ac5   ADCSequenceConfigure
00001b91   ADCSequenceDataGet
00001d71   ADCSequenceEnable
00001685   ADCSequenceStepConfigure
00001a41   C$$EXIT
00001da9   CPUcpsid
00001db5   CPUcpsie
00001b67   GPIODirModeSet
00001e17   GPIOIntClear
00001d7f   GPIOIntDisable
00001dc1   GPIOIntEnable
00001885   GPIOIntTypeSet
0000121d   GPIOPadConfigSet
000018dd   GPIOPinConfigure
00001e1d   GPIOPinRead
00001ce3   GPIOPinTypeADC
00001cf5   GPIOPinTypeGPIOInput
00001bcd   GPIOPinTypeGPIOOutput
00001d07   GPIOPinTypeI2C
00001d19   GPIOPinTypeI2CSCL
00001d2b   GPIOPinTypeUART
00001e23   GPIOPinWrite
00001925   HibernateClockConfig
00001c59   HibernateEnableExpClk
00001be5   HibernateGPIORetentionEnable
00001c6d   HibernateIntClear
00001bfd   HibernateIntStatus
00001c81   HibernateRequest
00001705   HibernateWakeSet
00001dff   I2CMasterBusy
00001e35   I2CMasterControl
00001e39   I2CMasterDataGet
00001e3d   I2CMasterDataPut
00001dd7   I2CMasterEnable
00001c43   I2CMasterErr
0000196d   I2CMasterInitExpClk
00001e07   I2CMasterSlaveAddrSet
00001769   IntEnable
00001de1   IntMasterDisable
00001deb   IntMasterEnable
00001095   ResetISR
UNDEFED    SHT$$INIT_ARRAY$$Base
UNDEFED    SHT$$INIT_ARRAY$$Limit
0000134d   SysCtlClockGet
00001465   SysCtlClockSet
00001e29   SysCtlDelay
00001b05   SysCtlPeripheralEnable
00001829   TimerConfigure
00001c95   TimerDisable
00001d8d   TimerEnable
00001e41   TimerIntClear
00001e0f   TimerIntEnable
00001d3d   TimerLoadSet
00001df5   UARTCharPut
00001a85   UARTConfigSetExpClk
00001bb1   UARTDisable
00001ca9   UARTEnable
20000874   Zones
20000800   __STACK_END
00000800   __STACK_SIZE
20000200   __STACK_TOP
00002058   __TI_CINIT_Base
00002068   __TI_CINIT_Limit
00002044   __TI_Handler_Table_Base
00002050   __TI_Handler_Table_Limit
00000001   __TI_args_main
000015f1   __TI_auto_init
2000088c   __TI_cleanup_ptr
00001d9b   __TI_decompress_none
00001e2f   __TI_decompress_rle24
20000890   __TI_dtors_ptr
00000000   __TI_static_base__
00001d4f   __TI_zero_init
00001555   __aeabi_memcpy
00001555   __aeabi_memcpy4
00001555   __aeabi_memcpy8
ffffffff   __binit__
ffffffff   __c_args__
20000000   __stack
00001c15   _args_main
000019b5   _c_int00
20000884   _lock
00001ccb   _nop
00001cc3   _register_lock
00001cbd   _register_unlock
20000888   _unlock
00001a45   abort
ffffffff   binit
00000a2d   btn_IntHandler
00000ae7   btn_TimHandler
20000808   buttonPressTimerTicks
000008b5   checkIntTempSensor
00000b09   checkZoneStatus
00000bed   clearAllZoneOverrides
200008b8   clock
200008bc   clockTime
000019fd   copy_in
200008a8   dateTime
00001007   delay
00001a4d   exit
00001031   flashLED
00000000   g_pfnVectors
00000851   genTimer1Handler
20000804   hasSeenButtonPress
200008b6   humidity
00000981   init_BtnHandler
00000747   init_Clock
0000093d   init_Hibernation
000007c7   init_IntTempSensor
00000765   init_LED
0000077b   init_Zones
0000081d   init_genTimer1
00000669   main
20000894   main_func_sp
00001555   memcpy
20000810   mode
2000080c   oneSecondCounter
00000c7d   printCurrentStatus
00000b81   processZones
20000800   response
00000c21   setAllZoneOverrides
20000811   statusLed
200008b7   temperature
20000898   ui32ADC0Value
200008c0   ui32MoistureAvg
200008c4   ui32TempAvg
200008c8   ui32TempValueC
200008cc   ui32TempValueF
20000814   zone0
2000082c   zone1
20000844   zone2
2000085c   zone3


GLOBAL SYMBOLS: SORTED BY Symbol Address 

address    name
--------   ----
00000000   __TI_static_base__
00000000   g_pfnVectors
00000001   __TI_args_main
00000669   main
00000747   init_Clock
00000765   init_LED
0000077b   init_Zones
000007c7   init_IntTempSensor
00000800   __STACK_SIZE
0000081d   init_genTimer1
00000851   genTimer1Handler
000008b5   checkIntTempSensor
0000093d   init_Hibernation
00000981   init_BtnHandler
00000a2d   btn_IntHandler
00000ae7   btn_TimHandler
00000b09   checkZoneStatus
00000b81   processZones
00000bed   clearAllZoneOverrides
00000c21   setAllZoneOverrides
00000c7d   printCurrentStatus
00001007   delay
00001031   flashLED
00001095   ResetISR
0000121d   GPIOPadConfigSet
0000134d   SysCtlClockGet
00001465   SysCtlClockSet
00001555   __aeabi_memcpy
00001555   __aeabi_memcpy4
00001555   __aeabi_memcpy8
00001555   memcpy
000015f1   __TI_auto_init
00001685   ADCSequenceStepConfigure
00001705   HibernateWakeSet
00001769   IntEnable
00001829   TimerConfigure
00001885   GPIOIntTypeSet
000018dd   GPIOPinConfigure
00001925   HibernateClockConfig
0000196d   I2CMasterInitExpClk
000019b5   _c_int00
000019fd   copy_in
00001a41   C$$EXIT
00001a45   abort
00001a4d   exit
00001a85   UARTConfigSetExpClk
00001ac5   ADCSequenceConfigure
00001b05   SysCtlPeripheralEnable
00001b39   ADCIntStatus
00001b67   GPIODirModeSet
00001b91   ADCSequenceDataGet
00001bb1   UARTDisable
00001bcd   GPIOPinTypeGPIOOutput
00001be5   HibernateGPIORetentionEnable
00001bfd   HibernateIntStatus
00001c15   _args_main
00001c2d   ADCProcessorTrigger
00001c43   I2CMasterErr
00001c59   HibernateEnableExpClk
00001c6d   HibernateIntClear
00001c81   HibernateRequest
00001c95   TimerDisable
00001ca9   UARTEnable
00001cbd   _register_unlock
00001cc3   _register_lock
00001ccb   _nop
00001cd1   ADCHardwareOversampleConfigure
00001ce3   GPIOPinTypeADC
00001cf5   GPIOPinTypeGPIOInput
00001d07   GPIOPinTypeI2C
00001d19   GPIOPinTypeI2CSCL
00001d2b   GPIOPinTypeUART
00001d3d   TimerLoadSet
00001d4f   __TI_zero_init
00001d71   ADCSequenceEnable
00001d7f   GPIOIntDisable
00001d8d   TimerEnable
00001d9b   __TI_decompress_none
00001da9   CPUcpsid
00001db5   CPUcpsie
00001dc1   GPIOIntEnable
00001dcd   ADCIntClear
00001dd7   I2CMasterEnable
00001de1   IntMasterDisable
00001deb   IntMasterEnable
00001df5   UARTCharPut
00001dff   I2CMasterBusy
00001e07   I2CMasterSlaveAddrSet
00001e0f   TimerIntEnable
00001e17   GPIOIntClear
00001e1d   GPIOPinRead
00001e23   GPIOPinWrite
00001e29   SysCtlDelay
00001e2f   __TI_decompress_rle24
00001e35   I2CMasterControl
00001e39   I2CMasterDataGet
00001e3d   I2CMasterDataPut
00001e41   TimerIntClear
00002044   __TI_Handler_Table_Base
00002050   __TI_Handler_Table_Limit
00002058   __TI_CINIT_Base
00002068   __TI_CINIT_Limit
20000000   __stack
20000200   __STACK_TOP
20000800   __STACK_END
20000800   response
20000804   hasSeenButtonPress
20000808   buttonPressTimerTicks
2000080c   oneSecondCounter
20000810   mode
20000811   statusLed
20000814   zone0
2000082c   zone1
20000844   zone2
2000085c   zone3
20000874   Zones
20000884   _lock
20000888   _unlock
2000088c   __TI_cleanup_ptr
20000890   __TI_dtors_ptr
20000894   main_func_sp
20000898   ui32ADC0Value
200008a8   dateTime
200008b6   humidity
200008b7   temperature
200008b8   clock
200008bc   clockTime
200008c0   ui32MoistureAvg
200008c4   ui32TempAvg
200008c8   ui32TempValueC
200008cc   ui32TempValueF
ffffffff   __binit__
ffffffff   __c_args__
ffffffff   binit
UNDEFED    SHT$$INIT_ARRAY$$Base
UNDEFED    SHT$$INIT_ARRAY$$Limit

[136 symbols]
