<?xml version="1.0"?>
<link_info>
   <banner>TI ARM Linker PC v5.1.1</banner>
   <copyright>Copyright (c) 1996-2013 Texas Instruments Incorporated</copyright>
   <link_time>0x53a606a2</link_time>
   <link_errors>0x0</link_errors>
   <output_file>Auto_Water_TM4.out</output_file>
   <entry_point>
      <name>_c_int00</name>
      <address>0x1e05</address>
   </entry_point>
   <input_file_list>
      <input_file id="fl-2">
         <path>.\drivers\</path>
         <kind>object</kind>
         <file>UART.obj</file>
         <name>UART.obj</name>
      </input_file>
      <input_file id="fl-3">
         <path>.\drivers\</path>
         <kind>object</kind>
         <file>I2C.obj</file>
         <name>I2C.obj</name>
      </input_file>
      <input_file id="fl-4">
         <path>.\drivers\</path>
         <kind>object</kind>
         <file>HIH6131.obj</file>
         <name>HIH6131.obj</name>
      </input_file>
      <input_file id="fl-5">
         <path>.\drivers\</path>
         <kind>object</kind>
         <file>DS1307.obj</file>
         <name>DS1307.obj</name>
      </input_file>
      <input_file id="fl-6">
         <path>.\drivers\</path>
         <kind>object</kind>
         <file>AMS.obj</file>
         <name>AMS.obj</name>
      </input_file>
      <input_file id="fl-7">
         <path>.\</path>
         <kind>object</kind>
         <file>tm4c123gh6pm_startup_ccs.obj</file>
         <name>tm4c123gh6pm_startup_ccs.obj</name>
      </input_file>
      <input_file id="fl-8">
         <path>.\</path>
         <kind>object</kind>
         <file>main.obj</file>
         <name>main.obj</name>
      </input_file>
      <input_file id="fl-9">
         <path>.\</path>
         <kind>object</kind>
         <file>InterruptHandlers.obj</file>
         <name>InterruptHandlers.obj</name>
      </input_file>
      <input_file id="fl-e">
         <path>C:\TI\TivaWare_C_Series-2.1.0.12573\driverlib\ccs\Debug\</path>
         <kind>archive</kind>
         <file>driverlib.lib</file>
         <name>uart.obj</name>
      </input_file>
      <input_file id="fl-f">
         <path>C:\TI\TivaWare_C_Series-2.1.0.12573\driverlib\ccs\Debug\</path>
         <kind>archive</kind>
         <file>driverlib.lib</file>
         <name>timer.obj</name>
      </input_file>
      <input_file id="fl-10">
         <path>C:\TI\TivaWare_C_Series-2.1.0.12573\driverlib\ccs\Debug\</path>
         <kind>archive</kind>
         <file>driverlib.lib</file>
         <name>sysctl.obj</name>
      </input_file>
      <input_file id="fl-11">
         <path>C:\TI\TivaWare_C_Series-2.1.0.12573\driverlib\ccs\Debug\</path>
         <kind>archive</kind>
         <file>driverlib.lib</file>
         <name>interrupt.obj</name>
      </input_file>
      <input_file id="fl-12">
         <path>C:\TI\TivaWare_C_Series-2.1.0.12573\driverlib\ccs\Debug\</path>
         <kind>archive</kind>
         <file>driverlib.lib</file>
         <name>i2c.obj</name>
      </input_file>
      <input_file id="fl-13">
         <path>C:\TI\TivaWare_C_Series-2.1.0.12573\driverlib\ccs\Debug\</path>
         <kind>archive</kind>
         <file>driverlib.lib</file>
         <name>hibernate.obj</name>
      </input_file>
      <input_file id="fl-14">
         <path>C:\TI\TivaWare_C_Series-2.1.0.12573\driverlib\ccs\Debug\</path>
         <kind>archive</kind>
         <file>driverlib.lib</file>
         <name>gpio.obj</name>
      </input_file>
      <input_file id="fl-15">
         <path>C:\TI\TivaWare_C_Series-2.1.0.12573\driverlib\ccs\Debug\</path>
         <kind>archive</kind>
         <file>driverlib.lib</file>
         <name>cpu.obj</name>
      </input_file>
      <input_file id="fl-16">
         <path>C:\TI\TivaWare_C_Series-2.1.0.12573\driverlib\ccs\Debug\</path>
         <kind>archive</kind>
         <file>driverlib.lib</file>
         <name>adc.obj</name>
      </input_file>
      <input_file id="fl-140">
         <path>C:\ti\ccsv5\tools\compiler\arm_5.1.1\lib\</path>
         <kind>archive</kind>
         <file>rtsv7M4_T_le_v4SPD16_eabi.lib</file>
         <name>boot.obj</name>
      </input_file>
      <input_file id="fl-141">
         <path>C:\ti\ccsv5\tools\compiler\arm_5.1.1\lib\</path>
         <kind>archive</kind>
         <file>rtsv7M4_T_le_v4SPD16_eabi.lib</file>
         <name>copy_decompress_none.obj</name>
      </input_file>
      <input_file id="fl-142">
         <path>C:\ti\ccsv5\tools\compiler\arm_5.1.1\lib\</path>
         <kind>archive</kind>
         <file>rtsv7M4_T_le_v4SPD16_eabi.lib</file>
         <name>copy_decompress_rle.obj</name>
      </input_file>
      <input_file id="fl-143">
         <path>C:\ti\ccsv5\tools\compiler\arm_5.1.1\lib\</path>
         <kind>archive</kind>
         <file>rtsv7M4_T_le_v4SPD16_eabi.lib</file>
         <name>copy_zero_init.obj</name>
      </input_file>
      <input_file id="fl-144">
         <path>C:\ti\ccsv5\tools\compiler\arm_5.1.1\lib\</path>
         <kind>archive</kind>
         <file>rtsv7M4_T_le_v4SPD16_eabi.lib</file>
         <name>exit.obj</name>
      </input_file>
      <input_file id="fl-145">
         <path>C:\ti\ccsv5\tools\compiler\arm_5.1.1\lib\</path>
         <kind>archive</kind>
         <file>rtsv7M4_T_le_v4SPD16_eabi.lib</file>
         <name>fd_add_t2.obj</name>
      </input_file>
      <input_file id="fl-146">
         <path>C:\ti\ccsv5\tools\compiler\arm_5.1.1\lib\</path>
         <kind>archive</kind>
         <file>rtsv7M4_T_le_v4SPD16_eabi.lib</file>
         <name>fd_mul_t2.obj</name>
      </input_file>
      <input_file id="fl-147">
         <path>C:\ti\ccsv5\tools\compiler\arm_5.1.1\lib\</path>
         <kind>archive</kind>
         <file>rtsv7M4_T_le_v4SPD16_eabi.lib</file>
         <name>fd_toi_t2.obj</name>
      </input_file>
      <input_file id="fl-148">
         <path>C:\ti\ccsv5\tools\compiler\arm_5.1.1\lib\</path>
         <kind>archive</kind>
         <file>rtsv7M4_T_le_v4SPD16_eabi.lib</file>
         <name>memcpy_t2.obj</name>
      </input_file>
      <input_file id="fl-149">
         <path>C:\ti\ccsv5\tools\compiler\arm_5.1.1\lib\</path>
         <kind>archive</kind>
         <file>rtsv7M4_T_le_v4SPD16_eabi.lib</file>
         <name>stkdepth_vars.obj</name>
      </input_file>
      <input_file id="fl-14a">
         <path>C:\ti\ccsv5\tools\compiler\arm_5.1.1\lib\</path>
         <kind>archive</kind>
         <file>rtsv7M4_T_le_v4SPD16_eabi.lib</file>
         <name>u_tofd_t2.obj</name>
      </input_file>
      <input_file id="fl-14b">
         <path>C:\ti\ccsv5\tools\compiler\arm_5.1.1\lib\</path>
         <kind>archive</kind>
         <file>rtsv7M4_T_le_v4SPD16_eabi.lib</file>
         <name>_lock.obj</name>
      </input_file>
      <input_file id="fl-14c">
         <path>C:\ti\ccsv5\tools\compiler\arm_5.1.1\lib\</path>
         <kind>archive</kind>
         <file>rtsv7M4_T_le_v4SPD16_eabi.lib</file>
         <name>args_main.obj</name>
      </input_file>
      <input_file id="fl-14d">
         <path>C:\ti\ccsv5\tools\compiler\arm_5.1.1\lib\</path>
         <kind>archive</kind>
         <file>rtsv7M4_T_le_v4SPD16_eabi.lib</file>
         <name>auto_init.obj</name>
      </input_file>
      <input_file id="fl-14e">
         <path>C:\ti\ccsv5\tools\compiler\arm_5.1.1\lib\</path>
         <kind>archive</kind>
         <file>rtsv7M4_T_le_v4SPD16_eabi.lib</file>
         <name>cpy_tbl.obj</name>
      </input_file>
   </input_file_list>
   <object_component_list>
      <object_component id="oc-e">
         <name>.intvecs</name>
         <load_address>0x0</load_address>
         <run_address>0x0</run_address>
         <size>0x26c</size>
         <input_file_ref idref="fl-7"/>
      </object_component>
      <object_component id="oc-29">
         <name>.text</name>
         <load_address>0x26c</load_address>
         <run_address>0x26c</run_address>
         <size>0xfc4</size>
         <input_file_ref idref="fl-8"/>
      </object_component>
      <object_component id="oc-c2">
         <name>.text</name>
         <load_address>0x1230</load_address>
         <run_address>0x1230</run_address>
         <size>0x1b6</size>
         <input_file_ref idref="fl-145"/>
      </object_component>
      <object_component id="oc-24">
         <name>.text</name>
         <load_address>0x13e8</load_address>
         <run_address>0x13e8</run_address>
         <size>0x188</size>
         <input_file_ref idref="fl-7"/>
      </object_component>
      <object_component id="oc-70">
         <name>.text:GPIOPadConfigSet</name>
         <load_address>0x1570</load_address>
         <run_address>0x1570</run_address>
         <size>0x130</size>
         <input_file_ref idref="fl-14"/>
      </object_component>
      <object_component id="oc-66">
         <name>.text:SysCtlClockGet</name>
         <load_address>0x16a0</load_address>
         <run_address>0x16a0</run_address>
         <size>0x118</size>
         <input_file_ref idref="fl-10"/>
      </object_component>
      <object_component id="oc-be">
         <name>.text</name>
         <load_address>0x17b8</load_address>
         <run_address>0x17b8</run_address>
         <size>0xfc</size>
         <input_file_ref idref="fl-146"/>
      </object_component>
      <object_component id="oc-117">
         <name>.text:SysCtlClockSet</name>
         <load_address>0x18b4</load_address>
         <run_address>0x18b4</run_address>
         <size>0xf0</size>
         <input_file_ref idref="fl-10"/>
      </object_component>
      <object_component id="oc-42">
         <name>.text</name>
         <load_address>0x19a4</load_address>
         <run_address>0x19a4</run_address>
         <size>0x9c</size>
         <input_file_ref idref="fl-148"/>
      </object_component>
      <object_component id="oc-31">
         <name>.text</name>
         <load_address>0x1a40</load_address>
         <run_address>0x1a40</run_address>
         <size>0x94</size>
         <input_file_ref idref="fl-14d"/>
      </object_component>
      <object_component id="oc-e3">
         <name>.text:ADCSequenceStepConfigure</name>
         <load_address>0x1ad4</load_address>
         <run_address>0x1ad4</run_address>
         <size>0x80</size>
         <input_file_ref idref="fl-16"/>
      </object_component>
      <object_component id="oc-148">
         <name>.text:HibernateWakeSet</name>
         <load_address>0x1b54</load_address>
         <run_address>0x1b54</run_address>
         <size>0x64</size>
         <input_file_ref idref="fl-13"/>
      </object_component>
      <object_component id="oc-128">
         <name>.text:IntEnable</name>
         <load_address>0x1bb8</load_address>
         <run_address>0x1bb8</run_address>
         <size>0x60</size>
         <input_file_ref idref="fl-11"/>
      </object_component>
      <object_component id="oc-54">
         <name>.text</name>
         <load_address>0x1c18</load_address>
         <run_address>0x1c18</run_address>
         <size>0x5e</size>
         <input_file_ref idref="fl-142"/>
      </object_component>
      <object_component id="oc-11e">
         <name>.text:TimerConfigure</name>
         <load_address>0x1c78</load_address>
         <run_address>0x1c78</run_address>
         <size>0x5c</size>
         <input_file_ref idref="fl-f"/>
      </object_component>
      <object_component id="oc-160">
         <name>.text:GPIOIntTypeSet</name>
         <load_address>0x1cd4</load_address>
         <run_address>0x1cd4</run_address>
         <size>0x56</size>
         <input_file_ref idref="fl-14"/>
      </object_component>
      <object_component id="oc-84">
         <name>.text:GPIOPinConfigure</name>
         <load_address>0x1d2c</load_address>
         <run_address>0x1d2c</run_address>
         <size>0x48</size>
         <input_file_ref idref="fl-14"/>
      </object_component>
      <object_component id="oc-13e">
         <name>.text:HibernateClockConfig</name>
         <load_address>0x1d74</load_address>
         <run_address>0x1d74</run_address>
         <size>0x48</size>
         <input_file_ref idref="fl-13"/>
      </object_component>
      <object_component id="oc-89">
         <name>.text:I2CMasterInitExpClk</name>
         <load_address>0x1dbc</load_address>
         <run_address>0x1dbc</run_address>
         <size>0x48</size>
         <input_file_ref idref="fl-12"/>
      </object_component>
      <object_component id="oc-10">
         <name>.text</name>
         <load_address>0x1e04</load_address>
         <run_address>0x1e04</run_address>
         <size>0x48</size>
         <input_file_ref idref="fl-140"/>
      </object_component>
      <object_component id="oc-c6">
         <name>.text</name>
         <load_address>0x1e4c</load_address>
         <run_address>0x1e4c</run_address>
         <size>0x48</size>
         <input_file_ref idref="fl-147"/>
      </object_component>
      <object_component id="oc-1a7">
         <name>.text</name>
         <load_address>0x1e94</load_address>
         <run_address>0x1e94</run_address>
         <size>0x44</size>
         <input_file_ref idref="fl-14e"/>
      </object_component>
      <object_component id="oc-3a">
         <name>.text</name>
         <load_address>0x1ed8</load_address>
         <run_address>0x1ed8</run_address>
         <size>0x44</size>
         <input_file_ref idref="fl-144"/>
      </object_component>
      <object_component id="oc-b2">
         <name>.text:UARTConfigSetExpClk</name>
         <load_address>0x1f1c</load_address>
         <run_address>0x1f1c</run_address>
         <size>0x40</size>
         <input_file_ref idref="fl-e"/>
      </object_component>
      <object_component id="oc-de">
         <name>.text:ADCSequenceConfigure</name>
         <load_address>0x1f5c</load_address>
         <run_address>0x1f5c</run_address>
         <size>0x3e</size>
         <input_file_ref idref="fl-16"/>
      </object_component>
      <object_component id="oc-75">
         <name>.text:SysCtlPeripheralEnable</name>
         <load_address>0x1f9c</load_address>
         <run_address>0x1f9c</run_address>
         <size>0x34</size>
         <input_file_ref idref="fl-10"/>
      </object_component>
      <object_component id="oc-f7">
         <name>.text:ADCIntStatus</name>
         <load_address>0x1fd0</load_address>
         <run_address>0x1fd0</run_address>
         <size>0x2e</size>
         <input_file_ref idref="fl-16"/>
      </object_component>
      <object_component id="oc-1d8">
         <name>.text:GPIODirModeSet</name>
         <load_address>0x1ffe</load_address>
         <run_address>0x1ffe</run_address>
         <size>0x2a</size>
         <input_file_ref idref="fl-14"/>
      </object_component>
      <object_component id="oc-ba">
         <name>.text</name>
         <load_address>0x2028</load_address>
         <run_address>0x2028</run_address>
         <size>0x20</size>
         <input_file_ref idref="fl-14a"/>
      </object_component>
      <object_component id="oc-fc">
         <name>.text:ADCSequenceDataGet</name>
         <load_address>0x2048</load_address>
         <run_address>0x2048</run_address>
         <size>0x1e</size>
         <input_file_ref idref="fl-16"/>
      </object_component>
      <object_component id="oc-1f5">
         <name>.text:UARTDisable</name>
         <load_address>0x2068</load_address>
         <run_address>0x2068</run_address>
         <size>0x1c</size>
         <input_file_ref idref="fl-e"/>
      </object_component>
      <object_component id="oc-cf">
         <name>.text:GPIOPinTypeGPIOOutput</name>
         <load_address>0x2084</load_address>
         <run_address>0x2084</run_address>
         <size>0x18</size>
         <input_file_ref idref="fl-14"/>
      </object_component>
      <object_component id="oc-143">
         <name>.text:HibernateGPIORetentionEnable</name>
         <load_address>0x209c</load_address>
         <run_address>0x209c</run_address>
         <size>0x18</size>
         <input_file_ref idref="fl-13"/>
      </object_component>
      <object_component id="oc-14d">
         <name>.text:HibernateIntStatus</name>
         <load_address>0x20b4</load_address>
         <run_address>0x20b4</run_address>
         <size>0x18</size>
         <input_file_ref idref="fl-13"/>
      </object_component>
      <object_component id="oc-35">
         <name>.text</name>
         <load_address>0x20cc</load_address>
         <run_address>0x20cc</run_address>
         <size>0x18</size>
         <input_file_ref idref="fl-14c"/>
      </object_component>
      <object_component id="oc-f2">
         <name>.text:ADCProcessorTrigger</name>
         <load_address>0x20e4</load_address>
         <run_address>0x20e4</run_address>
         <size>0x16</size>
         <input_file_ref idref="fl-16"/>
      </object_component>
      <object_component id="oc-a8">
         <name>.text:I2CMasterErr</name>
         <load_address>0x20fa</load_address>
         <run_address>0x20fa</run_address>
         <size>0x16</size>
         <input_file_ref idref="fl-12"/>
      </object_component>
      <object_component id="oc-139">
         <name>.text:HibernateEnableExpClk</name>
         <load_address>0x2110</load_address>
         <run_address>0x2110</run_address>
         <size>0x14</size>
         <input_file_ref idref="fl-13"/>
      </object_component>
      <object_component id="oc-152">
         <name>.text:HibernateIntClear</name>
         <load_address>0x2124</load_address>
         <run_address>0x2124</run_address>
         <size>0x14</size>
         <input_file_ref idref="fl-13"/>
      </object_component>
      <object_component id="oc-112">
         <name>.text:HibernateRequest</name>
         <load_address>0x2138</load_address>
         <run_address>0x2138</run_address>
         <size>0x14</size>
         <input_file_ref idref="fl-13"/>
      </object_component>
      <object_component id="oc-175">
         <name>.text:TimerDisable</name>
         <load_address>0x214c</load_address>
         <run_address>0x214c</run_address>
         <size>0x14</size>
         <input_file_ref idref="fl-f"/>
      </object_component>
      <object_component id="oc-1fa">
         <name>.text:UARTEnable</name>
         <load_address>0x2160</load_address>
         <run_address>0x2160</run_address>
         <size>0x14</size>
         <input_file_ref idref="fl-e"/>
      </object_component>
      <object_component id="oc-24d">
         <name>.text</name>
         <load_address>0x2174</load_address>
         <run_address>0x2174</run_address>
         <size>0x14</size>
         <input_file_ref idref="fl-14b"/>
      </object_component>
      <object_component id="oc-d9">
         <name>.text:ADCHardwareOversampleConfigure</name>
         <load_address>0x2188</load_address>
         <run_address>0x2188</run_address>
         <size>0x12</size>
         <input_file_ref idref="fl-16"/>
      </object_component>
      <object_component id="oc-ca">
         <name>.text:GPIOPinTypeADC</name>
         <load_address>0x219a</load_address>
         <run_address>0x219a</run_address>
         <size>0x12</size>
         <input_file_ref idref="fl-14"/>
      </object_component>
      <object_component id="oc-6b">
         <name>.text:GPIOPinTypeGPIOInput</name>
         <load_address>0x21ac</load_address>
         <run_address>0x21ac</run_address>
         <size>0x12</size>
         <input_file_ref idref="fl-14"/>
      </object_component>
      <object_component id="oc-7f">
         <name>.text:GPIOPinTypeI2C</name>
         <load_address>0x21be</load_address>
         <run_address>0x21be</run_address>
         <size>0x12</size>
         <input_file_ref idref="fl-14"/>
      </object_component>
      <object_component id="oc-7a">
         <name>.text:GPIOPinTypeI2CSCL</name>
         <load_address>0x21d0</load_address>
         <run_address>0x21d0</run_address>
         <size>0x12</size>
         <input_file_ref idref="fl-14"/>
      </object_component>
      <object_component id="oc-ad">
         <name>.text:GPIOPinTypeUART</name>
         <load_address>0x21e2</load_address>
         <run_address>0x21e2</run_address>
         <size>0x12</size>
         <input_file_ref idref="fl-14"/>
      </object_component>
      <object_component id="oc-123">
         <name>.text:TimerLoadSet</name>
         <load_address>0x21f4</load_address>
         <run_address>0x21f4</run_address>
         <size>0x12</size>
         <input_file_ref idref="fl-f"/>
      </object_component>
      <object_component id="oc-19">
         <name>.text:decompress:ZI</name>
         <load_address>0x2206</load_address>
         <run_address>0x2206</run_address>
         <size>0x12</size>
         <input_file_ref idref="fl-143"/>
      </object_component>
      <object_component id="oc-224">
         <name>.text:_HibernateWriteComplete</name>
         <load_address>0x2218</load_address>
         <run_address>0x2218</run_address>
         <size>0x10</size>
         <input_file_ref idref="fl-13"/>
      </object_component>
      <object_component id="oc-e8">
         <name>.text:ADCSequenceEnable</name>
         <load_address>0x2228</load_address>
         <run_address>0x2228</run_address>
         <size>0xe</size>
         <input_file_ref idref="fl-16"/>
      </object_component>
      <object_component id="oc-15b">
         <name>.text:GPIOIntDisable</name>
         <load_address>0x2236</load_address>
         <run_address>0x2236</run_address>
         <size>0xe</size>
         <input_file_ref idref="fl-14"/>
      </object_component>
      <object_component id="oc-10d">
         <name>.text:TimerEnable</name>
         <load_address>0x2244</load_address>
         <run_address>0x2244</run_address>
         <size>0xe</size>
         <input_file_ref idref="fl-f"/>
      </object_component>
      <object_component id="oc-14">
         <name>.text:decompress:none</name>
         <load_address>0x2252</load_address>
         <run_address>0x2252</run_address>
         <size>0xe</size>
         <input_file_ref idref="fl-141"/>
      </object_component>
      <object_component id="oc-21c">
         <name>.text:CPUcpsid</name>
         <load_address>0x2260</load_address>
         <run_address>0x2260</run_address>
         <size>0xc</size>
         <input_file_ref idref="fl-15"/>
      </object_component>
      <object_component id="oc-216">
         <name>.text:CPUcpsie</name>
         <load_address>0x226c</load_address>
         <run_address>0x226c</run_address>
         <size>0xc</size>
         <input_file_ref idref="fl-15"/>
      </object_component>
      <object_component id="oc-16a">
         <name>.text:GPIOIntEnable</name>
         <load_address>0x2278</load_address>
         <run_address>0x2278</run_address>
         <size>0xc</size>
         <input_file_ref idref="fl-14"/>
      </object_component>
      <object_component id="oc-ed">
         <name>.text:ADCIntClear</name>
         <load_address>0x2284</load_address>
         <run_address>0x2284</run_address>
         <size>0xa</size>
         <input_file_ref idref="fl-16"/>
      </object_component>
      <object_component id="oc-1e7">
         <name>.text:I2CMasterEnable</name>
         <load_address>0x228e</load_address>
         <run_address>0x228e</run_address>
         <size>0xa</size>
         <input_file_ref idref="fl-12"/>
      </object_component>
      <object_component id="oc-108">
         <name>.text:IntMasterDisable</name>
         <load_address>0x2298</load_address>
         <run_address>0x2298</run_address>
         <size>0xa</size>
         <input_file_ref idref="fl-11"/>
      </object_component>
      <object_component id="oc-103">
         <name>.text:IntMasterEnable</name>
         <load_address>0x22a2</load_address>
         <run_address>0x22a2</run_address>
         <size>0xa</size>
         <input_file_ref idref="fl-11"/>
      </object_component>
      <object_component id="oc-60">
         <name>.text:UARTCharPut</name>
         <load_address>0x22ac</load_address>
         <run_address>0x22ac</run_address>
         <size>0xa</size>
         <input_file_ref idref="fl-e"/>
      </object_component>
      <object_component id="oc-a3">
         <name>.text:I2CMasterBusy</name>
         <load_address>0x22b6</load_address>
         <run_address>0x22b6</run_address>
         <size>0x8</size>
         <input_file_ref idref="fl-12"/>
      </object_component>
      <object_component id="oc-8f">
         <name>.text:I2CMasterSlaveAddrSet</name>
         <load_address>0x22be</load_address>
         <run_address>0x22be</run_address>
         <size>0x8</size>
         <input_file_ref idref="fl-12"/>
      </object_component>
      <object_component id="oc-12d">
         <name>.text:TimerIntEnable</name>
         <load_address>0x22c6</load_address>
         <run_address>0x22c6</run_address>
         <size>0x8</size>
         <input_file_ref idref="fl-f"/>
      </object_component>
      <object_component id="oc-165">
         <name>.text:GPIOIntClear</name>
         <load_address>0x22ce</load_address>
         <run_address>0x22ce</run_address>
         <size>0x6</size>
         <input_file_ref idref="fl-14"/>
      </object_component>
      <object_component id="oc-170">
         <name>.text:GPIOPinRead</name>
         <load_address>0x22d4</load_address>
         <run_address>0x22d4</run_address>
         <size>0x6</size>
         <input_file_ref idref="fl-14"/>
      </object_component>
      <object_component id="oc-d4">
         <name>.text:GPIOPinWrite</name>
         <load_address>0x22da</load_address>
         <run_address>0x22da</run_address>
         <size>0x6</size>
         <input_file_ref idref="fl-14"/>
      </object_component>
      <object_component id="oc-8e">
         <name>.text:SysCtlDelay</name>
         <load_address>0x22e0</load_address>
         <run_address>0x22e0</run_address>
         <size>0x6</size>
         <input_file_ref idref="fl-10"/>
      </object_component>
      <object_component id="oc-1e">
         <name>.text:decompress:rle24</name>
         <load_address>0x22e6</load_address>
         <run_address>0x22e6</run_address>
         <size>0x6</size>
         <input_file_ref idref="fl-142"/>
      </object_component>
      <object_component id="oc-94">
         <name>.text:I2CMasterControl</name>
         <load_address>0x22ec</load_address>
         <run_address>0x22ec</run_address>
         <size>0x4</size>
         <input_file_ref idref="fl-12"/>
      </object_component>
      <object_component id="oc-99">
         <name>.text:I2CMasterDataGet</name>
         <load_address>0x22f0</load_address>
         <run_address>0x22f0</run_address>
         <size>0x4</size>
         <input_file_ref idref="fl-12"/>
      </object_component>
      <object_component id="oc-9e">
         <name>.text:I2CMasterDataPut</name>
         <load_address>0x22f4</load_address>
         <run_address>0x22f4</run_address>
         <size>0x4</size>
         <input_file_ref idref="fl-12"/>
      </object_component>
      <object_component id="oc-134">
         <name>.text:TimerIntClear</name>
         <load_address>0x22f8</load_address>
         <run_address>0x22f8</run_address>
         <size>0x4</size>
         <input_file_ref idref="fl-f"/>
      </object_component>
      <object_component id="oc-1e4">
         <name>.const:g_pui32GPIOBaseAddrs</name>
         <load_address>0x22fc</load_address>
         <run_address>0x22fc</run_address>
         <size>0x90</size>
         <input_file_ref idref="fl-14"/>
      </object_component>
      <object_component id="oc-22f">
         <name>.const</name>
         <load_address>0x238c</load_address>
         <run_address>0x238c</run_address>
         <size>0x70</size>
         <input_file_ref idref="fl-11"/>
      </object_component>
      <object_component id="oc-1d5">
         <name>.const:g_pui32Xtals</name>
         <load_address>0x23fc</load_address>
         <run_address>0x23fc</run_address>
         <size>0x6c</size>
         <input_file_ref idref="fl-10"/>
      </object_component>
      <object_component id="oc-101">
         <name>.const:.string</name>
         <load_address>0x2468</load_address>
         <run_address>0x2468</run_address>
         <size>0xf</size>
         <input_file_ref idref="fl-8"/>
      </object_component>
      <object_component id="oc-2a6">
         <name>.cinit..data.load</name>
         <load_address>0x2478</load_address>
         <run_address>0x2478</run_address>
         <size>0x81</size>
      </object_component>
      <object_component id="oc-2a4">
         <name>__TI_handler_table</name>
         <load_address>0x24fc</load_address>
         <run_address>0x24fc</run_address>
         <size>0xc</size>
      </object_component>
      <object_component id="oc-2a7">
         <name>.cinit..bss.load</name>
         <load_address>0x2508</load_address>
         <run_address>0x2508</run_address>
         <size>0x8</size>
      </object_component>
      <object_component id="oc-2a5">
         <name>__TI_cinit_table</name>
         <load_address>0x2510</load_address>
         <run_address>0x2510</run_address>
         <size>0x10</size>
      </object_component>
      <object_component id="oc-3f">
         <name>.data</name>
         <load_address>0x20000894</load_address>
         <run_address>0x20000894</run_address>
         <size>0x4</size>
         <input_file_ref idref="fl-149"/>
      </object_component>
      <object_component id="oc-157">
         <name>.data</name>
         <load_address>0x20000800</load_address>
         <run_address>0x20000800</run_address>
         <size>0x84</size>
         <input_file_ref idref="fl-8"/>
      </object_component>
      <object_component id="oc-1af">
         <name>.data</name>
         <load_address>0x20000884</load_address>
         <run_address>0x20000884</run_address>
         <size>0x8</size>
         <input_file_ref idref="fl-14b"/>
      </object_component>
      <object_component id="oc-1b1">
         <name>.data</name>
         <load_address>0x2000088c</load_address>
         <run_address>0x2000088c</run_address>
         <size>0x8</size>
         <input_file_ref idref="fl-144"/>
      </object_component>
      <object_component id="oc-b7">
         <name>.common:clock</name>
         <uninitialized>true</uninitialized>
         <run_address>0x200008b8</run_address>
         <size>0x4</size>
      </object_component>
      <object_component id="oc-11c">
         <name>.common:status</name>
         <uninitialized>true</uninitialized>
         <run_address>0x200008b7</run_address>
         <size>0x1</size>
      </object_component>
      <object_component id="oc-132">
         <name>.common:humidity</name>
         <uninitialized>true</uninitialized>
         <run_address>0x200008b6</run_address>
         <size>0x1</size>
      </object_component>
      <object_component id="oc-133">
         <name>.common:temperature</name>
         <uninitialized>true</uninitialized>
         <run_address>0x200008d0</run_address>
         <size>0x1</size>
      </object_component>
      <object_component id="oc-16f">
         <name>.common:clockTime</name>
         <uninitialized>true</uninitialized>
         <run_address>0x200008bc</run_address>
         <size>0x4</size>
      </object_component>
      <object_component id="oc-183">
         <name>.common:dateTime</name>
         <uninitialized>true</uninitialized>
         <run_address>0x200008a8</run_address>
         <size>0xe</size>
      </object_component>
      <object_component id="oc-17e">
         <name>.common:ui32ADC0Value</name>
         <uninitialized>true</uninitialized>
         <run_address>0x20000898</run_address>
         <size>0x10</size>
      </object_component>
      <object_component id="oc-17b">
         <name>.common:ui32TempAvg</name>
         <uninitialized>true</uninitialized>
         <run_address>0x200008c4</run_address>
         <size>0x4</size>
      </object_component>
      <object_component id="oc-17f">
         <name>.common:ui32TempValueC</name>
         <uninitialized>true</uninitialized>
         <run_address>0x200008c8</run_address>
         <size>0x4</size>
      </object_component>
      <object_component id="oc-184">
         <name>.common:ui32TempValueF</name>
         <uninitialized>true</uninitialized>
         <run_address>0x200008cc</run_address>
         <size>0x4</size>
      </object_component>
      <object_component id="oc-185">
         <name>.common:ui32MoistureAvg</name>
         <uninitialized>true</uninitialized>
         <run_address>0x200008c0</run_address>
         <size>0x4</size>
      </object_component>
      <object_component id="oc-23">
         <name>.stack</name>
         <uninitialized>true</uninitialized>
         <run_address>0x20000000</run_address>
         <size>0x0</size>
         <input_file_ref idref="fl-140"/>
      </object_component>
      <object_component id="oc-2a8">
         <name>.stack</name>
         <uninitialized>true</uninitialized>
         <run_address>0x20000000</run_address>
         <size>0x0</size>
      </object_component>
      <object_component id="oc-f">
         <name>.debug_info</name>
         <load_address>0x0</load_address>
         <run_address>0x0</run_address>
         <size>0xf2</size>
         <input_file_ref idref="fl-7"/>
      </object_component>
      <object_component id="oc-13">
         <name>.debug_info</name>
         <load_address>0xf2</load_address>
         <run_address>0xf2</run_address>
         <size>0xf3</size>
         <input_file_ref idref="fl-140"/>
      </object_component>
      <object_component id="oc-18">
         <name>.debug_info</name>
         <load_address>0x1e5</load_address>
         <run_address>0x1e5</run_address>
         <size>0x194</size>
         <input_file_ref idref="fl-141"/>
      </object_component>
      <object_component id="oc-1a">
         <name>.debug_info</name>
         <load_address>0x379</load_address>
         <run_address>0x379</run_address>
         <size>0x16a</size>
         <input_file_ref idref="fl-143"/>
      </object_component>
      <object_component id="oc-1f">
         <name>.debug_info</name>
         <load_address>0x4e3</load_address>
         <run_address>0x4e3</run_address>
         <size>0x18e</size>
         <input_file_ref idref="fl-142"/>
      </object_component>
      <object_component id="oc-25">
         <name>.debug_info</name>
         <load_address>0x671</load_address>
         <run_address>0x671</run_address>
         <size>0x5b9</size>
         <input_file_ref idref="fl-7"/>
      </object_component>
      <object_component id="oc-2a">
         <name>.debug_info</name>
         <load_address>0xc2a</load_address>
         <run_address>0xc2a</run_address>
         <size>0x2cf1</size>
         <input_file_ref idref="fl-8"/>
      </object_component>
      <object_component id="oc-30">
         <name>.debug_info</name>
         <load_address>0x391b</load_address>
         <run_address>0x391b</run_address>
         <size>0x1aa</size>
         <input_file_ref idref="fl-7"/>
      </object_component>
      <object_component id="oc-34">
         <name>.debug_info</name>
         <load_address>0x3ac5</load_address>
         <run_address>0x3ac5</run_address>
         <size>0x13d</size>
         <input_file_ref idref="fl-14d"/>
      </object_component>
      <object_component id="oc-37">
         <name>.debug_info</name>
         <load_address>0x3c02</load_address>
         <run_address>0x3c02</run_address>
         <size>0x11c</size>
         <input_file_ref idref="fl-14c"/>
      </object_component>
      <object_component id="oc-3d">
         <name>.debug_info</name>
         <load_address>0x3d1e</load_address>
         <run_address>0x3d1e</run_address>
         <size>0x1c2</size>
         <input_file_ref idref="fl-144"/>
      </object_component>
      <object_component id="oc-40">
         <name>.debug_info</name>
         <load_address>0x3ee0</load_address>
         <run_address>0x3ee0</run_address>
         <size>0xbe</size>
         <input_file_ref idref="fl-149"/>
      </object_component>
      <object_component id="oc-43">
         <name>.debug_info</name>
         <load_address>0x3f9e</load_address>
         <run_address>0x3f9e</run_address>
         <size>0xcc</size>
         <input_file_ref idref="fl-148"/>
      </object_component>
      <object_component id="oc-47">
         <name>.debug_info</name>
         <load_address>0x406a</load_address>
         <run_address>0x406a</run_address>
         <size>0x46</size>
         <input_file_ref idref="fl-141"/>
      </object_component>
      <object_component id="oc-4c">
         <name>.debug_info</name>
         <load_address>0x40b0</load_address>
         <run_address>0x40b0</run_address>
         <size>0xf2</size>
         <input_file_ref idref="fl-141"/>
      </object_component>
      <object_component id="oc-4e">
         <name>.debug_info</name>
         <load_address>0x41a2</load_address>
         <run_address>0x41a2</run_address>
         <size>0x46</size>
         <input_file_ref idref="fl-143"/>
      </object_component>
      <object_component id="oc-53">
         <name>.debug_info</name>
         <load_address>0x41e8</load_address>
         <run_address>0x41e8</run_address>
         <size>0xad</size>
         <input_file_ref idref="fl-143"/>
      </object_component>
      <object_component id="oc-55">
         <name>.debug_info</name>
         <load_address>0x4295</load_address>
         <run_address>0x4295</run_address>
         <size>0x1ef</size>
         <input_file_ref idref="fl-142"/>
      </object_component>
      <object_component id="oc-5a">
         <name>.debug_info</name>
         <load_address>0x4484</load_address>
         <run_address>0x4484</run_address>
         <size>0xb7</size>
         <input_file_ref idref="fl-142"/>
      </object_component>
      <object_component id="oc-5b">
         <name>.debug_info</name>
         <load_address>0x453b</load_address>
         <run_address>0x453b</run_address>
         <size>0x39</size>
         <input_file_ref idref="fl-142"/>
      </object_component>
      <object_component id="oc-61">
         <name>.debug_info</name>
         <load_address>0x4574</load_address>
         <run_address>0x4574</run_address>
         <size>0x25d</size>
         <input_file_ref idref="fl-e"/>
      </object_component>
      <object_component id="oc-67">
         <name>.debug_info</name>
         <load_address>0x47d1</load_address>
         <run_address>0x47d1</run_address>
         <size>0x219</size>
         <input_file_ref idref="fl-10"/>
      </object_component>
      <object_component id="oc-6d">
         <name>.debug_info</name>
         <load_address>0x49ea</load_address>
         <run_address>0x49ea</run_address>
         <size>0x1e9</size>
         <input_file_ref idref="fl-14"/>
      </object_component>
      <object_component id="oc-72">
         <name>.debug_info</name>
         <load_address>0x4bd3</load_address>
         <run_address>0x4bd3</run_address>
         <size>0x312</size>
         <input_file_ref idref="fl-14"/>
      </object_component>
      <object_component id="oc-76">
         <name>.debug_info</name>
         <load_address>0x4ee5</load_address>
         <run_address>0x4ee5</run_address>
         <size>0x1e1</size>
         <input_file_ref idref="fl-10"/>
      </object_component>
      <object_component id="oc-7c">
         <name>.debug_info</name>
         <load_address>0x50c6</load_address>
         <run_address>0x50c6</run_address>
         <size>0x1e3</size>
         <input_file_ref idref="fl-14"/>
      </object_component>
      <object_component id="oc-81">
         <name>.debug_info</name>
         <load_address>0x52a9</load_address>
         <run_address>0x52a9</run_address>
         <size>0x1dd</size>
         <input_file_ref idref="fl-14"/>
      </object_component>
      <object_component id="oc-85">
         <name>.debug_info</name>
         <load_address>0x5486</load_address>
         <run_address>0x5486</run_address>
         <size>0x1e4</size>
         <input_file_ref idref="fl-14"/>
      </object_component>
      <object_component id="oc-8a">
         <name>.debug_info</name>
         <load_address>0x566a</load_address>
         <run_address>0x566a</run_address>
         <size>0x24c</size>
         <input_file_ref idref="fl-12"/>
      </object_component>
      <object_component id="oc-90">
         <name>.debug_info</name>
         <load_address>0x58b6</load_address>
         <run_address>0x58b6</run_address>
         <size>0x232</size>
         <input_file_ref idref="fl-12"/>
      </object_component>
      <object_component id="oc-95">
         <name>.debug_info</name>
         <load_address>0x5ae8</load_address>
         <run_address>0x5ae8</run_address>
         <size>0x1e2</size>
         <input_file_ref idref="fl-12"/>
      </object_component>
      <object_component id="oc-9a">
         <name>.debug_info</name>
         <load_address>0x5cca</load_address>
         <run_address>0x5cca</run_address>
         <size>0x1b8</size>
         <input_file_ref idref="fl-12"/>
      </object_component>
      <object_component id="oc-9f">
         <name>.debug_info</name>
         <load_address>0x5e82</load_address>
         <run_address>0x5e82</run_address>
         <size>0x1e2</size>
         <input_file_ref idref="fl-12"/>
      </object_component>
      <object_component id="oc-a5">
         <name>.debug_info</name>
         <load_address>0x6064</load_address>
         <run_address>0x6064</run_address>
         <size>0x1b2</size>
         <input_file_ref idref="fl-12"/>
      </object_component>
      <object_component id="oc-a9">
         <name>.debug_info</name>
         <load_address>0x6216</load_address>
         <run_address>0x6216</run_address>
         <size>0x1cd</size>
         <input_file_ref idref="fl-12"/>
      </object_component>
      <object_component id="oc-af">
         <name>.debug_info</name>
         <load_address>0x63e3</load_address>
         <run_address>0x63e3</run_address>
         <size>0x1df</size>
         <input_file_ref idref="fl-14"/>
      </object_component>
      <object_component id="oc-b5">
         <name>.debug_info</name>
         <load_address>0x65c2</load_address>
         <run_address>0x65c2</run_address>
         <size>0x28a</size>
         <input_file_ref idref="fl-e"/>
      </object_component>
      <object_component id="oc-b8">
         <name>.debug_info</name>
         <load_address>0x684c</load_address>
         <run_address>0x684c</run_address>
         <size>0xdd</size>
         <input_file_ref idref="fl-3"/>
      </object_component>
      <object_component id="oc-b9">
         <name>.debug_info</name>
         <load_address>0x6929</load_address>
         <run_address>0x6929</run_address>
         <size>0xdf7</size>
         <input_file_ref idref="fl-8"/>
      </object_component>
      <object_component id="oc-bc">
         <name>.debug_info</name>
         <load_address>0x7720</load_address>
         <run_address>0x7720</run_address>
         <size>0xe1</size>
         <input_file_ref idref="fl-14a"/>
      </object_component>
      <object_component id="oc-bf">
         <name>.debug_info</name>
         <load_address>0x7801</load_address>
         <run_address>0x7801</run_address>
         <size>0xed</size>
         <input_file_ref idref="fl-146"/>
      </object_component>
      <object_component id="oc-c4">
         <name>.debug_info</name>
         <load_address>0x78ee</load_address>
         <run_address>0x78ee</run_address>
         <size>0xff</size>
         <input_file_ref idref="fl-145"/>
      </object_component>
      <object_component id="oc-c7">
         <name>.debug_info</name>
         <load_address>0x79ed</load_address>
         <run_address>0x79ed</run_address>
         <size>0xe1</size>
         <input_file_ref idref="fl-147"/>
      </object_component>
      <object_component id="oc-cb">
         <name>.debug_info</name>
         <load_address>0x7ace</load_address>
         <run_address>0x7ace</run_address>
         <size>0x1dd</size>
         <input_file_ref idref="fl-14"/>
      </object_component>
      <object_component id="oc-d1">
         <name>.debug_info</name>
         <load_address>0x7cab</load_address>
         <run_address>0x7cab</run_address>
         <size>0x1eb</size>
         <input_file_ref idref="fl-14"/>
      </object_component>
      <object_component id="oc-d5">
         <name>.debug_info</name>
         <load_address>0x7e96</load_address>
         <run_address>0x7e96</run_address>
         <size>0x207</size>
         <input_file_ref idref="fl-14"/>
      </object_component>
      <object_component id="oc-da">
         <name>.debug_info</name>
         <load_address>0x809d</load_address>
         <run_address>0x809d</run_address>
         <size>0x2b4</size>
         <input_file_ref idref="fl-16"/>
      </object_component>
      <object_component id="oc-df">
         <name>.debug_info</name>
         <load_address>0x8351</load_address>
         <run_address>0x8351</run_address>
         <size>0x28a</size>
         <input_file_ref idref="fl-16"/>
      </object_component>
      <object_component id="oc-e5">
         <name>.debug_info</name>
         <load_address>0x85db</load_address>
         <run_address>0x85db</run_address>
         <size>0x297</size>
         <input_file_ref idref="fl-16"/>
      </object_component>
      <object_component id="oc-ea">
         <name>.debug_info</name>
         <load_address>0x8872</load_address>
         <run_address>0x8872</run_address>
         <size>0x204</size>
         <input_file_ref idref="fl-16"/>
      </object_component>
      <object_component id="oc-ee">
         <name>.debug_info</name>
         <load_address>0x8a76</load_address>
         <run_address>0x8a76</run_address>
         <size>0x1f8</size>
         <input_file_ref idref="fl-16"/>
      </object_component>
      <object_component id="oc-f3">
         <name>.debug_info</name>
         <load_address>0x8c6e</load_address>
         <run_address>0x8c6e</run_address>
         <size>0x208</size>
         <input_file_ref idref="fl-16"/>
      </object_component>
      <object_component id="oc-f8">
         <name>.debug_info</name>
         <load_address>0x8e76</load_address>
         <run_address>0x8e76</run_address>
         <size>0x245</size>
         <input_file_ref idref="fl-16"/>
      </object_component>
      <object_component id="oc-fe">
         <name>.debug_info</name>
         <load_address>0x90bb</load_address>
         <run_address>0x90bb</run_address>
         <size>0x2fb</size>
         <input_file_ref idref="fl-16"/>
      </object_component>
      <object_component id="oc-102">
         <name>.debug_info</name>
         <load_address>0x93b6</load_address>
         <run_address>0x93b6</run_address>
         <size>0xf1</size>
         <input_file_ref idref="fl-8"/>
      </object_component>
      <object_component id="oc-105">
         <name>.debug_info</name>
         <load_address>0x94a7</load_address>
         <run_address>0x94a7</run_address>
         <size>0x1a2</size>
         <input_file_ref idref="fl-11"/>
      </object_component>
      <object_component id="oc-10a">
         <name>.debug_info</name>
         <load_address>0x9649</load_address>
         <run_address>0x9649</run_address>
         <size>0x1a4</size>
         <input_file_ref idref="fl-11"/>
      </object_component>
      <object_component id="oc-10e">
         <name>.debug_info</name>
         <load_address>0x97ed</load_address>
         <run_address>0x97ed</run_address>
         <size>0x1e3</size>
         <input_file_ref idref="fl-f"/>
      </object_component>
      <object_component id="oc-113">
         <name>.debug_info</name>
         <load_address>0x99d0</load_address>
         <run_address>0x99d0</run_address>
         <size>0x1ad</size>
         <input_file_ref idref="fl-13"/>
      </object_component>
      <object_component id="oc-118">
         <name>.debug_info</name>
         <load_address>0x9b7d</load_address>
         <run_address>0x9b7d</run_address>
         <size>0x363</size>
         <input_file_ref idref="fl-10"/>
      </object_component>
      <object_component id="oc-11d">
         <name>.debug_info</name>
         <load_address>0x9ee0</load_address>
         <run_address>0x9ee0</run_address>
         <size>0x12b</size>
         <input_file_ref idref="fl-4"/>
      </object_component>
      <object_component id="oc-11f">
         <name>.debug_info</name>
         <load_address>0xa00b</load_address>
         <run_address>0xa00b</run_address>
         <size>0x1f0</size>
         <input_file_ref idref="fl-f"/>
      </object_component>
      <object_component id="oc-124">
         <name>.debug_info</name>
         <load_address>0xa1fb</load_address>
         <run_address>0xa1fb</run_address>
         <size>0x21e</size>
         <input_file_ref idref="fl-f"/>
      </object_component>
      <object_component id="oc-129">
         <name>.debug_info</name>
         <load_address>0xa419</load_address>
         <run_address>0xa419</run_address>
         <size>0x1cc</size>
         <input_file_ref idref="fl-11"/>
      </object_component>
      <object_component id="oc-12e">
         <name>.debug_info</name>
         <load_address>0xa5e5</load_address>
         <run_address>0xa5e5</run_address>
         <size>0x1f8</size>
         <input_file_ref idref="fl-f"/>
      </object_component>
      <object_component id="oc-135">
         <name>.debug_info</name>
         <load_address>0xa7dd</load_address>
         <run_address>0xa7dd</run_address>
         <size>0x1f6</size>
         <input_file_ref idref="fl-f"/>
      </object_component>
      <object_component id="oc-13a">
         <name>.debug_info</name>
         <load_address>0xa9d3</load_address>
         <run_address>0xa9d3</run_address>
         <size>0x1d1</size>
         <input_file_ref idref="fl-13"/>
      </object_component>
      <object_component id="oc-13f">
         <name>.debug_info</name>
         <load_address>0xaba4</load_address>
         <run_address>0xaba4</run_address>
         <size>0x20f</size>
         <input_file_ref idref="fl-13"/>
      </object_component>
      <object_component id="oc-144">
         <name>.debug_info</name>
         <load_address>0xadb3</load_address>
         <run_address>0xadb3</run_address>
         <size>0x1c5</size>
         <input_file_ref idref="fl-13"/>
      </object_component>
      <object_component id="oc-149">
         <name>.debug_info</name>
         <load_address>0xaf78</load_address>
         <run_address>0xaf78</run_address>
         <size>0x2a1</size>
         <input_file_ref idref="fl-13"/>
      </object_component>
      <object_component id="oc-14e">
         <name>.debug_info</name>
         <load_address>0xb219</load_address>
         <run_address>0xb219</run_address>
         <size>0x1ca</size>
         <input_file_ref idref="fl-13"/>
      </object_component>
      <object_component id="oc-153">
         <name>.debug_info</name>
         <load_address>0xb3e3</load_address>
         <run_address>0xb3e3</run_address>
         <size>0x1f1</size>
         <input_file_ref idref="fl-13"/>
      </object_component>
      <object_component id="oc-158">
         <name>.debug_info</name>
         <load_address>0xb5d4</load_address>
         <run_address>0xb5d4</run_address>
         <size>0x23a</size>
         <input_file_ref idref="fl-8"/>
      </object_component>
      <object_component id="oc-15c">
         <name>.debug_info</name>
         <load_address>0xb80e</load_address>
         <run_address>0xb80e</run_address>
         <size>0x1f5</size>
         <input_file_ref idref="fl-14"/>
      </object_component>
      <object_component id="oc-161">
         <name>.debug_info</name>
         <load_address>0xba03</load_address>
         <run_address>0xba03</run_address>
         <size>0x21f</size>
         <input_file_ref idref="fl-14"/>
      </object_component>
      <object_component id="oc-166">
         <name>.debug_info</name>
         <load_address>0xbc22</load_address>
         <run_address>0xbc22</run_address>
         <size>0x1f1</size>
         <input_file_ref idref="fl-14"/>
      </object_component>
      <object_component id="oc-16b">
         <name>.debug_info</name>
         <load_address>0xbe13</load_address>
         <run_address>0xbe13</run_address>
         <size>0x1f3</size>
         <input_file_ref idref="fl-14"/>
      </object_component>
      <object_component id="oc-171">
         <name>.debug_info</name>
         <load_address>0xc006</load_address>
         <run_address>0xc006</run_address>
         <size>0x1df</size>
         <input_file_ref idref="fl-14"/>
      </object_component>
      <object_component id="oc-176">
         <name>.debug_info</name>
         <load_address>0xc1e5</load_address>
         <run_address>0xc1e5</run_address>
         <size>0x1e5</size>
         <input_file_ref idref="fl-f"/>
      </object_component>
      <object_component id="oc-187">
         <name>.debug_info</name>
         <load_address>0xc3ca</load_address>
         <run_address>0xc3ca</run_address>
         <size>0x84</size>
         <input_file_ref idref="fl-2"/>
      </object_component>
      <object_component id="oc-18c">
         <name>.debug_info</name>
         <load_address>0xc44e</load_address>
         <run_address>0xc44e</run_address>
         <size>0x16f</size>
         <input_file_ref idref="fl-8"/>
      </object_component>
      <object_component id="oc-191">
         <name>.debug_info</name>
         <load_address>0xc5bd</load_address>
         <run_address>0xc5bd</run_address>
         <size>0x18b</size>
         <input_file_ref idref="fl-2"/>
      </object_component>
      <object_component id="oc-196">
         <name>.debug_info</name>
         <load_address>0xc748</load_address>
         <run_address>0xc748</run_address>
         <size>0xc2</size>
         <input_file_ref idref="fl-5"/>
      </object_component>
      <object_component id="oc-19b">
         <name>.debug_info</name>
         <load_address>0xc80a</load_address>
         <run_address>0xc80a</run_address>
         <size>0x5a</size>
         <input_file_ref idref="fl-4"/>
      </object_component>
      <object_component id="oc-1a0">
         <name>.debug_info</name>
         <load_address>0xc864</load_address>
         <run_address>0xc864</run_address>
         <size>0x2c</size>
         <input_file_ref idref="fl-2"/>
      </object_component>
      <object_component id="oc-1a8">
         <name>.debug_info</name>
         <load_address>0xc890</load_address>
         <run_address>0xc890</run_address>
         <size>0x14b</size>
         <input_file_ref idref="fl-14e"/>
      </object_component>
      <object_component id="oc-1ae">
         <name>.debug_info</name>
         <load_address>0xc9db</load_address>
         <run_address>0xc9db</run_address>
         <size>0x11b</size>
         <input_file_ref idref="fl-14c"/>
      </object_component>
      <object_component id="oc-1b0">
         <name>.debug_info</name>
         <load_address>0xcaf6</load_address>
         <run_address>0xcaf6</run_address>
         <size>0xc8</size>
         <input_file_ref idref="fl-14b"/>
      </object_component>
      <object_component id="oc-1b2">
         <name>.debug_info</name>
         <load_address>0xcbbe</load_address>
         <run_address>0xcbbe</run_address>
         <size>0xeb</size>
         <input_file_ref idref="fl-144"/>
      </object_component>
      <object_component id="oc-1b4">
         <name>.debug_info</name>
         <load_address>0xcca9</load_address>
         <run_address>0xcca9</run_address>
         <size>0x146</size>
         <input_file_ref idref="fl-144"/>
      </object_component>
      <object_component id="oc-1b8">
         <name>.debug_info</name>
         <load_address>0xcdef</load_address>
         <run_address>0xcdef</run_address>
         <size>0x2c</size>
         <input_file_ref idref="fl-141"/>
      </object_component>
      <object_component id="oc-1bf">
         <name>.debug_info</name>
         <load_address>0xce1b</load_address>
         <run_address>0xce1b</run_address>
         <size>0x2c</size>
         <input_file_ref idref="fl-2"/>
      </object_component>
      <object_component id="oc-1ca">
         <name>.debug_info</name>
         <load_address>0xce47</load_address>
         <run_address>0xce47</run_address>
         <size>0x18b</size>
         <input_file_ref idref="fl-e"/>
      </object_component>
      <object_component id="oc-1cf">
         <name>.debug_info</name>
         <load_address>0xcfd2</load_address>
         <run_address>0xcfd2</run_address>
         <size>0x90</size>
         <input_file_ref idref="fl-e"/>
      </object_component>
      <object_component id="oc-1d4">
         <name>.debug_info</name>
         <load_address>0xd062</load_address>
         <run_address>0xd062</run_address>
         <size>0x1ce</size>
         <input_file_ref idref="fl-e"/>
      </object_component>
      <object_component id="oc-1d6">
         <name>.debug_info</name>
         <load_address>0xd230</load_address>
         <run_address>0xd230</run_address>
         <size>0xff</size>
         <input_file_ref idref="fl-10"/>
      </object_component>
      <object_component id="oc-1d9">
         <name>.debug_info</name>
         <load_address>0xd32f</load_address>
         <run_address>0xd32f</run_address>
         <size>0x217</size>
         <input_file_ref idref="fl-14"/>
      </object_component>
      <object_component id="oc-1df">
         <name>.debug_info</name>
         <load_address>0xd546</load_address>
         <run_address>0xd546</run_address>
         <size>0x1d7</size>
         <input_file_ref idref="fl-14"/>
      </object_component>
      <object_component id="oc-1e1">
         <name>.debug_info</name>
         <load_address>0xd71d</load_address>
         <run_address>0xd71d</run_address>
         <size>0x226</size>
         <input_file_ref idref="fl-10"/>
      </object_component>
      <object_component id="oc-1e5">
         <name>.debug_info</name>
         <load_address>0xd943</load_address>
         <run_address>0xd943</run_address>
         <size>0x10d</size>
         <input_file_ref idref="fl-14"/>
      </object_component>
      <object_component id="oc-1e8">
         <name>.debug_info</name>
         <load_address>0xda50</load_address>
         <run_address>0xda50</run_address>
         <size>0x1b2</size>
         <input_file_ref idref="fl-12"/>
      </object_component>
      <object_component id="oc-1ed">
         <name>.debug_info</name>
         <load_address>0xdc02</load_address>
         <run_address>0xdc02</run_address>
         <size>0x1d8</size>
         <input_file_ref idref="fl-12"/>
      </object_component>
      <object_component id="oc-1f8">
         <name>.debug_info</name>
         <load_address>0xddda</load_address>
         <run_address>0xddda</run_address>
         <size>0x233</size>
         <input_file_ref idref="fl-e"/>
      </object_component>
      <object_component id="oc-1fd">
         <name>.debug_info</name>
         <load_address>0xe00d</load_address>
         <run_address>0xe00d</run_address>
         <size>0x1ab</size>
         <input_file_ref idref="fl-e"/>
      </object_component>
      <object_component id="oc-20c">
         <name>.debug_info</name>
         <load_address>0xe1b8</load_address>
         <run_address>0xe1b8</run_address>
         <size>0x1a8</size>
         <input_file_ref idref="fl-16"/>
      </object_component>
      <object_component id="oc-217">
         <name>.debug_info</name>
         <load_address>0xe360</load_address>
         <run_address>0xe360</run_address>
         <size>0x176</size>
         <input_file_ref idref="fl-15"/>
      </object_component>
      <object_component id="oc-21d">
         <name>.debug_info</name>
         <load_address>0xe4d6</load_address>
         <run_address>0xe4d6</run_address>
         <size>0x173</size>
         <input_file_ref idref="fl-15"/>
      </object_component>
      <object_component id="oc-223">
         <name>.debug_info</name>
         <load_address>0xe649</load_address>
         <run_address>0xe649</run_address>
         <size>0x1cf</size>
         <input_file_ref idref="fl-f"/>
      </object_component>
      <object_component id="oc-225">
         <name>.debug_info</name>
         <load_address>0xe818</load_address>
         <run_address>0xe818</run_address>
         <size>0x227</size>
         <input_file_ref idref="fl-13"/>
      </object_component>
      <object_component id="oc-230">
         <name>.debug_info</name>
         <load_address>0xea3f</load_address>
         <run_address>0xea3f</run_address>
         <size>0x1c2</size>
         <input_file_ref idref="fl-11"/>
      </object_component>
      <object_component id="oc-232">
         <name>.debug_info</name>
         <load_address>0xec01</load_address>
         <run_address>0xec01</run_address>
         <size>0x1ba</size>
         <input_file_ref idref="fl-11"/>
      </object_component>
      <object_component id="oc-237">
         <name>.debug_info</name>
         <load_address>0xedbb</load_address>
         <run_address>0xedbb</run_address>
         <size>0x1b9</size>
         <input_file_ref idref="fl-13"/>
      </object_component>
      <object_component id="oc-245">
         <name>.debug_info</name>
         <load_address>0xef74</load_address>
         <run_address>0xef74</run_address>
         <size>0x148</size>
         <input_file_ref idref="fl-14e"/>
      </object_component>
      <object_component id="oc-248">
         <name>.debug_info</name>
         <load_address>0xf0bc</load_address>
         <run_address>0xf0bc</run_address>
         <size>0x5e</size>
         <input_file_ref idref="fl-14c"/>
      </object_component>
      <object_component id="oc-24e">
         <name>.debug_info</name>
         <load_address>0xf11a</load_address>
         <run_address>0xf11a</run_address>
         <size>0x1d4</size>
         <input_file_ref idref="fl-14b"/>
      </object_component>
      <object_component id="oc-254">
         <name>.debug_info</name>
         <load_address>0xf2ee</load_address>
         <run_address>0xf2ee</run_address>
         <size>0xd9</size>
         <input_file_ref idref="fl-14b"/>
      </object_component>
      <object_component id="oc-262">
         <name>.debug_info</name>
         <load_address>0xf3c7</load_address>
         <run_address>0xf3c7</run_address>
         <size>0x5f</size>
         <input_file_ref idref="fl-10"/>
      </object_component>
      <object_component id="oc-27b">
         <name>.debug_info</name>
         <load_address>0xf426</load_address>
         <run_address>0xf426</run_address>
         <size>0x16f</size>
         <input_file_ref idref="fl-13"/>
      </object_component>
      <object_component id="oc-282">
         <name>.debug_info</name>
         <load_address>0xf595</load_address>
         <run_address>0xf595</run_address>
         <size>0xcd</size>
         <input_file_ref idref="fl-14e"/>
      </object_component>
      <object_component id="oc-2a9">
         <name>.debug_info</name>
         <load_address>0xf662</load_address>
         <run_address>0xf662</run_address>
         <size>0xac</size>
      </object_component>
      <object_component id="oc-11">
         <name>.debug_aranges</name>
         <load_address>0x0</load_address>
         <run_address>0x0</run_address>
         <size>0x20</size>
         <input_file_ref idref="fl-140"/>
      </object_component>
      <object_component id="oc-17">
         <name>.debug_aranges</name>
         <load_address>0x20</load_address>
         <run_address>0x20</run_address>
         <size>0x20</size>
         <input_file_ref idref="fl-141"/>
      </object_component>
      <object_component id="oc-1d">
         <name>.debug_aranges</name>
         <load_address>0x40</load_address>
         <run_address>0x40</run_address>
         <size>0x20</size>
         <input_file_ref idref="fl-143"/>
      </object_component>
      <object_component id="oc-22">
         <name>.debug_aranges</name>
         <load_address>0x60</load_address>
         <run_address>0x60</run_address>
         <size>0x20</size>
         <input_file_ref idref="fl-142"/>
      </object_component>
      <object_component id="oc-28">
         <name>.debug_aranges</name>
         <load_address>0x80</load_address>
         <run_address>0x80</run_address>
         <size>0x38</size>
         <input_file_ref idref="fl-7"/>
      </object_component>
      <object_component id="oc-2d">
         <name>.debug_aranges</name>
         <load_address>0xb8</load_address>
         <run_address>0xb8</run_address>
         <size>0x130</size>
         <input_file_ref idref="fl-8"/>
      </object_component>
      <object_component id="oc-32">
         <name>.debug_aranges</name>
         <load_address>0x1e8</load_address>
         <run_address>0x1e8</run_address>
         <size>0x28</size>
         <input_file_ref idref="fl-14d"/>
      </object_component>
      <object_component id="oc-36">
         <name>.debug_aranges</name>
         <load_address>0x210</load_address>
         <run_address>0x210</run_address>
         <size>0x20</size>
         <input_file_ref idref="fl-14c"/>
      </object_component>
      <object_component id="oc-3e">
         <name>.debug_aranges</name>
         <load_address>0x230</load_address>
         <run_address>0x230</run_address>
         <size>0x30</size>
         <input_file_ref idref="fl-144"/>
      </object_component>
      <object_component id="oc-45">
         <name>.debug_aranges</name>
         <load_address>0x260</load_address>
         <run_address>0x260</run_address>
         <size>0x20</size>
         <input_file_ref idref="fl-148"/>
      </object_component>
      <object_component id="oc-58">
         <name>.debug_aranges</name>
         <load_address>0x280</load_address>
         <run_address>0x280</run_address>
         <size>0x20</size>
         <input_file_ref idref="fl-142"/>
      </object_component>
      <object_component id="oc-64">
         <name>.debug_aranges</name>
         <load_address>0x2a0</load_address>
         <run_address>0x2a0</run_address>
         <size>0x20</size>
         <input_file_ref idref="fl-e"/>
      </object_component>
      <object_component id="oc-6a">
         <name>.debug_aranges</name>
         <load_address>0x2c0</load_address>
         <run_address>0x2c0</run_address>
         <size>0x20</size>
         <input_file_ref idref="fl-10"/>
      </object_component>
      <object_component id="oc-6f">
         <name>.debug_aranges</name>
         <load_address>0x2e0</load_address>
         <run_address>0x2e0</run_address>
         <size>0x20</size>
         <input_file_ref idref="fl-14"/>
      </object_component>
      <object_component id="oc-74">
         <name>.debug_aranges</name>
         <load_address>0x300</load_address>
         <run_address>0x300</run_address>
         <size>0x20</size>
         <input_file_ref idref="fl-14"/>
      </object_component>
      <object_component id="oc-79">
         <name>.debug_aranges</name>
         <load_address>0x320</load_address>
         <run_address>0x320</run_address>
         <size>0x20</size>
         <input_file_ref idref="fl-10"/>
      </object_component>
      <object_component id="oc-7e">
         <name>.debug_aranges</name>
         <load_address>0x340</load_address>
         <run_address>0x340</run_address>
         <size>0x20</size>
         <input_file_ref idref="fl-14"/>
      </object_component>
      <object_component id="oc-83">
         <name>.debug_aranges</name>
         <load_address>0x360</load_address>
         <run_address>0x360</run_address>
         <size>0x20</size>
         <input_file_ref idref="fl-14"/>
      </object_component>
      <object_component id="oc-88">
         <name>.debug_aranges</name>
         <load_address>0x380</load_address>
         <run_address>0x380</run_address>
         <size>0x20</size>
         <input_file_ref idref="fl-14"/>
      </object_component>
      <object_component id="oc-8d">
         <name>.debug_aranges</name>
         <load_address>0x3a0</load_address>
         <run_address>0x3a0</run_address>
         <size>0x20</size>
         <input_file_ref idref="fl-12"/>
      </object_component>
      <object_component id="oc-93">
         <name>.debug_aranges</name>
         <load_address>0x3c0</load_address>
         <run_address>0x3c0</run_address>
         <size>0x20</size>
         <input_file_ref idref="fl-12"/>
      </object_component>
      <object_component id="oc-98">
         <name>.debug_aranges</name>
         <load_address>0x3e0</load_address>
         <run_address>0x3e0</run_address>
         <size>0x20</size>
         <input_file_ref idref="fl-12"/>
      </object_component>
      <object_component id="oc-9d">
         <name>.debug_aranges</name>
         <load_address>0x400</load_address>
         <run_address>0x400</run_address>
         <size>0x20</size>
         <input_file_ref idref="fl-12"/>
      </object_component>
      <object_component id="oc-a2">
         <name>.debug_aranges</name>
         <load_address>0x420</load_address>
         <run_address>0x420</run_address>
         <size>0x20</size>
         <input_file_ref idref="fl-12"/>
      </object_component>
      <object_component id="oc-a7">
         <name>.debug_aranges</name>
         <load_address>0x440</load_address>
         <run_address>0x440</run_address>
         <size>0x20</size>
         <input_file_ref idref="fl-12"/>
      </object_component>
      <object_component id="oc-ac">
         <name>.debug_aranges</name>
         <load_address>0x460</load_address>
         <run_address>0x460</run_address>
         <size>0x20</size>
         <input_file_ref idref="fl-12"/>
      </object_component>
      <object_component id="oc-b1">
         <name>.debug_aranges</name>
         <load_address>0x480</load_address>
         <run_address>0x480</run_address>
         <size>0x20</size>
         <input_file_ref idref="fl-14"/>
      </object_component>
      <object_component id="oc-b3">
         <name>.debug_aranges</name>
         <load_address>0x4a0</load_address>
         <run_address>0x4a0</run_address>
         <size>0x20</size>
         <input_file_ref idref="fl-e"/>
      </object_component>
      <object_component id="oc-bd">
         <name>.debug_aranges</name>
         <load_address>0x4c0</load_address>
         <run_address>0x4c0</run_address>
         <size>0x20</size>
         <input_file_ref idref="fl-14a"/>
      </object_component>
      <object_component id="oc-c1">
         <name>.debug_aranges</name>
         <load_address>0x4e0</load_address>
         <run_address>0x4e0</run_address>
         <size>0x20</size>
         <input_file_ref idref="fl-146"/>
      </object_component>
      <object_component id="oc-c5">
         <name>.debug_aranges</name>
         <load_address>0x500</load_address>
         <run_address>0x500</run_address>
         <size>0x20</size>
         <input_file_ref idref="fl-145"/>
      </object_component>
      <object_component id="oc-c9">
         <name>.debug_aranges</name>
         <load_address>0x520</load_address>
         <run_address>0x520</run_address>
         <size>0x20</size>
         <input_file_ref idref="fl-147"/>
      </object_component>
      <object_component id="oc-ce">
         <name>.debug_aranges</name>
         <load_address>0x540</load_address>
         <run_address>0x540</run_address>
         <size>0x20</size>
         <input_file_ref idref="fl-14"/>
      </object_component>
      <object_component id="oc-d3">
         <name>.debug_aranges</name>
         <load_address>0x560</load_address>
         <run_address>0x560</run_address>
         <size>0x20</size>
         <input_file_ref idref="fl-14"/>
      </object_component>
      <object_component id="oc-d8">
         <name>.debug_aranges</name>
         <load_address>0x580</load_address>
         <run_address>0x580</run_address>
         <size>0x20</size>
         <input_file_ref idref="fl-14"/>
      </object_component>
      <object_component id="oc-dd">
         <name>.debug_aranges</name>
         <load_address>0x5a0</load_address>
         <run_address>0x5a0</run_address>
         <size>0x20</size>
         <input_file_ref idref="fl-16"/>
      </object_component>
      <object_component id="oc-e2">
         <name>.debug_aranges</name>
         <load_address>0x5c0</load_address>
         <run_address>0x5c0</run_address>
         <size>0x20</size>
         <input_file_ref idref="fl-16"/>
      </object_component>
      <object_component id="oc-e7">
         <name>.debug_aranges</name>
         <load_address>0x5e0</load_address>
         <run_address>0x5e0</run_address>
         <size>0x20</size>
         <input_file_ref idref="fl-16"/>
      </object_component>
      <object_component id="oc-ec">
         <name>.debug_aranges</name>
         <load_address>0x600</load_address>
         <run_address>0x600</run_address>
         <size>0x20</size>
         <input_file_ref idref="fl-16"/>
      </object_component>
      <object_component id="oc-f1">
         <name>.debug_aranges</name>
         <load_address>0x620</load_address>
         <run_address>0x620</run_address>
         <size>0x20</size>
         <input_file_ref idref="fl-16"/>
      </object_component>
      <object_component id="oc-f6">
         <name>.debug_aranges</name>
         <load_address>0x640</load_address>
         <run_address>0x640</run_address>
         <size>0x20</size>
         <input_file_ref idref="fl-16"/>
      </object_component>
      <object_component id="oc-fb">
         <name>.debug_aranges</name>
         <load_address>0x660</load_address>
         <run_address>0x660</run_address>
         <size>0x20</size>
         <input_file_ref idref="fl-16"/>
      </object_component>
      <object_component id="oc-100">
         <name>.debug_aranges</name>
         <load_address>0x680</load_address>
         <run_address>0x680</run_address>
         <size>0x20</size>
         <input_file_ref idref="fl-16"/>
      </object_component>
      <object_component id="oc-107">
         <name>.debug_aranges</name>
         <load_address>0x6a0</load_address>
         <run_address>0x6a0</run_address>
         <size>0x20</size>
         <input_file_ref idref="fl-11"/>
      </object_component>
      <object_component id="oc-10c">
         <name>.debug_aranges</name>
         <load_address>0x6c0</load_address>
         <run_address>0x6c0</run_address>
         <size>0x20</size>
         <input_file_ref idref="fl-11"/>
      </object_component>
      <object_component id="oc-111">
         <name>.debug_aranges</name>
         <load_address>0x6e0</load_address>
         <run_address>0x6e0</run_address>
         <size>0x20</size>
         <input_file_ref idref="fl-f"/>
      </object_component>
      <object_component id="oc-116">
         <name>.debug_aranges</name>
         <load_address>0x700</load_address>
         <run_address>0x700</run_address>
         <size>0x20</size>
         <input_file_ref idref="fl-13"/>
      </object_component>
      <object_component id="oc-11b">
         <name>.debug_aranges</name>
         <load_address>0x720</load_address>
         <run_address>0x720</run_address>
         <size>0x20</size>
         <input_file_ref idref="fl-10"/>
      </object_component>
      <object_component id="oc-122">
         <name>.debug_aranges</name>
         <load_address>0x740</load_address>
         <run_address>0x740</run_address>
         <size>0x20</size>
         <input_file_ref idref="fl-f"/>
      </object_component>
      <object_component id="oc-127">
         <name>.debug_aranges</name>
         <load_address>0x760</load_address>
         <run_address>0x760</run_address>
         <size>0x20</size>
         <input_file_ref idref="fl-f"/>
      </object_component>
      <object_component id="oc-12c">
         <name>.debug_aranges</name>
         <load_address>0x780</load_address>
         <run_address>0x780</run_address>
         <size>0x20</size>
         <input_file_ref idref="fl-11"/>
      </object_component>
      <object_component id="oc-131">
         <name>.debug_aranges</name>
         <load_address>0x7a0</load_address>
         <run_address>0x7a0</run_address>
         <size>0x20</size>
         <input_file_ref idref="fl-f"/>
      </object_component>
      <object_component id="oc-138">
         <name>.debug_aranges</name>
         <load_address>0x7c0</load_address>
         <run_address>0x7c0</run_address>
         <size>0x20</size>
         <input_file_ref idref="fl-f"/>
      </object_component>
      <object_component id="oc-13d">
         <name>.debug_aranges</name>
         <load_address>0x7e0</load_address>
         <run_address>0x7e0</run_address>
         <size>0x20</size>
         <input_file_ref idref="fl-13"/>
      </object_component>
      <object_component id="oc-142">
         <name>.debug_aranges</name>
         <load_address>0x800</load_address>
         <run_address>0x800</run_address>
         <size>0x20</size>
         <input_file_ref idref="fl-13"/>
      </object_component>
      <object_component id="oc-147">
         <name>.debug_aranges</name>
         <load_address>0x820</load_address>
         <run_address>0x820</run_address>
         <size>0x20</size>
         <input_file_ref idref="fl-13"/>
      </object_component>
      <object_component id="oc-14c">
         <name>.debug_aranges</name>
         <load_address>0x840</load_address>
         <run_address>0x840</run_address>
         <size>0x20</size>
         <input_file_ref idref="fl-13"/>
      </object_component>
      <object_component id="oc-151">
         <name>.debug_aranges</name>
         <load_address>0x860</load_address>
         <run_address>0x860</run_address>
         <size>0x20</size>
         <input_file_ref idref="fl-13"/>
      </object_component>
      <object_component id="oc-156">
         <name>.debug_aranges</name>
         <load_address>0x880</load_address>
         <run_address>0x880</run_address>
         <size>0x20</size>
         <input_file_ref idref="fl-13"/>
      </object_component>
      <object_component id="oc-15f">
         <name>.debug_aranges</name>
         <load_address>0x8a0</load_address>
         <run_address>0x8a0</run_address>
         <size>0x20</size>
         <input_file_ref idref="fl-14"/>
      </object_component>
      <object_component id="oc-164">
         <name>.debug_aranges</name>
         <load_address>0x8c0</load_address>
         <run_address>0x8c0</run_address>
         <size>0x20</size>
         <input_file_ref idref="fl-14"/>
      </object_component>
      <object_component id="oc-169">
         <name>.debug_aranges</name>
         <load_address>0x8e0</load_address>
         <run_address>0x8e0</run_address>
         <size>0x20</size>
         <input_file_ref idref="fl-14"/>
      </object_component>
      <object_component id="oc-16e">
         <name>.debug_aranges</name>
         <load_address>0x900</load_address>
         <run_address>0x900</run_address>
         <size>0x20</size>
         <input_file_ref idref="fl-14"/>
      </object_component>
      <object_component id="oc-174">
         <name>.debug_aranges</name>
         <load_address>0x920</load_address>
         <run_address>0x920</run_address>
         <size>0x20</size>
         <input_file_ref idref="fl-14"/>
      </object_component>
      <object_component id="oc-179">
         <name>.debug_aranges</name>
         <load_address>0x940</load_address>
         <run_address>0x940</run_address>
         <size>0x20</size>
         <input_file_ref idref="fl-f"/>
      </object_component>
      <object_component id="oc-1ab">
         <name>.debug_aranges</name>
         <load_address>0x960</load_address>
         <run_address>0x960</run_address>
         <size>0x20</size>
         <input_file_ref idref="fl-14e"/>
[...]
         <value>0x200008b6</value>
      </symbol>
      <symbol id="sm-42">
         <name>temperature</name>
         <value>0x200008d0</value>
      </symbol>
      <symbol id="sm-65">
         <name>ResetISR</name>
         <value>0x13e9</value>
         <object_component_ref idref="oc-24"/>
      </symbol>
      <symbol id="sm-66">
         <name>g_pfnVectors</name>
         <value>0x0</value>
         <object_component_ref idref="oc-e"/>
      </symbol>
      <symbol id="sm-154">
         <name>clockTime</name>
         <value>0x200008bc</value>
      </symbol>
      <symbol id="sm-155">
         <name>dateTime</name>
         <value>0x200008a8</value>
      </symbol>
      <symbol id="sm-156">
         <name>ui32ADC0Value</name>
         <value>0x20000898</value>
      </symbol>
      <symbol id="sm-157">
         <name>ui32TempAvg</name>
         <value>0x200008c4</value>
      </symbol>
      <symbol id="sm-158">
         <name>ui32TempValueC</name>
         <value>0x200008c8</value>
      </symbol>
      <symbol id="sm-159">
         <name>ui32TempValueF</name>
         <value>0x200008cc</value>
      </symbol>
      <symbol id="sm-15a">
         <name>ui32MoistureAvg</name>
         <value>0x200008c0</value>
      </symbol>
      <symbol id="sm-15b">
         <name>init_LED</name>
         <value>0x8e1</value>
         <object_component_ref idref="oc-29"/>
      </symbol>
      <symbol id="sm-15c">
         <name>init_genTimer1</name>
         <value>0x9a1</value>
         <object_component_ref idref="oc-29"/>
      </symbol>
      <symbol id="sm-15d">
         <name>checkZoneStatus</name>
         <value>0xc9d</value>
         <object_component_ref idref="oc-29"/>
      </symbol>
      <symbol id="sm-15e">
         <name>printCurrentStatus</name>
         <value>0xe19</value>
         <object_component_ref idref="oc-29"/>
      </symbol>
      <symbol id="sm-15f">
         <name>init_IntTempSensor</name>
         <value>0x947</value>
         <object_component_ref idref="oc-29"/>
      </symbol>
      <symbol id="sm-160">
         <name>init_BtnHandler</name>
         <value>0xb15</value>
         <object_component_ref idref="oc-29"/>
      </symbol>
      <symbol id="sm-161">
         <name>clearAllZoneOverrides</name>
         <value>0xd8d</value>
         <object_component_ref idref="oc-29"/>
      </symbol>
      <symbol id="sm-162">
         <name>statusLed</name>
         <value>0x20000811</value>
         <object_component_ref idref="oc-157"/>
      </symbol>
      <symbol id="sm-163">
         <name>response</name>
         <value>0x20000800</value>
         <object_component_ref idref="oc-157"/>
      </symbol>
      <symbol id="sm-164">
         <name>init_Clock</name>
         <value>0x8c9</value>
         <object_component_ref idref="oc-29"/>
      </symbol>
      <symbol id="sm-165">
         <name>main</name>
         <value>0x7e5</value>
         <object_component_ref idref="oc-29"/>
      </symbol>
      <symbol id="sm-166">
         <name>delay</name>
         <value>0x11a3</value>
         <object_component_ref idref="oc-29"/>
      </symbol>
      <symbol id="sm-167">
         <name>buttonPressTimerTicks</name>
         <value>0x20000808</value>
         <object_component_ref idref="oc-157"/>
      </symbol>
      <symbol id="sm-168">
         <name>hasSeenButtonPress</name>
         <value>0x20000804</value>
         <object_component_ref idref="oc-157"/>
      </symbol>
      <symbol id="sm-169">
         <name>genTimer1Handler</name>
         <value>0x9ed</value>
         <object_component_ref idref="oc-29"/>
      </symbol>
      <symbol id="sm-16a">
         <name>flashLED</name>
         <value>0x11cd</value>
         <object_component_ref idref="oc-29"/>
      </symbol>
      <symbol id="sm-16b">
         <name>checkIntTempSensor</name>
         <value>0xa41</value>
         <object_component_ref idref="oc-29"/>
      </symbol>
      <symbol id="sm-16c">
         <name>init_Hibernation</name>
         <value>0xac9</value>
         <object_component_ref idref="oc-29"/>
      </symbol>
      <symbol id="sm-16d">
         <name>processZones</name>
         <value>0xd1f</value>
         <object_component_ref idref="oc-29"/>
      </symbol>
      <symbol id="sm-16e">
         <name>init_Zones</name>
         <value>0x8fd</value>
         <object_component_ref idref="oc-29"/>
      </symbol>
      <symbol id="sm-16f">
         <name>setAllZoneOverrides</name>
         <value>0xdbd</value>
         <object_component_ref idref="oc-29"/>
      </symbol>
      <symbol id="sm-170">
         <name>oneSecondCounter</name>
         <value>0x2000080c</value>
         <object_component_ref idref="oc-157"/>
      </symbol>
      <symbol id="sm-171">
         <name>Zones</name>
         <value>0x20000874</value>
         <object_component_ref idref="oc-157"/>
      </symbol>
      <symbol id="sm-172">
         <name>zone0</name>
         <value>0x20000814</value>
         <object_component_ref idref="oc-157"/>
      </symbol>
      <symbol id="sm-173">
         <name>zone1</name>
         <value>0x2000082c</value>
         <object_component_ref idref="oc-157"/>
      </symbol>
      <symbol id="sm-174">
         <name>zone2</name>
         <value>0x20000844</value>
         <object_component_ref idref="oc-157"/>
      </symbol>
      <symbol id="sm-175">
         <name>zone3</name>
         <value>0x2000085c</value>
         <object_component_ref idref="oc-157"/>
      </symbol>
      <symbol id="sm-176">
         <name>mode</name>
         <value>0x20000810</value>
         <object_component_ref idref="oc-157"/>
      </symbol>
      <symbol id="sm-177">
         <name>btn_IntHandler</name>
         <value>0xbbd</value>
         <object_component_ref idref="oc-29"/>
      </symbol>
      <symbol id="sm-178">
         <name>btn_TimHandler</name>
         <value>0xc7b</value>
         <object_component_ref idref="oc-29"/>
      </symbol>
      <symbol id="sm-1ad">
         <name>UARTConfigSetExpClk</name>
         <value>0x1f1d</value>
         <object_component_ref idref="oc-b2"/>
      </symbol>
      <symbol id="sm-1ae">
         <name>UARTDisable</name>
         <value>0x2069</value>
         <object_component_ref idref="oc-1f5"/>
      </symbol>
      <symbol id="sm-1af">
         <name>UARTCharPut</name>
         <value>0x22ad</value>
         <object_component_ref idref="oc-60"/>
      </symbol>
      <symbol id="sm-1b0">
         <name>UARTEnable</name>
         <value>0x2161</value>
         <object_component_ref idref="oc-1fa"/>
      </symbol>
      <symbol id="sm-1e7">
         <name>TimerLoadSet</name>
         <value>0x21f5</value>
         <object_component_ref idref="oc-123"/>
      </symbol>
      <symbol id="sm-1e8">
         <name>TimerDisable</name>
         <value>0x214d</value>
         <object_component_ref idref="oc-175"/>
      </symbol>
      <symbol id="sm-1e9">
         <name>TimerEnable</name>
         <value>0x2245</value>
         <object_component_ref idref="oc-10d"/>
      </symbol>
      <symbol id="sm-1ea">
         <name>TimerIntEnable</name>
         <value>0x22c7</value>
         <object_component_ref idref="oc-12d"/>
      </symbol>
      <symbol id="sm-1eb">
         <name>TimerConfigure</name>
         <value>0x1c79</value>
         <object_component_ref idref="oc-11e"/>
      </symbol>
      <symbol id="sm-1ec">
         <name>TimerIntClear</name>
         <value>0x22f9</value>
         <object_component_ref idref="oc-134"/>
      </symbol>
      <symbol id="sm-243">
         <name>SysCtlClockSet</name>
         <value>0x18b5</value>
         <object_component_ref idref="oc-117"/>
      </symbol>
      <symbol id="sm-244">
         <name>SysCtlDelay</name>
         <value>0x22e1</value>
         <object_component_ref idref="oc-8e"/>
      </symbol>
      <symbol id="sm-245">
         <name>SysCtlPeripheralEnable</name>
         <value>0x1f9d</value>
         <object_component_ref idref="oc-75"/>
      </symbol>
      <symbol id="sm-246">
         <name>SysCtlClockGet</name>
         <value>0x16a1</value>
         <object_component_ref idref="oc-66"/>
      </symbol>
      <symbol id="sm-278">
         <name>IntEnable</name>
         <value>0x1bb9</value>
         <object_component_ref idref="oc-128"/>
      </symbol>
      <symbol id="sm-279">
         <name>IntMasterDisable</name>
         <value>0x2299</value>
         <object_component_ref idref="oc-108"/>
      </symbol>
      <symbol id="sm-27a">
         <name>IntMasterEnable</name>
         <value>0x22a3</value>
         <object_component_ref idref="oc-103"/>
      </symbol>
      <symbol id="sm-2bd">
         <name>I2CMasterDataPut</name>
         <value>0x22f5</value>
         <object_component_ref idref="oc-9e"/>
      </symbol>
      <symbol id="sm-2be">
         <name>I2CMasterInitExpClk</name>
         <value>0x1dbd</value>
         <object_component_ref idref="oc-89"/>
      </symbol>
      <symbol id="sm-2bf">
         <name>I2CMasterSlaveAddrSet</name>
         <value>0x22bf</value>
         <object_component_ref idref="oc-8f"/>
      </symbol>
      <symbol id="sm-2c0">
         <name>I2CMasterDataGet</name>
         <value>0x22f1</value>
         <object_component_ref idref="oc-99"/>
      </symbol>
      <symbol id="sm-2c1">
         <name>I2CMasterErr</name>
         <value>0x20fb</value>
         <object_component_ref idref="oc-a8"/>
      </symbol>
      <symbol id="sm-2c2">
         <name>I2CMasterControl</name>
         <value>0x22ed</value>
         <object_component_ref idref="oc-94"/>
      </symbol>
      <symbol id="sm-2c3">
         <name>I2CMasterBusy</name>
         <value>0x22b7</value>
         <object_component_ref idref="oc-a3"/>
      </symbol>
      <symbol id="sm-2c4">
         <name>I2CMasterEnable</name>
         <value>0x228f</value>
         <object_component_ref idref="oc-1e7"/>
      </symbol>
      <symbol id="sm-326">
         <name>HibernateIntClear</name>
         <value>0x2125</value>
         <object_component_ref idref="oc-152"/>
      </symbol>
      <symbol id="sm-327">
         <name>HibernateWakeSet</name>
         <value>0x1b55</value>
         <object_component_ref idref="oc-148"/>
      </symbol>
      <symbol id="sm-328">
         <name>HibernateEnableExpClk</name>
         <value>0x2111</value>
         <object_component_ref idref="oc-139"/>
      </symbol>
      <symbol id="sm-329">
         <name>HibernateClockConfig</name>
         <value>0x1d75</value>
         <object_component_ref idref="oc-13e"/>
      </symbol>
      <symbol id="sm-32a">
         <name>HibernateRequest</name>
         <value>0x2139</value>
         <object_component_ref idref="oc-112"/>
      </symbol>
      <symbol id="sm-32b">
         <name>HibernateIntStatus</name>
         <value>0x20b5</value>
         <object_component_ref idref="oc-14d"/>
      </symbol>
      <symbol id="sm-32c">
         <name>HibernateGPIORetentionEnable</name>
         <value>0x209d</value>
         <object_component_ref idref="oc-143"/>
      </symbol>
      <symbol id="sm-3ac">
         <name>GPIOPinConfigure</name>
         <value>0x1d2d</value>
         <object_component_ref idref="oc-84"/>
      </symbol>
      <symbol id="sm-3ad">
         <name>GPIOPinTypeI2CSCL</name>
         <value>0x21d1</value>
         <object_component_ref idref="oc-7a"/>
      </symbol>
      <symbol id="sm-3ae">
         <name>GPIOIntDisable</name>
         <value>0x2237</value>
         <object_component_ref idref="oc-15b"/>
      </symbol>
      <symbol id="sm-3af">
         <name>GPIOIntEnable</name>
         <value>0x2279</value>
         <object_component_ref idref="oc-16a"/>
      </symbol>
      <symbol id="sm-3b0">
         <name>GPIOPinTypeI2C</name>
         <value>0x21bf</value>
         <object_component_ref idref="oc-7f"/>
      </symbol>
      <symbol id="sm-3b1">
         <name>GPIOIntTypeSet</name>
         <value>0x1cd5</value>
         <object_component_ref idref="oc-160"/>
      </symbol>
      <symbol id="sm-3b2">
         <name>GPIOPinTypeADC</name>
         <value>0x219b</value>
         <object_component_ref idref="oc-ca"/>
      </symbol>
      <symbol id="sm-3b3">
         <name>GPIOPinTypeGPIOInput</name>
         <value>0x21ad</value>
         <object_component_ref idref="oc-6b"/>
      </symbol>
      <symbol id="sm-3b4">
         <name>GPIOIntClear</name>
         <value>0x22cf</value>
         <object_component_ref idref="oc-165"/>
      </symbol>
      <symbol id="sm-3b5">
         <name>GPIOPinTypeUART</name>
         <value>0x21e3</value>
         <object_component_ref idref="oc-ad"/>
      </symbol>
      <symbol id="sm-3b6">
         <name>GPIOPinTypeGPIOOutput</name>
         <value>0x2085</value>
         <object_component_ref idref="oc-cf"/>
      </symbol>
      <symbol id="sm-3b7">
         <name>GPIOPinRead</name>
         <value>0x22d5</value>
         <object_component_ref idref="oc-170"/>
      </symbol>
      <symbol id="sm-3b8">
         <name>GPIODirModeSet</name>
         <value>0x1fff</value>
         <object_component_ref idref="oc-1d8"/>
      </symbol>
      <symbol id="sm-3b9">
         <name>GPIOPinWrite</name>
         <value>0x22db</value>
         <object_component_ref idref="oc-d4"/>
      </symbol>
      <symbol id="sm-3ba">
         <name>GPIOPadConfigSet</name>
         <value>0x1571</value>
         <object_component_ref idref="oc-70"/>
      </symbol>
      <symbol id="sm-3ca">
         <name>CPUcpsie</name>
         <value>0x226d</value>
         <object_component_ref idref="oc-216"/>
      </symbol>
      <symbol id="sm-3cb">
         <name>CPUcpsid</name>
         <value>0x2261</value>
         <object_component_ref idref="oc-21c"/>
      </symbol>
      <symbol id="sm-41b">
         <name>ADCProcessorTrigger</name>
         <value>0x20e5</value>
         <object_component_ref idref="oc-f2"/>
      </symbol>
      <symbol id="sm-41c">
         <name>ADCSequenceEnable</name>
         <value>0x2229</value>
         <object_component_ref idref="oc-e8"/>
      </symbol>
      <symbol id="sm-41d">
         <name>ADCSequenceConfigure</name>
         <value>0x1f5d</value>
         <object_component_ref idref="oc-de"/>
      </symbol>
      <symbol id="sm-41e">
         <name>ADCSequenceStepConfigure</name>
         <value>0x1ad5</value>
         <object_component_ref idref="oc-e3"/>
      </symbol>
      <symbol id="sm-41f">
         <name>ADCIntClear</name>
         <value>0x2285</value>
         <object_component_ref idref="oc-ed"/>
      </symbol>
      <symbol id="sm-420">
         <name>ADCHardwareOversampleConfigure</name>
         <value>0x2189</value>
         <object_component_ref idref="oc-d9"/>
      </symbol>
      <symbol id="sm-421">
         <name>ADCIntStatus</name>
         <value>0x1fd1</value>
         <object_component_ref idref="oc-f7"/>
      </symbol>
      <symbol id="sm-422">
         <name>ADCSequenceDataGet</name>
         <value>0x2049</value>
         <object_component_ref idref="oc-fc"/>
      </symbol>
      <symbol id="sm-431">
         <name>_c_int00</name>
         <value>0x1e05</value>
         <object_component_ref idref="oc-10"/>
      </symbol>
      <symbol id="sm-432">
         <name>__stack</name>
         <value>0x20000000</value>
         <object_component_ref idref="oc-23"/>
      </symbol>
      <symbol id="sm-448">
         <name>__TI_decompress_none</name>
         <value>0x2253</value>
         <object_component_ref idref="oc-14"/>
      </symbol>
      <symbol id="sm-46a">
         <name>__TI_decompress_rle24</name>
         <value>0x22e7</value>
         <object_component_ref idref="oc-1e"/>
      </symbol>
      <symbol id="sm-47d">
         <name>__TI_zero_init</name>
         <value>0x2207</value>
         <object_component_ref idref="oc-19"/>
      </symbol>
      <symbol id="sm-499">
         <name>C$$EXIT</name>
         <value>0x1ed9</value>
         <object_component_ref idref="oc-3a"/>
      </symbol>
      <symbol id="sm-49a">
         <name>abort</name>
         <value>0x1edd</value>
         <object_component_ref idref="oc-3a"/>
      </symbol>
      <symbol id="sm-49b">
         <name>exit</name>
         <value>0x1ee5</value>
         <object_component_ref idref="oc-3a"/>
      </symbol>
      <symbol id="sm-49c">
         <name>__TI_dtors_ptr</name>
         <value>0x20000890</value>
         <object_component_ref idref="oc-1b1"/>
      </symbol>
      <symbol id="sm-49d">
         <name>__TI_cleanup_ptr</name>
         <value>0x2000088c</value>
         <object_component_ref idref="oc-1b1"/>
      </symbol>
      <symbol id="sm-4b3">
         <name>__aeabi_dsub</name>
         <value>0x1231</value>
         <object_component_ref idref="oc-c2"/>
      </symbol>
      <symbol id="sm-4b4">
         <name>__aeabi_dadd</name>
         <value>0x123b</value>
         <object_component_ref idref="oc-c2"/>
      </symbol>
      <symbol id="sm-4be">
         <name>__aeabi_dmul</name>
         <value>0x17b9</value>
         <object_component_ref idref="oc-be"/>
      </symbol>
      <symbol id="sm-4c7">
         <name>__aeabi_d2iz</name>
         <value>0x1e4d</value>
         <object_component_ref idref="oc-c6"/>
      </symbol>
      <symbol id="sm-4e1">
         <name>memcpy</name>
         <value>0x19a5</value>
         <object_component_ref idref="oc-42"/>
      </symbol>
      <symbol id="sm-4e2">
         <name>__aeabi_memcpy</name>
         <value>0x19a5</value>
         <object_component_ref idref="oc-42"/>
      </symbol>
      <symbol id="sm-4e3">
         <name>__aeabi_memcpy8</name>
         <value>0x19a5</value>
         <object_component_ref idref="oc-42"/>
      </symbol>
      <symbol id="sm-4e4">
         <name>__aeabi_memcpy4</name>
         <value>0x19a5</value>
         <object_component_ref idref="oc-42"/>
      </symbol>
      <symbol id="sm-4eb">
         <name>main_func_sp</name>
         <value>0x20000894</value>
         <object_component_ref idref="oc-3f"/>
      </symbol>
      <symbol id="sm-4f4">
         <name>__aeabi_ui2d</name>
         <value>0x2029</value>
         <object_component_ref idref="oc-ba"/>
      </symbol>
      <symbol id="sm-50a">
         <name>_nop</name>
         <value>0x2183</value>
         <object_component_ref idref="oc-24d"/>
      </symbol>
      <symbol id="sm-50b">
         <name>_lock</name>
         <value>0x20000884</value>
         <object_component_ref idref="oc-1af"/>
      </symbol>
      <symbol id="sm-50c">
         <name>_unlock</name>
         <value>0x20000888</value>
         <object_component_ref idref="oc-1af"/>
      </symbol>
      <symbol id="sm-50d">
         <name>_register_lock</name>
         <value>0x217b</value>
         <object_component_ref idref="oc-24d"/>
      </symbol>
      <symbol id="sm-50e">
         <name>_register_unlock</name>
         <value>0x2175</value>
         <object_component_ref idref="oc-24d"/>
      </symbol>
      <symbol id="sm-521">
         <name>_args_main</name>
         <value>0x20cd</value>
         <object_component_ref idref="oc-35"/>
      </symbol>
      <symbol id="sm-53d">
         <name>__TI_auto_init</name>
         <value>0x1a41</value>
         <object_component_ref idref="oc-31"/>
      </symbol>
      <symbol id="sm-555">
         <name>copy_in</name>
         <value>0x1e95</value>
         <object_component_ref idref="oc-1a7"/>
      </symbol>
      <symbol id="sm-556">
         <name>__TI_static_base__</name>
         <value>0x0</value>
      </symbol>
      <symbol id="sm-557">
         <name>__TI_args_main</name>
         <value>0x1</value>
      </symbol>
      <symbol id="sm-558">
         <name>SHT$$INIT_ARRAY$$Limit</name>
         <value>0x0</value>
      </symbol>
      <symbol id="sm-559">
         <name>SHT$$INIT_ARRAY$$Base</name>
         <value>0x0</value>
      </symbol>
   </symbol_table>
   <title>Link successful</title>
</link_info>
