<?xml version="1.0"?>
<link_info>
   <banner>TI ARM Linker PC v5.1.1</banner>
   <copyright>Copyright (c) 1996-2013 Texas Instruments Incorporated</copyright>
   <link_time>0x53a72cd5</link_time>
   <link_errors>0x0</link_errors>
   <output_file>Auto_Water_TM4.out</output_file>
   <entry_point>
      <name>_c_int00</name>
      <address>0x19b5</address>
   </entry_point>
   <input_file_list>
      <input_file id="fl-2">
         <path>.\drivers\</path>
         <kind>object</kind>
         <file>UART.obj</file>
         <name>UART.obj</name>
      </input_file>
      <input_file id="fl-3">
         <path>.\drivers\</path>
         <kind>object</kind>
         <file>I2C.obj</file>
         <name>I2C.obj</name>
      </input_file>
      <input_file id="fl-4">
         <path>.\drivers\</path>
         <kind>object</kind>
         <file>HIH6130.obj</file>
         <name>HIH6130.obj</name>
      </input_file>
      <input_file id="fl-5">
         <path>.\drivers\</path>
         <kind>object</kind>
         <file>DS1307.obj</file>
         <name>DS1307.obj</name>
      </input_file>
      <input_file id="fl-6">
         <path>.\drivers\</path>
         <kind>object</kind>
         <file>AMS.obj</file>
         <name>AMS.obj</name>
      </input_file>
      <input_file id="fl-7">
         <path>.\</path>
         <kind>object</kind>
         <file>tm4c123gh6pm_startup_ccs.obj</file>
         <name>tm4c123gh6pm_startup_ccs.obj</name>
      </input_file>
      <input_file id="fl-8">
         <path>.\</path>
         <kind>object</kind>
         <file>main.obj</file>
         <name>main.obj</name>
      </input_file>
      <input_file id="fl-d">
         <path>C:\TI\TivaWare_C_Series-2.1.0.12573\driverlib\ccs\Debug\</path>
         <kind>archive</kind>
         <file>driverlib.lib</file>
         <name>uart.obj</name>
      </input_file>
      <input_file id="fl-e">
         <path>C:\TI\TivaWare_C_Series-2.1.0.12573\driverlib\ccs\Debug\</path>
         <kind>archive</kind>
         <file>driverlib.lib</file>
         <name>timer.obj</name>
      </input_file>
      <input_file id="fl-f">
         <path>C:\TI\TivaWare_C_Series-2.1.0.12573\driverlib\ccs\Debug\</path>
         <kind>archive</kind>
         <file>driverlib.lib</file>
         <name>sysctl.obj</name>
      </input_file>
      <input_file id="fl-10">
         <path>C:\TI\TivaWare_C_Series-2.1.0.12573\driverlib\ccs\Debug\</path>
         <kind>archive</kind>
         <file>driverlib.lib</file>
         <name>interrupt.obj</name>
      </input_file>
      <input_file id="fl-11">
         <path>C:\TI\TivaWare_C_Series-2.1.0.12573\driverlib\ccs\Debug\</path>
         <kind>archive</kind>
         <file>driverlib.lib</file>
         <name>i2c.obj</name>
      </input_file>
      <input_file id="fl-12">
         <path>C:\TI\TivaWare_C_Series-2.1.0.12573\driverlib\ccs\Debug\</path>
         <kind>archive</kind>
         <file>driverlib.lib</file>
         <name>hibernate.obj</name>
      </input_file>
      <input_file id="fl-13">
         <path>C:\TI\TivaWare_C_Series-2.1.0.12573\driverlib\ccs\Debug\</path>
         <kind>archive</kind>
         <file>driverlib.lib</file>
         <name>gpio.obj</name>
      </input_file>
      <input_file id="fl-14">
         <path>C:\TI\TivaWare_C_Series-2.1.0.12573\driverlib\ccs\Debug\</path>
         <kind>archive</kind>
         <file>driverlib.lib</file>
         <name>cpu.obj</name>
      </input_file>
      <input_file id="fl-15">
         <path>C:\TI\TivaWare_C_Series-2.1.0.12573\driverlib\ccs\Debug\</path>
         <kind>archive</kind>
         <file>driverlib.lib</file>
         <name>adc.obj</name>
      </input_file>
      <input_file id="fl-13f">
         <path>C:\ti\ccsv5\tools\compiler\arm_5.1.1\lib\</path>
         <kind>archive</kind>
         <file>rtsv7M4_T_le_v4SPD16_eabi.lib</file>
         <name>boot.obj</name>
      </input_file>
      <input_file id="fl-140">
         <path>C:\ti\ccsv5\tools\compiler\arm_5.1.1\lib\</path>
         <kind>archive</kind>
         <file>rtsv7M4_T_le_v4SPD16_eabi.lib</file>
         <name>copy_decompress_none.obj</name>
      </input_file>
      <input_file id="fl-141">
         <path>C:\ti\ccsv5\tools\compiler\arm_5.1.1\lib\</path>
         <kind>archive</kind>
         <file>rtsv7M4_T_le_v4SPD16_eabi.lib</file>
         <name>copy_decompress_rle.obj</name>
      </input_file>
      <input_file id="fl-142">
         <path>C:\ti\ccsv5\tools\compiler\arm_5.1.1\lib\</path>
         <kind>archive</kind>
         <file>rtsv7M4_T_le_v4SPD16_eabi.lib</file>
         <name>copy_zero_init.obj</name>
      </input_file>
      <input_file id="fl-143">
         <path>C:\ti\ccsv5\tools\compiler\arm_5.1.1\lib\</path>
         <kind>archive</kind>
         <file>rtsv7M4_T_le_v4SPD16_eabi.lib</file>
         <name>exit.obj</name>
      </input_file>
      <input_file id="fl-144">
         <path>C:\ti\ccsv5\tools\compiler\arm_5.1.1\lib\</path>
         <kind>archive</kind>
         <file>rtsv7M4_T_le_v4SPD16_eabi.lib</file>
         <name>memcpy_t2.obj</name>
      </input_file>
      <input_file id="fl-145">
         <path>C:\ti\ccsv5\tools\compiler\arm_5.1.1\lib\</path>
         <kind>archive</kind>
         <file>rtsv7M4_T_le_v4SPD16_eabi.lib</file>
         <name>stkdepth_vars.obj</name>
      </input_file>
      <input_file id="fl-146">
         <path>C:\ti\ccsv5\tools\compiler\arm_5.1.1\lib\</path>
         <kind>archive</kind>
         <file>rtsv7M4_T_le_v4SPD16_eabi.lib</file>
         <name>_lock.obj</name>
      </input_file>
      <input_file id="fl-147">
         <path>C:\ti\ccsv5\tools\compiler\arm_5.1.1\lib\</path>
         <kind>archive</kind>
         <file>rtsv7M4_T_le_v4SPD16_eabi.lib</file>
         <name>args_main.obj</name>
      </input_file>
      <input_file id="fl-148">
         <path>C:\ti\ccsv5\tools\compiler\arm_5.1.1\lib\</path>
         <kind>archive</kind>
         <file>rtsv7M4_T_le_v4SPD16_eabi.lib</file>
         <name>auto_init.obj</name>
      </input_file>
      <input_file id="fl-149">
         <path>C:\ti\ccsv5\tools\compiler\arm_5.1.1\lib\</path>
         <kind>archive</kind>
         <file>rtsv7M4_T_le_v4SPD16_eabi.lib</file>
         <name>cpy_tbl.obj</name>
      </input_file>
   </input_file_list>
   <object_component_list>
      <object_component id="oc-e">
         <name>.intvecs</name>
         <load_address>0x0</load_address>
         <run_address>0x0</run_address>
         <size>0x26c</size>
         <input_file_ref idref="fl-7"/>
      </object_component>
      <object_component id="oc-29">
         <name>.text</name>
         <load_address>0x26c</load_address>
         <run_address>0x26c</run_address>
         <size>0xe28</size>
         <input_file_ref idref="fl-8"/>
      </object_component>
      <object_component id="oc-24">
         <name>.text</name>
         <load_address>0x1094</load_address>
         <run_address>0x1094</run_address>
         <size>0x188</size>
         <input_file_ref idref="fl-7"/>
      </object_component>
      <object_component id="oc-70">
         <name>.text:GPIOPadConfigSet</name>
         <load_address>0x121c</load_address>
         <run_address>0x121c</run_address>
         <size>0x130</size>
         <input_file_ref idref="fl-13"/>
      </object_component>
      <object_component id="oc-66">
         <name>.text:SysCtlClockGet</name>
         <load_address>0x134c</load_address>
         <run_address>0x134c</run_address>
         <size>0x118</size>
         <input_file_ref idref="fl-f"/>
      </object_component>
      <object_component id="oc-107">
         <name>.text:SysCtlClockSet</name>
         <load_address>0x1464</load_address>
         <run_address>0x1464</run_address>
         <size>0xf0</size>
         <input_file_ref idref="fl-f"/>
      </object_component>
      <object_component id="oc-42">
         <name>.text</name>
         <load_address>0x1554</load_address>
         <run_address>0x1554</run_address>
         <size>0x9c</size>
         <input_file_ref idref="fl-144"/>
      </object_component>
      <object_component id="oc-31">
         <name>.text</name>
         <load_address>0x15f0</load_address>
         <run_address>0x15f0</run_address>
         <size>0x94</size>
         <input_file_ref idref="fl-148"/>
      </object_component>
      <object_component id="oc-d3">
         <name>.text:ADCSequenceStepConfigure</name>
         <load_address>0x1684</load_address>
         <run_address>0x1684</run_address>
         <size>0x80</size>
         <input_file_ref idref="fl-15"/>
      </object_component>
      <object_component id="oc-137">
         <name>.text:HibernateWakeSet</name>
         <load_address>0x1704</load_address>
         <run_address>0x1704</run_address>
         <size>0x64</size>
         <input_file_ref idref="fl-12"/>
      </object_component>
      <object_component id="oc-116">
         <name>.text:IntEnable</name>
         <load_address>0x1768</load_address>
         <run_address>0x1768</run_address>
         <size>0x60</size>
         <input_file_ref idref="fl-10"/>
      </object_component>
      <object_component id="oc-54">
         <name>.text</name>
         <load_address>0x17c8</load_address>
         <run_address>0x17c8</run_address>
         <size>0x5e</size>
         <input_file_ref idref="fl-141"/>
      </object_component>
      <object_component id="oc-10c">
         <name>.text:TimerConfigure</name>
         <load_address>0x1828</load_address>
         <run_address>0x1828</run_address>
         <size>0x5c</size>
         <input_file_ref idref="fl-e"/>
      </object_component>
      <object_component id="oc-14e">
         <name>.text:GPIOIntTypeSet</name>
         <load_address>0x1884</load_address>
         <run_address>0x1884</run_address>
         <size>0x56</size>
         <input_file_ref idref="fl-13"/>
      </object_component>
      <object_component id="oc-84">
         <name>.text:GPIOPinConfigure</name>
         <load_address>0x18dc</load_address>
         <run_address>0x18dc</run_address>
         <size>0x48</size>
         <input_file_ref idref="fl-13"/>
      </object_component>
      <object_component id="oc-12d">
         <name>.text:HibernateClockConfig</name>
         <load_address>0x1924</load_address>
         <run_address>0x1924</run_address>
         <size>0x48</size>
         <input_file_ref idref="fl-12"/>
      </object_component>
      <object_component id="oc-89">
         <name>.text:I2CMasterInitExpClk</name>
         <load_address>0x196c</load_address>
         <run_address>0x196c</run_address>
         <size>0x48</size>
         <input_file_ref idref="fl-11"/>
      </object_component>
      <object_component id="oc-10">
         <name>.text</name>
         <load_address>0x19b4</load_address>
         <run_address>0x19b4</run_address>
         <size>0x48</size>
         <input_file_ref idref="fl-13f"/>
      </object_component>
      <object_component id="oc-191">
         <name>.text</name>
         <load_address>0x19fc</load_address>
         <run_address>0x19fc</run_address>
         <size>0x44</size>
         <input_file_ref idref="fl-149"/>
      </object_component>
      <object_component id="oc-3a">
         <name>.text</name>
         <load_address>0x1a40</load_address>
         <run_address>0x1a40</run_address>
         <size>0x44</size>
         <input_file_ref idref="fl-143"/>
      </object_component>
      <object_component id="oc-b2">
         <name>.text:UARTConfigSetExpClk</name>
         <load_address>0x1a84</load_address>
         <run_address>0x1a84</run_address>
         <size>0x40</size>
         <input_file_ref idref="fl-d"/>
      </object_component>
      <object_component id="oc-ce">
         <name>.text:ADCSequenceConfigure</name>
         <load_address>0x1ac4</load_address>
         <run_address>0x1ac4</run_address>
         <size>0x3e</size>
         <input_file_ref idref="fl-15"/>
      </object_component>
      <object_component id="oc-75">
         <name>.text:SysCtlPeripheralEnable</name>
         <load_address>0x1b04</load_address>
         <run_address>0x1b04</run_address>
         <size>0x34</size>
         <input_file_ref idref="fl-f"/>
      </object_component>
      <object_component id="oc-e7">
         <name>.text:ADCIntStatus</name>
         <load_address>0x1b38</load_address>
         <run_address>0x1b38</run_address>
         <size>0x2e</size>
         <input_file_ref idref="fl-15"/>
      </object_component>
      <object_component id="oc-1c2">
         <name>.text:GPIODirModeSet</name>
         <load_address>0x1b66</load_address>
         <run_address>0x1b66</run_address>
         <size>0x2a</size>
         <input_file_ref idref="fl-13"/>
      </object_component>
      <object_component id="oc-ec">
         <name>.text:ADCSequenceDataGet</name>
         <load_address>0x1b90</load_address>
         <run_address>0x1b90</run_address>
         <size>0x1e</size>
         <input_file_ref idref="fl-15"/>
      </object_component>
      <object_component id="oc-1df">
         <name>.text:UARTDisable</name>
         <load_address>0x1bb0</load_address>
         <run_address>0x1bb0</run_address>
         <size>0x1c</size>
         <input_file_ref idref="fl-d"/>
      </object_component>
      <object_component id="oc-bf">
         <name>.text:GPIOPinTypeGPIOOutput</name>
         <load_address>0x1bcc</load_address>
         <run_address>0x1bcc</run_address>
         <size>0x18</size>
         <input_file_ref idref="fl-13"/>
      </object_component>
      <object_component id="oc-132">
         <name>.text:HibernateGPIORetentionEnable</name>
         <load_address>0x1be4</load_address>
         <run_address>0x1be4</run_address>
         <size>0x18</size>
         <input_file_ref idref="fl-12"/>
      </object_component>
      <object_component id="oc-13c">
         <name>.text:HibernateIntStatus</name>
         <load_address>0x1bfc</load_address>
         <run_address>0x1bfc</run_address>
         <size>0x18</size>
         <input_file_ref idref="fl-12"/>
      </object_component>
      <object_component id="oc-35">
         <name>.text</name>
         <load_address>0x1c14</load_address>
         <run_address>0x1c14</run_address>
         <size>0x18</size>
         <input_file_ref idref="fl-147"/>
      </object_component>
      <object_component id="oc-e2">
         <name>.text:ADCProcessorTrigger</name>
         <load_address>0x1c2c</load_address>
         <run_address>0x1c2c</run_address>
         <size>0x16</size>
         <input_file_ref idref="fl-15"/>
      </object_component>
      <object_component id="oc-a8">
         <name>.text:I2CMasterErr</name>
         <load_address>0x1c42</load_address>
         <run_address>0x1c42</run_address>
         <size>0x16</size>
         <input_file_ref idref="fl-11"/>
      </object_component>
      <object_component id="oc-128">
         <name>.text:HibernateEnableExpClk</name>
         <load_address>0x1c58</load_address>
         <run_address>0x1c58</run_address>
         <size>0x14</size>
         <input_file_ref idref="fl-12"/>
      </object_component>
      <object_component id="oc-141">
         <name>.text:HibernateIntClear</name>
         <load_address>0x1c6c</load_address>
         <run_address>0x1c6c</run_address>
         <size>0x14</size>
         <input_file_ref idref="fl-12"/>
      </object_component>
      <object_component id="oc-102">
         <name>.text:HibernateRequest</name>
         <load_address>0x1c80</load_address>
         <run_address>0x1c80</run_address>
         <size>0x14</size>
         <input_file_ref idref="fl-12"/>
      </object_component>
      <object_component id="oc-163">
         <name>.text:TimerDisable</name>
         <load_address>0x1c94</load_address>
         <run_address>0x1c94</run_address>
         <size>0x14</size>
         <input_file_ref idref="fl-e"/>
      </object_component>
      <object_component id="oc-1e4">
         <name>.text:UARTEnable</name>
         <load_address>0x1ca8</load_address>
         <run_address>0x1ca8</run_address>
         <size>0x14</size>
         <input_file_ref idref="fl-d"/>
      </object_component>
      <object_component id="oc-238">
         <name>.text</name>
         <load_address>0x1cbc</load_address>
         <run_address>0x1cbc</run_address>
         <size>0x14</size>
         <input_file_ref idref="fl-146"/>
      </object_component>
      <object_component id="oc-c9">
         <name>.text:ADCHardwareOversampleConfigure</name>
         <load_address>0x1cd0</load_address>
         <run_address>0x1cd0</run_address>
         <size>0x12</size>
         <input_file_ref idref="fl-15"/>
      </object_component>
      <object_component id="oc-ba">
         <name>.text:GPIOPinTypeADC</name>
         <load_address>0x1ce2</load_address>
         <run_address>0x1ce2</run_address>
         <size>0x12</size>
         <input_file_ref idref="fl-13"/>
      </object_component>
      <object_component id="oc-6b">
         <name>.text:GPIOPinTypeGPIOInput</name>
         <load_address>0x1cf4</load_address>
         <run_address>0x1cf4</run_address>
         <size>0x12</size>
         <input_file_ref idref="fl-13"/>
      </object_component>
      <object_component id="oc-7f">
         <name>.text:GPIOPinTypeI2C</name>
         <load_address>0x1d06</load_address>
         <run_address>0x1d06</run_address>
         <size>0x12</size>
         <input_file_ref idref="fl-13"/>
      </object_component>
      <object_component id="oc-7a">
         <name>.text:GPIOPinTypeI2CSCL</name>
         <load_address>0x1d18</load_address>
         <run_address>0x1d18</run_address>
         <size>0x12</size>
         <input_file_ref idref="fl-13"/>
      </object_component>
      <object_component id="oc-ad">
         <name>.text:GPIOPinTypeUART</name>
         <load_address>0x1d2a</load_address>
         <run_address>0x1d2a</run_address>
         <size>0x12</size>
         <input_file_ref idref="fl-13"/>
      </object_component>
      <object_component id="oc-111">
         <name>.text:TimerLoadSet</name>
         <load_address>0x1d3c</load_address>
         <run_address>0x1d3c</run_address>
         <size>0x12</size>
         <input_file_ref idref="fl-e"/>
      </object_component>
      <object_component id="oc-19">
         <name>.text:decompress:ZI</name>
         <load_address>0x1d4e</load_address>
         <run_address>0x1d4e</run_address>
         <size>0x12</size>
         <input_file_ref idref="fl-142"/>
      </object_component>
      <object_component id="oc-20f">
         <name>.text:_HibernateWriteComplete</name>
         <load_address>0x1d60</load_address>
         <run_address>0x1d60</run_address>
         <size>0x10</size>
         <input_file_ref idref="fl-12"/>
      </object_component>
      <object_component id="oc-d8">
         <name>.text:ADCSequenceEnable</name>
         <load_address>0x1d70</load_address>
         <run_address>0x1d70</run_address>
         <size>0xe</size>
         <input_file_ref idref="fl-15"/>
      </object_component>
      <object_component id="oc-149">
         <name>.text:GPIOIntDisable</name>
         <load_address>0x1d7e</load_address>
         <run_address>0x1d7e</run_address>
         <size>0xe</size>
         <input_file_ref idref="fl-13"/>
      </object_component>
      <object_component id="oc-fd">
         <name>.text:TimerEnable</name>
         <load_address>0x1d8c</load_address>
         <run_address>0x1d8c</run_address>
         <size>0xe</size>
         <input_file_ref idref="fl-e"/>
      </object_component>
      <object_component id="oc-14">
         <name>.text:decompress:none</name>
         <load_address>0x1d9a</load_address>
         <run_address>0x1d9a</run_address>
         <size>0xe</size>
         <input_file_ref idref="fl-140"/>
      </object_component>
      <object_component id="oc-207">
         <name>.text:CPUcpsid</name>
         <load_address>0x1da8</load_address>
         <run_address>0x1da8</run_address>
         <size>0xc</size>
         <input_file_ref idref="fl-14"/>
      </object_component>
      <object_component id="oc-201">
         <name>.text:CPUcpsie</name>
         <load_address>0x1db4</load_address>
         <run_address>0x1db4</run_address>
         <size>0xc</size>
         <input_file_ref idref="fl-14"/>
      </object_component>
      <object_component id="oc-158">
         <name>.text:GPIOIntEnable</name>
         <load_address>0x1dc0</load_address>
         <run_address>0x1dc0</run_address>
         <size>0xc</size>
         <input_file_ref idref="fl-13"/>
      </object_component>
      <object_component id="oc-dd">
         <name>.text:ADCIntClear</name>
         <load_address>0x1dcc</load_address>
         <run_address>0x1dcc</run_address>
         <size>0xa</size>
         <input_file_ref idref="fl-15"/>
      </object_component>
      <object_component id="oc-1d1">
         <name>.text:I2CMasterEnable</name>
         <load_address>0x1dd6</load_address>
         <run_address>0x1dd6</run_address>
         <size>0xa</size>
         <input_file_ref idref="fl-11"/>
      </object_component>
      <object_component id="oc-f8">
         <name>.text:IntMasterDisable</name>
         <load_address>0x1de0</load_address>
         <run_address>0x1de0</run_address>
         <size>0xa</size>
         <input_file_ref idref="fl-10"/>
      </object_component>
      <object_component id="oc-f3">
         <name>.text:IntMasterEnable</name>
         <load_address>0x1dea</load_address>
         <run_address>0x1dea</run_address>
         <size>0xa</size>
         <input_file_ref idref="fl-10"/>
      </object_component>
      <object_component id="oc-60">
         <name>.text:UARTCharPut</name>
         <load_address>0x1df4</load_address>
         <run_address>0x1df4</run_address>
         <size>0xa</size>
         <input_file_ref idref="fl-d"/>
      </object_component>
      <object_component id="oc-a3">
         <name>.text:I2CMasterBusy</name>
         <load_address>0x1dfe</load_address>
         <run_address>0x1dfe</run_address>
         <size>0x8</size>
         <input_file_ref idref="fl-11"/>
      </object_component>
      <object_component id="oc-8f">
         <name>.text:I2CMasterSlaveAddrSet</name>
         <load_address>0x1e06</load_address>
         <run_address>0x1e06</run_address>
         <size>0x8</size>
         <input_file_ref idref="fl-11"/>
      </object_component>
      <object_component id="oc-11b">
         <name>.text:TimerIntEnable</name>
         <load_address>0x1e0e</load_address>
         <run_address>0x1e0e</run_address>
         <size>0x8</size>
         <input_file_ref idref="fl-e"/>
      </object_component>
      <object_component id="oc-153">
         <name>.text:GPIOIntClear</name>
         <load_address>0x1e16</load_address>
         <run_address>0x1e16</run_address>
         <size>0x6</size>
         <input_file_ref idref="fl-13"/>
      </object_component>
      <object_component id="oc-15e">
         <name>.text:GPIOPinRead</name>
         <load_address>0x1e1c</load_address>
         <run_address>0x1e1c</run_address>
         <size>0x6</size>
         <input_file_ref idref="fl-13"/>
      </object_component>
      <object_component id="oc-c4">
         <name>.text:GPIOPinWrite</name>
         <load_address>0x1e22</load_address>
         <run_address>0x1e22</run_address>
         <size>0x6</size>
         <input_file_ref idref="fl-13"/>
      </object_component>
      <object_component id="oc-8e">
         <name>.text:SysCtlDelay</name>
         <load_address>0x1e28</load_address>
         <run_address>0x1e28</run_address>
         <size>0x6</size>
         <input_file_ref idref="fl-f"/>
      </object_component>
      <object_component id="oc-1e">
         <name>.text:decompress:rle24</name>
         <load_address>0x1e2e</load_address>
         <run_address>0x1e2e</run_address>
         <size>0x6</size>
         <input_file_ref idref="fl-141"/>
      </object_component>
      <object_component id="oc-99">
         <name>.text:I2CMasterControl</name>
         <load_address>0x1e34</load_address>
         <run_address>0x1e34</run_address>
         <size>0x4</size>
         <input_file_ref idref="fl-11"/>
      </object_component>
      <object_component id="oc-9e">
         <name>.text:I2CMasterDataGet</name>
         <load_address>0x1e38</load_address>
         <run_address>0x1e38</run_address>
         <size>0x4</size>
         <input_file_ref idref="fl-11"/>
      </object_component>
      <object_component id="oc-94">
         <name>.text:I2CMasterDataPut</name>
         <load_address>0x1e3c</load_address>
         <run_address>0x1e3c</run_address>
         <size>0x4</size>
         <input_file_ref idref="fl-11"/>
      </object_component>
      <object_component id="oc-120">
         <name>.text:TimerIntClear</name>
         <load_address>0x1e40</load_address>
         <run_address>0x1e40</run_address>
         <size>0x4</size>
         <input_file_ref idref="fl-e"/>
      </object_component>
      <object_component id="oc-1ce">
         <name>.const:g_pui32GPIOBaseAddrs</name>
         <load_address>0x1e44</load_address>
         <run_address>0x1e44</run_address>
         <size>0x90</size>
         <input_file_ref idref="fl-13"/>
      </object_component>
      <object_component id="oc-218">
         <name>.const</name>
         <load_address>0x1ed4</load_address>
         <run_address>0x1ed4</run_address>
         <size>0x70</size>
         <input_file_ref idref="fl-10"/>
      </object_component>
      <object_component id="oc-1bf">
         <name>.const:g_pui32Xtals</name>
         <load_address>0x1f44</load_address>
         <run_address>0x1f44</run_address>
         <size>0x6c</size>
         <input_file_ref idref="fl-f"/>
      </object_component>
      <object_component id="oc-f1">
         <name>.const:.string</name>
         <load_address>0x1fb0</load_address>
         <run_address>0x1fb0</run_address>
         <size>0xf</size>
         <input_file_ref idref="fl-8"/>
      </object_component>
      <object_component id="oc-291">
         <name>.cinit..data.load</name>
         <load_address>0x1fc0</load_address>
         <run_address>0x1fc0</run_address>
         <size>0x81</size>
      </object_component>
      <object_component id="oc-28f">
         <name>__TI_handler_table</name>
         <load_address>0x2044</load_address>
         <run_address>0x2044</run_address>
         <size>0xc</size>
      </object_component>
      <object_component id="oc-292">
         <name>.cinit..bss.load</name>
         <load_address>0x2050</load_address>
         <run_address>0x2050</run_address>
         <size>0x8</size>
      </object_component>
      <object_component id="oc-290">
         <name>__TI_cinit_table</name>
         <load_address>0x2058</load_address>
         <run_address>0x2058</run_address>
         <size>0x10</size>
      </object_component>
      <object_component id="oc-3f">
         <name>.data</name>
         <load_address>0x20000894</load_address>
         <run_address>0x20000894</run_address>
         <size>0x4</size>
         <input_file_ref idref="fl-145"/>
      </object_component>
      <object_component id="oc-146">
         <name>.data</name>
         <load_address>0x20000800</load_address>
         <run_address>0x20000800</run_address>
         <size>0x84</size>
         <input_file_ref idref="fl-8"/>
      </object_component>
      <object_component id="oc-199">
         <name>.data</name>
         <load_address>0x20000884</load_address>
         <run_address>0x20000884</run_address>
         <size>0x8</size>
         <input_file_ref idref="fl-146"/>
      </object_component>
      <object_component id="oc-19b">
         <name>.data</name>
         <load_address>0x2000088c</load_address>
         <run_address>0x2000088c</run_address>
         <size>0x8</size>
         <input_file_ref idref="fl-143"/>
      </object_component>
      <object_component id="oc-b7">
         <name>.common:clock</name>
         <uninitialized>true</uninitialized>
         <run_address>0x200008b8</run_address>
         <size>0x4</size>
      </object_component>
      <object_component id="oc-125">
         <name>.common:humidity</name>
         <uninitialized>true</uninitialized>
         <run_address>0x200008b6</run_address>
         <size>0x1</size>
      </object_component>
      <object_component id="oc-127">
         <name>.common:temperature</name>
         <uninitialized>true</uninitialized>
         <run_address>0x200008b7</run_address>
         <size>0x1</size>
      </object_component>
      <object_component id="oc-15d">
         <name>.common:clockTime</name>
         <uninitialized>true</uninitialized>
         <run_address>0x200008bc</run_address>
         <size>0x4</size>
      </object_component>
      <object_component id="oc-172">
         <name>.common:dateTime</name>
         <uninitialized>true</uninitialized>
         <run_address>0x200008a8</run_address>
         <size>0xe</size>
      </object_component>
      <object_component id="oc-16d">
         <name>.common:ui32ADC0Value</name>
         <uninitialized>true</uninitialized>
         <run_address>0x20000898</run_address>
         <size>0x10</size>
      </object_component>
      <object_component id="oc-16a">
         <name>.common:ui32TempAvg</name>
         <uninitialized>true</uninitialized>
         <run_address>0x200008c4</run_address>
         <size>0x4</size>
      </object_component>
      <object_component id="oc-16e">
         <name>.common:ui32TempValueC</name>
         <uninitialized>true</uninitialized>
         <run_address>0x200008c8</run_address>
         <size>0x4</size>
      </object_component>
      <object_component id="oc-173">
         <name>.common:ui32TempValueF</name>
         <uninitialized>true</uninitialized>
         <run_address>0x200008cc</run_address>
         <size>0x4</size>
      </object_component>
      <object_component id="oc-174">
         <name>.common:ui32MoistureAvg</name>
         <uninitialized>true</uninitialized>
         <run_address>0x200008c0</run_address>
         <size>0x4</size>
      </object_component>
      <object_component id="oc-23">
         <name>.stack</name>
         <uninitialized>true</uninitialized>
         <run_address>0x20000000</run_address>
         <size>0x0</size>
         <input_file_ref idref="fl-13f"/>
      </object_component>
      <object_component id="oc-293">
         <name>.stack</name>
         <uninitialized>true</uninitialized>
         <run_address>0x20000000</run_address>
         <size>0x0</size>
      </object_component>
      <object_component id="oc-f">
         <name>.debug_info</name>
         <load_address>0x0</load_address>
         <run_address>0x0</run_address>
         <size>0xf2</size>
         <input_file_ref idref="fl-7"/>
      </object_component>
      <object_component id="oc-13">
         <name>.debug_info</name>
         <load_address>0xf2</load_address>
         <run_address>0xf2</run_address>
         <size>0xf3</size>
         <input_file_ref idref="fl-13f"/>
      </object_component>
      <object_component id="oc-15">
         <name>.debug_info</name>
         <load_address>0x1e5</load_address>
         <run_address>0x1e5</run_address>
         <size>0x194</size>
         <input_file_ref idref="fl-140"/>
      </object_component>
      <object_component id="oc-1a">
         <name>.debug_info</name>
         <load_address>0x379</load_address>
         <run_address>0x379</run_address>
         <size>0x16a</size>
         <input_file_ref idref="fl-142"/>
      </object_component>
      <object_component id="oc-1f">
         <name>.debug_info</name>
         <load_address>0x4e3</load_address>
         <run_address>0x4e3</run_address>
         <size>0x18e</size>
         <input_file_ref idref="fl-141"/>
      </object_component>
      <object_component id="oc-25">
         <name>.debug_info</name>
         <load_address>0x671</load_address>
         <run_address>0x671</run_address>
         <size>0x5b9</size>
         <input_file_ref idref="fl-7"/>
      </object_component>
      <object_component id="oc-2a">
         <name>.debug_info</name>
         <load_address>0xc2a</load_address>
         <run_address>0xc2a</run_address>
         <size>0x2761</size>
         <input_file_ref idref="fl-8"/>
      </object_component>
      <object_component id="oc-30">
         <name>.debug_info</name>
         <load_address>0x338b</load_address>
         <run_address>0x338b</run_address>
         <size>0x1aa</size>
         <input_file_ref idref="fl-7"/>
      </object_component>
      <object_component id="oc-33">
         <name>.debug_info</name>
         <load_address>0x3535</load_address>
         <run_address>0x3535</run_address>
         <size>0x13d</size>
         <input_file_ref idref="fl-148"/>
      </object_component>
      <object_component id="oc-36">
         <name>.debug_info</name>
         <load_address>0x3672</load_address>
         <run_address>0x3672</run_address>
         <size>0x11c</size>
         <input_file_ref idref="fl-147"/>
      </object_component>
      <object_component id="oc-3d">
         <name>.debug_info</name>
         <load_address>0x378e</load_address>
         <run_address>0x378e</run_address>
         <size>0x1c2</size>
         <input_file_ref idref="fl-143"/>
      </object_component>
      <object_component id="oc-40">
         <name>.debug_info</name>
         <load_address>0x3950</load_address>
         <run_address>0x3950</run_address>
         <size>0xbe</size>
         <input_file_ref idref="fl-145"/>
      </object_component>
      <object_component id="oc-44">
         <name>.debug_info</name>
         <load_address>0x3a0e</load_address>
         <run_address>0x3a0e</run_address>
         <size>0xcc</size>
         <input_file_ref idref="fl-144"/>
      </object_component>
      <object_component id="oc-47">
         <name>.debug_info</name>
         <load_address>0x3ada</load_address>
         <run_address>0x3ada</run_address>
         <size>0x46</size>
         <input_file_ref idref="fl-140"/>
      </object_component>
      <object_component id="oc-4c">
         <name>.debug_info</name>
         <load_address>0x3b20</load_address>
         <run_address>0x3b20</run_address>
         <size>0xf2</size>
         <input_file_ref idref="fl-140"/>
      </object_component>
      <object_component id="oc-4e">
         <name>.debug_info</name>
         <load_address>0x3c12</load_address>
         <run_address>0x3c12</run_address>
         <size>0x46</size>
         <input_file_ref idref="fl-142"/>
      </object_component>
      <object_component id="oc-53">
         <name>.debug_info</name>
         <load_address>0x3c58</load_address>
         <run_address>0x3c58</run_address>
         <size>0xad</size>
         <input_file_ref idref="fl-142"/>
      </object_component>
      <object_component id="oc-55">
         <name>.debug_info</name>
         <load_address>0x3d05</load_address>
         <run_address>0x3d05</run_address>
         <size>0x1ef</size>
         <input_file_ref idref="fl-141"/>
      </object_component>
      <object_component id="oc-5a">
         <name>.debug_info</name>
         <load_address>0x3ef4</load_address>
         <run_address>0x3ef4</run_address>
         <size>0xb7</size>
         <input_file_ref idref="fl-141"/>
      </object_component>
      <object_component id="oc-5b">
         <name>.debug_info</name>
         <load_address>0x3fab</load_address>
         <run_address>0x3fab</run_address>
         <size>0x39</size>
         <input_file_ref idref="fl-141"/>
      </object_component>
      <object_component id="oc-63">
         <name>.debug_info</name>
         <load_address>0x3fe4</load_address>
         <run_address>0x3fe4</run_address>
         <size>0x25d</size>
         <input_file_ref idref="fl-d"/>
      </object_component>
      <object_component id="oc-67">
         <name>.debug_info</name>
         <load_address>0x4241</load_address>
         <run_address>0x4241</run_address>
         <size>0x219</size>
         <input_file_ref idref="fl-f"/>
      </object_component>
      <object_component id="oc-6d">
         <name>.debug_info</name>
         <load_address>0x445a</load_address>
         <run_address>0x445a</run_address>
         <size>0x1e9</size>
         <input_file_ref idref="fl-13"/>
      </object_component>
      <object_component id="oc-71">
         <name>.debug_info</name>
         <load_address>0x4643</load_address>
         <run_address>0x4643</run_address>
         <size>0x312</size>
         <input_file_ref idref="fl-13"/>
      </object_component>
      <object_component id="oc-76">
         <name>.debug_info</name>
         <load_address>0x4955</load_address>
         <run_address>0x4955</run_address>
         <size>0x1e1</size>
         <input_file_ref idref="fl-f"/>
      </object_component>
      <object_component id="oc-7c">
         <name>.debug_info</name>
         <load_address>0x4b36</load_address>
         <run_address>0x4b36</run_address>
         <size>0x1e3</size>
         <input_file_ref idref="fl-13"/>
      </object_component>
      <object_component id="oc-81">
         <name>.debug_info</name>
         <load_address>0x4d19</load_address>
         <run_address>0x4d19</run_address>
         <size>0x1dd</size>
         <input_file_ref idref="fl-13"/>
      </object_component>
      <object_component id="oc-86">
         <name>.debug_info</name>
         <load_address>0x4ef6</load_address>
         <run_address>0x4ef6</run_address>
         <size>0x1e4</size>
         <input_file_ref idref="fl-13"/>
      </object_component>
      <object_component id="oc-8a">
         <name>.debug_info</name>
         <load_address>0x50da</load_address>
         <run_address>0x50da</run_address>
         <size>0x24c</size>
         <input_file_ref idref="fl-11"/>
      </object_component>
      <object_component id="oc-90">
         <name>.debug_info</name>
         <load_address>0x5326</load_address>
         <run_address>0x5326</run_address>
         <size>0x232</size>
         <input_file_ref idref="fl-11"/>
      </object_component>
      <object_component id="oc-95">
         <name>.debug_info</name>
         <load_address>0x5558</load_address>
         <run_address>0x5558</run_address>
         <size>0x1e2</size>
         <input_file_ref idref="fl-11"/>
      </object_component>
      <object_component id="oc-9a">
         <name>.debug_info</name>
         <load_address>0x573a</load_address>
         <run_address>0x573a</run_address>
         <size>0x1e2</size>
         <input_file_ref idref="fl-11"/>
      </object_component>
      <object_component id="oc-9f">
         <name>.debug_info</name>
         <load_address>0x591c</load_address>
         <run_address>0x591c</run_address>
         <size>0x1b8</size>
         <input_file_ref idref="fl-11"/>
      </object_component>
      <object_component id="oc-a4">
         <name>.debug_info</name>
         <load_address>0x5ad4</load_address>
         <run_address>0x5ad4</run_address>
         <size>0x1b2</size>
         <input_file_ref idref="fl-11"/>
      </object_component>
      <object_component id="oc-a9">
         <name>.debug_info</name>
         <load_address>0x5c86</load_address>
         <run_address>0x5c86</run_address>
         <size>0x1cd</size>
         <input_file_ref idref="fl-11"/>
      </object_component>
      <object_component id="oc-ae">
         <name>.debug_info</name>
         <load_address>0x5e53</load_address>
         <run_address>0x5e53</run_address>
         <size>0x1df</size>
         <input_file_ref idref="fl-13"/>
      </object_component>
      <object_component id="oc-b5">
         <name>.debug_info</name>
         <load_address>0x6032</load_address>
         <run_address>0x6032</run_address>
         <size>0x28a</size>
         <input_file_ref idref="fl-d"/>
      </object_component>
      <object_component id="oc-b8">
         <name>.debug_info</name>
         <load_address>0x62bc</load_address>
         <run_address>0x62bc</run_address>
         <size>0xdd</size>
         <input_file_ref idref="fl-3"/>
      </object_component>
      <object_component id="oc-b9">
         <name>.debug_info</name>
         <load_address>0x6399</load_address>
         <run_address>0x6399</run_address>
         <size>0xdf7</size>
         <input_file_ref idref="fl-8"/>
      </object_component>
      <object_component id="oc-bc">
         <name>.debug_info</name>
         <load_address>0x7190</load_address>
         <run_address>0x7190</run_address>
         <size>0x1dd</size>
         <input_file_ref idref="fl-13"/>
      </object_component>
      <object_component id="oc-c1">
         <name>.debug_info</name>
         <load_address>0x736d</load_address>
         <run_address>0x736d</run_address>
         <size>0x1eb</size>
         <input_file_ref idref="fl-13"/>
      </object_component>
      <object_component id="oc-c5">
         <name>.debug_info</name>
         <load_address>0x7558</load_address>
         <run_address>0x7558</run_address>
         <size>0x207</size>
         <input_file_ref idref="fl-13"/>
      </object_component>
      <object_component id="oc-ca">
         <name>.debug_info</name>
         <load_address>0x775f</load_address>
         <run_address>0x775f</run_address>
         <size>0x2b4</size>
         <input_file_ref idref="fl-15"/>
      </object_component>
      <object_component id="oc-d0">
         <name>.debug_info</name>
         <load_address>0x7a13</load_address>
         <run_address>0x7a13</run_address>
         <size>0x28a</size>
         <input_file_ref idref="fl-15"/>
      </object_component>
      <object_component id="oc-d4">
         <name>.debug_info</name>
         <load_address>0x7c9d</load_address>
         <run_address>0x7c9d</run_address>
         <size>0x297</size>
         <input_file_ref idref="fl-15"/>
      </object_component>
      <object_component id="oc-da">
         <name>.debug_info</name>
         <load_address>0x7f34</load_address>
         <run_address>0x7f34</run_address>
         <size>0x204</size>
         <input_file_ref idref="fl-15"/>
      </object_component>
      <object_component id="oc-de">
         <name>.debug_info</name>
         <load_address>0x8138</load_address>
         <run_address>0x8138</run_address>
         <size>0x1f8</size>
         <input_file_ref idref="fl-15"/>
      </object_component>
      <object_component id="oc-e4">
         <name>.debug_info</name>
         <load_address>0x8330</load_address>
         <run_address>0x8330</run_address>
         <size>0x208</size>
         <input_file_ref idref="fl-15"/>
      </object_component>
      <object_component id="oc-e9">
         <name>.debug_info</name>
         <load_address>0x8538</load_address>
         <run_address>0x8538</run_address>
         <size>0x245</size>
         <input_file_ref idref="fl-15"/>
      </object_component>
      <object_component id="oc-ee">
         <name>.debug_info</name>
         <load_address>0x877d</load_address>
         <run_address>0x877d</run_address>
         <size>0x2fb</size>
         <input_file_ref idref="fl-15"/>
      </object_component>
      <object_component id="oc-f2">
         <name>.debug_info</name>
         <load_address>0x8a78</load_address>
         <run_address>0x8a78</run_address>
         <size>0xf1</size>
         <input_file_ref idref="fl-8"/>
      </object_component>
      <object_component id="oc-f5">
         <name>.debug_info</name>
         <load_address>0x8b69</load_address>
         <run_address>0x8b69</run_address>
         <size>0x1a2</size>
         <input_file_ref idref="fl-10"/>
      </object_component>
      <object_component id="oc-fa">
         <name>.debug_info</name>
         <load_address>0x8d0b</load_address>
         <run_address>0x8d0b</run_address>
         <size>0x1a4</size>
         <input_file_ref idref="fl-10"/>
      </object_component>
      <object_component id="oc-fe">
         <name>.debug_info</name>
         <load_address>0x8eaf</load_address>
         <run_address>0x8eaf</run_address>
         <size>0x1e3</size>
         <input_file_ref idref="fl-e"/>
      </object_component>
      <object_component id="oc-103">
         <name>.debug_info</name>
         <load_address>0x9092</load_address>
         <run_address>0x9092</run_address>
         <size>0x1ad</size>
         <input_file_ref idref="fl-12"/>
      </object_component>
      <object_component id="oc-108">
         <name>.debug_info</name>
         <load_address>0x923f</load_address>
         <run_address>0x923f</run_address>
         <size>0x363</size>
         <input_file_ref idref="fl-f"/>
      </object_component>
      <object_component id="oc-10d">
         <name>.debug_info</name>
         <load_address>0x95a2</load_address>
         <run_address>0x95a2</run_address>
         <size>0x1f0</size>
         <input_file_ref idref="fl-e"/>
      </object_component>
      <object_component id="oc-112">
         <name>.debug_info</name>
         <load_address>0x9792</load_address>
         <run_address>0x9792</run_address>
         <size>0x21e</size>
         <input_file_ref idref="fl-e"/>
      </object_component>
      <object_component id="oc-118">
         <name>.debug_info</name>
         <load_address>0x99b0</load_address>
         <run_address>0x99b0</run_address>
         <size>0x1cc</size>
         <input_file_ref idref="fl-10"/>
      </object_component>
      <object_component id="oc-11c">
         <name>.debug_info</name>
         <load_address>0x9b7c</load_address>
         <run_address>0x9b7c</run_address>
         <size>0x1f8</size>
         <input_file_ref idref="fl-e"/>
      </object_component>
      <object_component id="oc-121">
         <name>.debug_info</name>
         <load_address>0x9d74</load_address>
         <run_address>0x9d74</run_address>
         <size>0x1f6</size>
         <input_file_ref idref="fl-e"/>
      </object_component>
      <object_component id="oc-126">
         <name>.debug_info</name>
         <load_address>0x9f6a</load_address>
         <run_address>0x9f6a</run_address>
         <size>0x12b</size>
         <input_file_ref idref="fl-4"/>
      </object_component>
      <object_component id="oc-129">
         <name>.debug_info</name>
         <load_address>0xa095</load_address>
         <run_address>0xa095</run_address>
         <size>0x1d1</size>
         <input_file_ref idref="fl-12"/>
      </object_component>
      <object_component id="oc-12e">
         <name>.debug_info</name>
         <load_address>0xa266</load_address>
         <run_address>0xa266</run_address>
         <size>0x20f</size>
         <input_file_ref idref="fl-12"/>
      </object_component>
      <object_component id="oc-133">
         <name>.debug_info</name>
         <load_address>0xa475</load_address>
         <run_address>0xa475</run_address>
         <size>0x1c5</size>
         <input_file_ref idref="fl-12"/>
      </object_component>
      <object_component id="oc-138">
         <name>.debug_info</name>
         <load_address>0xa63a</load_address>
         <run_address>0xa63a</run_address>
         <size>0x2a1</size>
         <input_file_ref idref="fl-12"/>
      </object_component>
      <object_component id="oc-13d">
         <name>.debug_info</name>
         <load_address>0xa8db</load_address>
         <run_address>0xa8db</run_address>
         <size>0x1ca</size>
         <input_file_ref idref="fl-12"/>
      </object_component>
      <object_component id="oc-142">
         <name>.debug_info</name>
         <load_address>0xaaa5</load_address>
         <run_address>0xaaa5</run_address>
         <size>0x1f1</size>
         <input_file_ref idref="fl-12"/>
      </object_component>
      <object_component id="oc-147">
         <name>.debug_info</name>
         <load_address>0xac96</load_address>
         <run_address>0xac96</run_address>
         <size>0x23a</size>
         <input_file_ref idref="fl-8"/>
      </object_component>
      <object_component id="oc-14a">
         <name>.debug_info</name>
         <load_address>0xaed0</load_address>
         <run_address>0xaed0</run_address>
         <size>0x1f5</size>
         <input_file_ref idref="fl-13"/>
      </object_component>
      <object_component id="oc-150">
         <name>.debug_info</name>
         <load_address>0xb0c5</load_address>
         <run_address>0xb0c5</run_address>
         <size>0x21f</size>
         <input_file_ref idref="fl-13"/>
      </object_component>
      <object_component id="oc-154">
         <name>.debug_info</name>
         <load_address>0xb2e4</load_address>
         <run_address>0xb2e4</run_address>
         <size>0x1f1</size>
         <input_file_ref idref="fl-13"/>
      </object_component>
      <object_component id="oc-159">
         <name>.debug_info</name>
         <load_address>0xb4d5</load_address>
         <run_address>0xb4d5</run_address>
         <size>0x1f3</size>
         <input_file_ref idref="fl-13"/>
      </object_component>
      <object_component id="oc-160">
         <name>.debug_info</name>
         <load_address>0xb6c8</load_address>
         <run_address>0xb6c8</run_address>
         <size>0x1df</size>
         <input_file_ref idref="fl-13"/>
      </object_component>
      <object_component id="oc-164">
         <name>.debug_info</name>
         <load_address>0xb8a7</load_address>
         <run_address>0xb8a7</run_address>
         <size>0x1e5</size>
         <input_file_ref idref="fl-e"/>
      </object_component>
      <object_component id="oc-176">
         <name>.debug_info</name>
         <load_address>0xba8c</load_address>
         <run_address>0xba8c</run_address>
         <size>0x84</size>
         <input_file_ref idref="fl-2"/>
      </object_component>
      <object_component id="oc-17b">
         <name>.debug_info</name>
         <load_address>0xbb10</load_address>
         <run_address>0xbb10</run_address>
         <size>0x16f</size>
         <input_file_ref idref="fl-8"/>
      </object_component>
      <object_component id="oc-180">
         <name>.debug_info</name>
         <load_address>0xbc7f</load_address>
         <run_address>0xbc7f</run_address>
         <size>0x18b</size>
         <input_file_ref idref="fl-2"/>
      </object_component>
      <object_component id="oc-185">
         <name>.debug_info</name>
         <load_address>0xbe0a</load_address>
         <run_address>0xbe0a</run_address>
         <size>0xc2</size>
         <input_file_ref idref="fl-5"/>
      </object_component>
      <object_component id="oc-18a">
         <name>.debug_info</name>
         <load_address>0xbecc</load_address>
         <run_address>0xbecc</run_address>
         <size>0x2c</size>
         <input_file_ref idref="fl-2"/>
      </object_component>
      <object_component id="oc-192">
         <name>.debug_info</name>
         <load_address>0xbef8</load_address>
         <run_address>0xbef8</run_address>
         <size>0x14b</size>
         <input_file_ref idref="fl-149"/>
      </object_component>
      <object_component id="oc-198">
         <name>.debug_info</name>
         <load_address>0xc043</load_address>
         <run_address>0xc043</run_address>
         <size>0x11b</size>
         <input_file_ref idref="fl-147"/>
      </object_component>
      <object_component id="oc-19a">
         <name>.debug_info</name>
         <load_address>0xc15e</load_address>
         <run_address>0xc15e</run_address>
         <size>0xc8</size>
         <input_file_ref idref="fl-146"/>
      </object_component>
      <object_component id="oc-19c">
         <name>.debug_info</name>
         <load_address>0xc226</load_address>
         <run_address>0xc226</run_address>
         <size>0xeb</size>
         <input_file_ref idref="fl-143"/>
      </object_component>
      <object_component id="oc-19e">
         <name>.debug_info</name>
         <load_address>0xc311</load_address>
         <run_address>0xc311</run_address>
         <size>0x146</size>
         <input_file_ref idref="fl-143"/>
      </object_component>
      <object_component id="oc-1a2">
         <name>.debug_info</name>
         <load_address>0xc457</load_address>
         <run_address>0xc457</run_address>
         <size>0x2c</size>
         <input_file_ref idref="fl-140"/>
      </object_component>
      <object_component id="oc-1a9">
         <name>.debug_info</name>
         <load_address>0xc483</load_address>
         <run_address>0xc483</run_address>
         <size>0x2c</size>
         <input_file_ref idref="fl-2"/>
      </object_component>
      <object_component id="oc-1b4">
         <name>.debug_info</name>
         <load_address>0xc4af</load_address>
         <run_address>0xc4af</run_address>
         <size>0x18b</size>
         <input_file_ref idref="fl-d"/>
      </object_component>
      <object_component id="oc-1b9">
         <name>.debug_info</name>
         <load_address>0xc63a</load_address>
         <run_address>0xc63a</run_address>
         <size>0x90</size>
         <input_file_ref idref="fl-d"/>
      </object_component>
      <object_component id="oc-1be">
         <name>.debug_info</name>
         <load_address>0xc6ca</load_address>
         <run_address>0xc6ca</run_address>
         <size>0x1ce</size>
         <input_file_ref idref="fl-d"/>
      </object_component>
      <object_component id="oc-1c0">
         <name>.debug_info</name>
         <load_address>0xc898</load_address>
         <run_address>0xc898</run_address>
         <size>0xff</size>
         <input_file_ref idref="fl-f"/>
      </object_component>
      <object_component id="oc-1c3">
         <name>.debug_info</name>
         <load_address>0xc997</load_address>
         <run_address>0xc997</run_address>
         <size>0x217</size>
         <input_file_ref idref="fl-13"/>
      </object_component>
      <object_component id="oc-1c9">
         <name>.debug_info</name>
         <load_address>0xcbae</load_address>
         <run_address>0xcbae</run_address>
         <size>0x1d7</size>
         <input_file_ref idref="fl-13"/>
      </object_component>
      <object_component id="oc-1cb">
         <name>.debug_info</name>
         <load_address>0xcd85</load_address>
         <run_address>0xcd85</run_address>
         <size>0x226</size>
         <input_file_ref idref="fl-f"/>
      </object_component>
      <object_component id="oc-1cf">
         <name>.debug_info</name>
         <load_address>0xcfab</load_address>
         <run_address>0xcfab</run_address>
         <size>0x10d</size>
         <input_file_ref idref="fl-13"/>
      </object_component>
      <object_component id="oc-1d2">
         <name>.debug_info</name>
         <load_address>0xd0b8</load_address>
         <run_address>0xd0b8</run_address>
         <size>0x1b2</size>
         <input_file_ref idref="fl-11"/>
      </object_component>
      <object_component id="oc-1d7">
         <name>.debug_info</name>
         <load_address>0xd26a</load_address>
         <run_address>0xd26a</run_address>
         <size>0x1d8</size>
         <input_file_ref idref="fl-11"/>
      </object_component>
      <object_component id="oc-1e2">
         <name>.debug_info</name>
         <load_address>0xd442</load_address>
         <run_address>0xd442</run_address>
         <size>0x233</size>
         <input_file_ref idref="fl-d"/>
      </object_component>
      <object_component id="oc-1e7">
         <name>.debug_info</name>
         <load_address>0xd675</load_address>
         <run_address>0xd675</run_address>
         <size>0x1ab</size>
         <input_file_ref idref="fl-d"/>
      </object_component>
      <object_component id="oc-1ee">
         <name>.debug_info</name>
         <load_address>0xd820</load_address>
         <run_address>0xd820</run_address>
         <size>0x5a</size>
         <input_file_ref idref="fl-4"/>
      </object_component>
      <object_component id="oc-1f7">
         <name>.debug_info</name>
         <load_address>0xd87a</load_address>
         <run_address>0xd87a</run_address>
         <size>0x1a8</size>
         <input_file_ref idref="fl-15"/>
      </object_component>
      <object_component id="oc-202">
         <name>.debug_info</name>
         <load_address>0xda22</load_address>
         <run_address>0xda22</run_address>
         <size>0x176</size>
         <input_file_ref idref="fl-14"/>
      </object_component>
      <object_component id="oc-208">
         <name>.debug_info</name>
         <load_address>0xdb98</load_address>
         <run_address>0xdb98</run_address>
         <size>0x173</size>
         <input_file_ref idref="fl-14"/>
      </object_component>
      <object_component id="oc-20e">
         <name>.debug_info</name>
         <load_address>0xdd0b</load_address>
         <run_address>0xdd0b</run_address>
         <size>0x1cf</size>
         <input_file_ref idref="fl-e"/>
      </object_component>
      <object_component id="oc-210">
         <name>.debug_info</name>
         <load_address>0xdeda</load_address>
         <run_address>0xdeda</run_address>
         <size>0x227</size>
         <input_file_ref idref="fl-12"/>
      </object_component>
      <object_component id="oc-219">
         <name>.debug_info</name>
         <load_address>0xe101</load_address>
         <run_address>0xe101</run_address>
         <size>0x1c2</size>
         <input_file_ref idref="fl-10"/>
      </object_component>
      <object_component id="oc-21b">
         <name>.debug_info</name>
         <load_address>0xe2c3</load_address>
         <run_address>0xe2c3</run_address>
         <size>0x1ba</size>
         <input_file_ref idref="fl-10"/>
      </object_component>
      <object_component id="oc-222">
         <name>.debug_info</name>
         <load_address>0xe47d</load_address>
         <run_address>0xe47d</run_address>
         <size>0x1b9</size>
         <input_file_ref idref="fl-12"/>
      </object_component>
      <object_component id="oc-230">
         <name>.debug_info</name>
         <load_address>0xe636</load_address>
         <run_address>0xe636</run_address>
         <size>0x148</size>
         <input_file_ref idref="fl-149"/>
      </object_component>
      <object_component id="oc-233">
         <name>.debug_info</name>
         <load_address>0xe77e</load_address>
         <run_address>0xe77e</run_address>
         <size>0x5e</size>
         <input_file_ref idref="fl-147"/>
      </object_component>
      <object_component id="oc-239">
         <name>.debug_info</name>
         <load_address>0xe7dc</load_address>
         <run_address>0xe7dc</run_address>
         <size>0x1d4</size>
         <input_file_ref idref="fl-146"/>
      </object_component>
      <object_component id="oc-23f">
         <name>.debug_info</name>
         <load_address>0xe9b0</load_address>
         <run_address>0xe9b0</run_address>
         <size>0xd9</size>
         <input_file_ref idref="fl-146"/>
      </object_component>
      <object_component id="oc-24d">
         <name>.debug_info</name>
         <load_address>0xea89</load_address>
         <run_address>0xea89</run_address>
         <size>0x5f</size>
         <input_file_ref idref="fl-f"/>
      </object_component>
      <object_component id="oc-266">
         <name>.debug_info</name>
         <load_address>0xeae8</load_address>
         <run_address>0xeae8</run_address>
         <size>0x16f</size>
         <input_file_ref idref="fl-12"/>
      </object_component>
      <object_component id="oc-26d">
         <name>.debug_info</name>
         <load_address>0xec57</load_address>
         <run_address>0xec57</run_address>
         <size>0xcd</size>
         <input_file_ref idref="fl-149"/>
      </object_component>
      <object_component id="oc-294">
         <name>.debug_info</name>
         <load_address>0xed24</load_address>
         <run_address>0xed24</run_address>
         <size>0xac</size>
      </object_component>
      <object_component id="oc-11">
         <name>.debug_line</name>
         <load_address>0x0</load_address>
         <run_address>0x0</run_address>
         <size>0x4f</size>
         <input_file_ref idref="fl-13f"/>
      </object_component>
      <object_component id="oc-16">
         <name>.debug_line</name>
         <load_address>0x4f</load_address>
         <run_address>0x4f</run_address>
         <size>0x55</size>
         <input_file_ref idref="fl-140"/>
      </object_component>
      <object_component id="oc-1b">
         <name>.debug_line</name>
         <load_address>0xa4</load_address>
         <run_address>0xa4</run_address>
         <size>0x4c</size>
         <input_file_ref idref="fl-142"/>
      </object_component>
      <object_component id="oc-20">
         <name>.debug_line</name>
         <load_address>0xf0</load_address>
         <run_address>0xf0</run_address>
         <size>0x4b</size>
         <input_file_ref idref="fl-141"/>
      </object_component>
      <object_component id="oc-26">
         <name>.debug_line</name>
         <load_address>0x13b</load_address>
         <run_address>0x13b</run_address>
         <size>0xe4</size>
         <input_file_ref idref="fl-7"/>
      </object_component>
      <object_component id="oc-2b">
         <name>.debug_line</name>
         <load_address>0x21f</load_address>
         <run_address>0x21f</run_address>
         <size>0x751</size>
         <input_file_ref idref="fl-8"/>
      </object_component>
      <object_component id="oc-2f">
         <name>.debug_line</name>
         <load_address>0x970</load_address>
         <run_address>0x970</run_address>
         <size>0x41</size>
         <input_file_ref idref="fl-7"/>
      </object_component>
      <object_component id="oc-32">
         <name>.debug_line</name>
         <load_address>0x9b1</load_address>
         <run_address>0x9b1</run_address>
         <size>0x87</size>
         <input_file_ref idref="fl-148"/>
      </object_component>
      <object_component id="oc-37">
         <name>.debug_line</name>
         <load_address>0xa38</load_address>
         <run_address>0xa38</run_address>
         <size>0x50</size>
         <input_file_ref idref="fl-147"/>
      </object_component>
      <object_component id="oc-3c">
         <name>.debug_line</name>
         <load_address>0xa88</load_address>
         <run_address>0xa88</run_address>
         <size>0x7a</size>
         <input_file_ref idref="fl-143"/>
      </object_component>
      <object_component id="oc-43">
         <name>.debug_line</name>
         <load_address>0xb02</load_address>
         <run_address>0xb02</run_address>
         <size>0x88</size>
         <input_file_ref idref="fl-144"/>
      </object_component>
      <object_component id="oc-49">
         <name>.debug_line</name>
         <load_address>0xb8a</load_address>
         <run_address>0xb8a</run_address>
         <size>0x3a</size>
         <input_file_ref idref="fl-140"/>
      </object_component>
      <object_component id="oc-50">
         <name>.debug_line</name>
         <load_address>0xbc4</load_address>
         <run_address>0xbc4</run_address>
         <size>0x34</size>
         <input_file_ref idref="fl-142"/>
      </object_component>
      <object_component id="oc-56">
         <name>.debug_line</name>
         <load_address>0xbf8</load_address>
         <run_address>0xbf8</run_address>
         <size>0x8c</size>
         <input_file_ref idref="fl-141"/>
      </object_component>
      <object_component id="oc-5d">
         <name>.debug_line</name>
         <load_address>0xc84</load_address>
         <run_address>0xc84</run_address>
         <size>0x39</size>
         <input_file_ref idref="fl-141"/>
      </object_component>
      <object_component id="oc-61">
         <name>.debug_line</name>
         <load_address>0xcbd</load_address>
         <run_address>0xcbd</run_address>
         <size>0x6c</size>
         <input_file_ref idref="fl-d"/>
      </object_component>
      <object_component id="oc-68">
         <name>.debug_line</name>
         <load_address>0xd29</load_address>
         <run_address>0xd29</run_address>
         <size>0xf1</size>
         <input_file_ref idref="fl-f"/>
      </object_component>
      <object_component id="oc-6c">
         <name>.debug_line</name>
         <load_address>0xe1a</load_address>
         <run_address>0xe1a</run_address>
         <size>0x6c</size>
         <input_file_ref idref="fl-13"/>
      </object_component>
      <object_component id="oc-72">
         <name>.debug_line</name>
         <load_address>0xe86</load_address>
         <run_address>0xe86</run_address>
         <size>0xaf</size>
         <input_file_ref idref="fl-13"/>
      </object_component>
      <object_component id="oc-77">
         <name>.debug_line</name>
         <load_address>0xf35</load_address>
         <run_address>0xf35</run_address>
         <size>0x6d</size>
         <input_file_ref idref="fl-f"/>
      </object_component>
      <object_component id="oc-7b">
         <name>.debug_line</name>
         <load_address>0xfa2</load_address>
         <run_address>0xfa2</run_address>
         <size>0x6c</size>
         <input_file_ref idref="fl-13"/>
      </object_component>
      <object_component id="oc-80">
         <name>.debug_line</name>
         <load_address>0x100e</load_address>
         <run_address>0x100e</run_address>
         <size>0x6c</size>
         <input_file_ref idref="fl-13"/>
      </object_component>
      <object_component id="oc-85">
         <name>.debug_line</name>
         <load_address>0x107a</load_address>
         <run_address>0x107a</run_address>
         <size>0x80</size>
         <input_file_ref idref="fl-13"/>
      </object_component>
      <object_component id="oc-8b">
         <name>.debug_line</name>
         <load_address>0x10fa</load_address>
         <run_address>0x10fa</run_address>
         <size>0x7b</size>
         <input_file_ref idref="fl-11"/>
      </object_component>
      <object_component id="oc-91">
         <name>.debug_line</name>
         <load_address>0x1175</load_address>
         <run_address>0x1175</run_address>
         <size>0x6a</size>
         <input_file_ref idref="fl-11"/>
      </object_component>
      <object_component id="oc-96">
         <name>.debug_line</name>
         <load_address>0x11df</load_address>
         <run_address>0x11df</run_address>
         <size>0x6a</size>
         <input_file_ref idref="fl-11"/>
      </object_component>
      <object_component id="oc-9b">
         <name>.debug_line</name>
         <load_address>0x1249</load_address>
         <run_address>0x1249</run_address>
         <size>0x6a</size>
         <input_file_ref idref="fl-11"/>
      </object_component>
      <object_component id="oc-a0">
         <name>.debug_line</name>
         <load_address>0x12b3</load_address>
         <run_address>0x12b3</run_address>
         <size>0x6a</size>
         <input_file_ref idref="fl-11"/>
      </object_component>
      <object_component id="oc-a5">
         <name>.debug_line</name>
         <load_address>0x131d</load_address>
         <run_address>0x131d</run_address>
         <size>0x6a</size>
         <input_file_ref idref="fl-11"/>
      </object_component>
      <object_component id="oc-aa">
         <name>.debug_line</name>
         <load_address>0x1387</load_address>
         <run_address>0x1387</run_address>
         <size>0x6d</size>
         <input_file_ref idref="fl-11"/>
      </object_component>
      <object_component id="oc-af">
         <name>.debug_line</name>
         <load_address>0x13f4</load_address>
         <run_address>0x13f4</run_address>
         <size>0x6c</size>
         <input_file_ref idref="fl-13"/>
      </object_component>
      <object_component id="oc-b3">
         <name>.debug_line</name>
         <load_address>0x1460</load_address>
         <run_address>0x1460</run_address>
         <size>0x7d</size>
         <input_file_ref idref="fl-d"/>
      </object_component>
      <object_component id="oc-bb">
         <name>.debug_line</name>
         <load_address>0x14dd</load_address>
         <run_address>0x14dd</run_address>
         <size>0x6c</size>
         <input_file_ref idref="fl-13"/>
      </object_component>
      <object_component id="oc-c0">
         <name>.debug_line</name>
         <load_address>0x1549</load_address>
         <run_address>0x1549</run_address>
         <size>0x72</size>
         <input_file_ref idref="fl-13"/>
      </object_component>
      <object_component id="oc-c6">
         <name>.debug_line</name>
         <load_address>0x15bb</load_address>
         <run_address>0x15bb</run_address>
         <size>0x6b</size>
         <input_file_ref idref="fl-13"/>
      </object_component>
      <object_component id="oc-cb">
         <name>.debug_line</name>
         <load_address>0x1626</load_address>
         <run_address>0x1626</run_address>
         <size>0x74</size>
         <input_file_ref idref="fl-15"/>
      </object_component>
      <object_component id="oc-d1">
         <name>.debug_line</name>
         <load_address>0x169a</load_address>
         <run_address>0x169a</run_address>
         <size>0x74</size>
         <input_file_ref idref="fl-15"/>
      </object_component>
      <object_component id="oc-d5">
         <name>.debug_line</name>
         <load_address>0x170e</load_address>
         <run_address>0x170e</run_address>
         <size>0x84</size>
         <input_file_ref idref="fl-15"/>
      </object_component>
      <object_component id="oc-db">
         <name>.debug_line</name>
         <load_address>0x1792</load_address>
         <run_address>0x1792</run_address>
         <size>0x6a</size>
         <input_file_ref idref="fl-15"/>
      </object_component>
      <object_component id="oc-df">
         <name>.debug_line</name>
         <load_address>0x17fc</load_address>
         <run_address>0x17fc</run_address>
         <size>0x6a</size>
         <input_file_ref idref="fl-15"/>
      </object_component>
      <object_component id="oc-e5">
         <name>.debug_line</name>
         <load_address>0x1866</load_address>
         <run_address>0x1866</run_address>
         <size>0x6a</size>
         <input_file_ref idref="fl-15"/>
      </object_component>
      <object_component id="oc-ea">
         <name>.debug_line</name>
         <load_address>0x18d0</load_address>
         <run_address>0x18d0</run_address>
         <size>0x7a</size>
         <input_file_ref idref="fl-15"/>
      </object_component>
      <object_component id="oc-ef">
         <name>.debug_line</name>
         <load_address>0x194a</load_address>
         <run_address>0x194a</run_address>
         <size>0x78</size>
         <input_file_ref idref="fl-15"/>
      </object_component>
      <object_component id="oc-f4">
         <name>.debug_line</name>
         <load_address>0x19c2</load_address>
         <run_address>0x19c2</run_address>
         <size>0x70</size>
         <input_file_ref idref="fl-10"/>
      </object_component>
      <object_component id="oc-f9">
         <name>.debug_line</name>
         <load_address>0x1a32</load_address>
         <run_address>0x1a32</run_address>
         <size>0x70</size>
         <input_file_ref idref="fl-10"/>
      </object_component>
      <object_component id="oc-ff">
         <name>.debug_line</name>
         <load_address>0x1aa2</load_address>
         <run_address>0x1aa2</run_address>
         <size>0x6c</size>
         <input_file_ref idref="fl-e"/>
      </object_component>
      <object_component id="oc-104">
         <name>.debug_line</name>
         <load_address>0x1b0e</load_address>
         <run_address>0x1b0e</run_address>
         <size>0x71</size>
         <input_file_ref idref="fl-12"/>
      </object_component>
      <object_component id="oc-109">
         <name>.debug_line</name>
         <load_address>0x1b7f</load_address>
         <run_address>0x1b7f</run_address>
         <size>0xb9</size>
         <input_file_ref idref="fl-f"/>
      </object_component>
      <object_component id="oc-10e">
         <name>.debug_line</name>
         <load_address>0x1c38</load_address>
         <run_address>0x1c38</run_address>
         <size>0x80</size>
         <input_file_ref idref="fl-e"/>
      </object_component>
      <object_component id="oc-113">
         <name>.debug_line</name>
         <load_address>0x1cb8</load_address>
         <run_address>0x1cb8</run_address>
         <size>0x75</size>
         <input_file_ref idref="fl-e"/>
      </object_component>
      <object_component id="oc-117">
         <name>.debug_line</name>
         <load_address>0x1d2d</load_address>
         <run_address>0x1d2d</run_address>
         <size>0x99</size>
         <input_file_ref idref="fl-10"/>
      </object_component>
      <object_component id="oc-11d">
         <name>.debug_line</name>
         <load_address>0x1dc6</load_address>
         <run_address>0x1dc6</run_address>
         <size>0x6c</size>
         <input_file_ref idref="fl-e"/>
      </object_component>
      <object_component id="oc-122">
         <name>.debug_line</name>
         <load_address>0x1e32</load_address>
         <run_address>0x1e32</run_address>
         <size>0x6c</size>
         <input_file_ref idref="fl-e"/>
      </object_component>
      <object_component id="oc-12a">
         <name>.debug_line</name>
         <load_address>0x1e9e</load_address>
         <run_address>0x1e9e</run_address>
         <size>0x71</size>
         <input_file_ref idref="fl-12"/>
      </object_component>
      <object_component id="oc-12f">
         <name>.debug_line</name>
         <load_address>0x1f0f</load_address>
         <run_address>0x1f0f</run_address>
         <size>0x83</size>
         <input_file_ref idref="fl-12"/>
      </object_component>
      <object_component id="oc-134">
         <name>.debug_line</name>
         <load_address>0x1f92</load_address>
         <run_address>0x1f92</run_address>
         <size>0x71</size>
         <input_file_ref idref="fl-12"/>
      </object_component>
      <object_component id="oc-139">
         <name>.debug_line</name>
         <load_address>0x2003</load_address>
         <run_address>0x2003</run_address>
         <size>0x88</size>
         <input_file_ref idref="fl-12"/>
      </object_component>
      <object_component id="oc-13e">
         <name>.debug_line</name>
         <load_address>0x208b</load_address>
         <run_address>0x208b</run_address>
         <size>0x70</size>
         <input_file_ref idref="fl-12"/>
      </object_component>
      <object_component id="oc-143">
         <name>.debug_line</name>
         <load_address>0x20fb</load_address>
         <run_address>0x20fb</run_address>
         <size>0x71</size>
         <input_file_ref idref="fl-12"/>
      </object_component>
      <object_component id="oc-14b">
         <name>.debug_line</name>
         <load_address>0x216c</load_address>
         <run_address>0x216c</run_address>
         <size>0x6b</size>
         <input_file_ref idref="fl-13"/>
      </object_component>
      <object_component id="oc-14f">
         <name>.debug_line</name>
         <load_address>0x21d7</load_address>
         <run_address>0x21d7</run_address>
         <size>0x72</size>
         <input_file_ref idref="fl-13"/>
      </object_component>
      <object_component id="oc-155">
         <name>.debug_line</name>
         <load_address>0x2249</load_address>
         <run_address>0x2249</run_address>
         <size>0x6b</size>
         <input_file_ref idref="fl-13"/>
      </object_component>
      <object_component id="oc-15a">
         <name>.debug_line</name>
         <load_address>0x22b4</load_address>
         <run_address>0x22b4</run_address>
         <size>0x6b</size>
         <input_file_ref idref="fl-13"/>
      </object_component>
      <object_component id="oc-15f">
         <name>.debug_line</name>
         <load_address>0x231f</load_address>
         <run_address>0x231f</run_address>
         <size>0x6b</size>
         <input_file_ref idref="fl-13"/>
      </object_component>
      <object_component id="oc-165">
         <name>.debug_line</name>
         <load_address>0x238a</load_address>
         <run_address>0x238a</run_address>
         <size>0x6c</size>
         <input_file_ref idref="fl-e"/>
      </object_component>
      <object_component id="oc-178">
         <name>.debug_line</name>
         <load_address>0x23f6</load_address>
         <run_address>0x23f6</run_address>
         <size>0x20</size>
         <input_file_ref idref="fl-2"/>
      </object_component>
      <object_component id="oc-17d">
         <name>.debug_line</name>
         <load_address>0x2416</load_address>
         <run_address>0x2416</run_address>
         <size>0x39</size>
         <input_file_ref idref="fl-8"/>
      </object_component>
      <object_component id="oc-182">
         <name>.debug_line</name>
         <load_address>0x244f</load_address>
         <run_address>0x244f</run_address>
         <size>0x59</size>
         <input_file_ref idref="fl-2"/>
      </object_component>
      <object_component id="oc-187">
         <name>.debug_line</name>
         <load_address>0x24a8</load_address>
         <run_address>0x24a8</run_address>
         <size>0x37</size>
         <input_file_ref idref="fl-5"/>
      </object_component>
      <object_component id="oc-18c">
         <name>.debug_line</name>
         <load_address>0x24df</load_address>
         <run_address>0x24df</run_address>
         <size>0x5a</size>
         <input_file_ref idref="fl-2"/>
      </object_component>
      <object_component id="oc-190">
         <name>.debug_line</name>
         <load_address>0x2539</load_address>
         <run_address>0x2539</run_address>
         <size>0x79</size>
         <input_file_ref idref="fl-7"/>
      </object_component>
      <object_component id="oc-193">
         <name>.debug_line</name>
         <load_address>0x25b2</load_address>
         <run_address>0x25b2</run_address>
         <size>0x6d</size>
         <input_file_ref idref="fl-149"/>
      </object_component>
      <object_component id="oc-1a0">
         <name>.debug_line</name>
         <load_address>0x261f</load_address>
         <run_address>0x261f</run_address>
         <size>0x33</size>
         <input_file_ref idref="fl-145"/>
      </object_component>
      <object_component id="oc-1a4">
         <name>.debug_line</name>
         <load_address>0x2652</load_address>
         <run_address>0x2652</run_address>
         <size>0x44</size>
         <input_file_ref idref="fl-140"/>
      </object_component>
      <object_component id="oc-1a8">
         <name>.debug_line</name>
         <load_address>0x2696</load_address>
         <run_address>0x2696</run_address>
         <size>0x20</size>
         <input_file_ref idref="fl-140"/>
      </object_component>
      <object_component id="oc-1ab">
         <name>.debug_line</name>
         <load_address>0x26b6</load_address>
         <run_address>0x26b6</run_address>
         <size>0x59</size>
         <input_file_ref idref="fl-2"/>
      </object_component>
      <object_component id="oc-1af">
         <name>.debug_line</name>
         <load_address>0x270f</load_address>
         <run_address>0x270f</run_address>
         <size>0x20</size>
         <input_file_ref idref="fl-142"/>
      </object_component>
      <object_component id="oc-1b2">
         <name>.debug_line</name>
         <load_address>0x272f</load_address>
         <run_address>0x272f</run_address>
         <size>0x20</size>
         <input_file_ref idref="fl-141"/>
      </object_component>
      <object_component id="oc-1b6">
         <name>.debug_line</name>
         <load_address>0x274f</load_address>
         <run_address>0x274f</run_address>
         <size>0x5e</size>
         <input_file_ref idref="fl-d"/>
      </object_component>
      <object_component id="oc-1bb">
         <name>.debug_line</name>
         <load_address>0x27ad</load_address>
         <run_address>0x27ad</run_address>
[...]
         <name>__TI_Handler_Table_Limit</name>
         <value>0x2050</value>
      </symbol>
      <symbol id="sm-6">
         <name>binit</name>
         <value>0xffffffff</value>
      </symbol>
      <symbol id="sm-7">
         <name>__binit__</name>
         <value>0xffffffff</value>
      </symbol>
      <symbol id="sm-8">
         <name>__STACK_SIZE</name>
         <value>0x800</value>
      </symbol>
      <symbol id="sm-9">
         <name>__STACK_END</name>
         <value>0x20000800</value>
      </symbol>
      <symbol id="sm-a">
         <name>__c_args__</name>
         <value>0xffffffff</value>
      </symbol>
      <symbol id="sm-36">
         <name>clock</name>
         <value>0x200008b8</value>
      </symbol>
      <symbol id="sm-40">
         <name>humidity</name>
         <value>0x200008b6</value>
      </symbol>
      <symbol id="sm-41">
         <name>temperature</name>
         <value>0x200008b7</value>
      </symbol>
      <symbol id="sm-64">
         <name>ResetISR</name>
         <value>0x1095</value>
         <object_component_ref idref="oc-24"/>
      </symbol>
      <symbol id="sm-65">
         <name>g_pfnVectors</name>
         <value>0x0</value>
         <object_component_ref idref="oc-e"/>
      </symbol>
      <symbol id="sm-13c">
         <name>clockTime</name>
         <value>0x200008bc</value>
      </symbol>
      <symbol id="sm-13d">
         <name>dateTime</name>
         <value>0x200008a8</value>
      </symbol>
      <symbol id="sm-13e">
         <name>ui32ADC0Value</name>
         <value>0x20000898</value>
      </symbol>
      <symbol id="sm-13f">
         <name>ui32TempAvg</name>
         <value>0x200008c4</value>
      </symbol>
      <symbol id="sm-140">
         <name>ui32TempValueC</name>
         <value>0x200008c8</value>
      </symbol>
      <symbol id="sm-141">
         <name>ui32TempValueF</name>
         <value>0x200008cc</value>
      </symbol>
      <symbol id="sm-142">
         <name>ui32MoistureAvg</name>
         <value>0x200008c0</value>
      </symbol>
      <symbol id="sm-143">
         <name>init_LED</name>
         <value>0x765</value>
         <object_component_ref idref="oc-29"/>
      </symbol>
      <symbol id="sm-144">
         <name>init_genTimer1</name>
         <value>0x81d</value>
         <object_component_ref idref="oc-29"/>
      </symbol>
      <symbol id="sm-145">
         <name>checkZoneStatus</name>
         <value>0xb09</value>
         <object_component_ref idref="oc-29"/>
      </symbol>
      <symbol id="sm-146">
         <name>printCurrentStatus</name>
         <value>0xc7d</value>
         <object_component_ref idref="oc-29"/>
      </symbol>
      <symbol id="sm-147">
         <name>init_IntTempSensor</name>
         <value>0x7c7</value>
         <object_component_ref idref="oc-29"/>
      </symbol>
      <symbol id="sm-148">
         <name>init_BtnHandler</name>
         <value>0x981</value>
         <object_component_ref idref="oc-29"/>
      </symbol>
      <symbol id="sm-149">
         <name>clearAllZoneOverrides</name>
         <value>0xbed</value>
         <object_component_ref idref="oc-29"/>
      </symbol>
      <symbol id="sm-14a">
         <name>statusLed</name>
         <value>0x20000811</value>
         <object_component_ref idref="oc-146"/>
      </symbol>
      <symbol id="sm-14b">
         <name>response</name>
         <value>0x20000800</value>
         <object_component_ref idref="oc-146"/>
      </symbol>
      <symbol id="sm-14c">
         <name>init_Clock</name>
         <value>0x747</value>
         <object_component_ref idref="oc-29"/>
      </symbol>
      <symbol id="sm-14d">
         <name>main</name>
         <value>0x669</value>
         <object_component_ref idref="oc-29"/>
      </symbol>
      <symbol id="sm-14e">
         <name>delay</name>
         <value>0x1007</value>
         <object_component_ref idref="oc-29"/>
      </symbol>
      <symbol id="sm-14f">
         <name>buttonPressTimerTicks</name>
         <value>0x20000808</value>
         <object_component_ref idref="oc-146"/>
      </symbol>
      <symbol id="sm-150">
         <name>hasSeenButtonPress</name>
         <value>0x20000804</value>
         <object_component_ref idref="oc-146"/>
      </symbol>
      <symbol id="sm-151">
         <name>genTimer1Handler</name>
         <value>0x851</value>
         <object_component_ref idref="oc-29"/>
      </symbol>
      <symbol id="sm-152">
         <name>flashLED</name>
         <value>0x1031</value>
         <object_component_ref idref="oc-29"/>
      </symbol>
      <symbol id="sm-153">
         <name>checkIntTempSensor</name>
         <value>0x8b5</value>
         <object_component_ref idref="oc-29"/>
      </symbol>
      <symbol id="sm-154">
         <name>init_Hibernation</name>
         <value>0x93d</value>
         <object_component_ref idref="oc-29"/>
      </symbol>
      <symbol id="sm-155">
         <name>processZones</name>
         <value>0xb81</value>
         <object_component_ref idref="oc-29"/>
      </symbol>
      <symbol id="sm-156">
         <name>init_Zones</name>
         <value>0x77b</value>
         <object_component_ref idref="oc-29"/>
      </symbol>
      <symbol id="sm-157">
         <name>setAllZoneOverrides</name>
         <value>0xc21</value>
         <object_component_ref idref="oc-29"/>
      </symbol>
      <symbol id="sm-158">
         <name>oneSecondCounter</name>
         <value>0x2000080c</value>
         <object_component_ref idref="oc-146"/>
      </symbol>
      <symbol id="sm-159">
         <name>Zones</name>
         <value>0x20000874</value>
         <object_component_ref idref="oc-146"/>
      </symbol>
      <symbol id="sm-15a">
         <name>zone0</name>
         <value>0x20000814</value>
         <object_component_ref idref="oc-146"/>
      </symbol>
      <symbol id="sm-15b">
         <name>zone1</name>
         <value>0x2000082c</value>
         <object_component_ref idref="oc-146"/>
      </symbol>
      <symbol id="sm-15c">
         <name>zone2</name>
         <value>0x20000844</value>
         <object_component_ref idref="oc-146"/>
      </symbol>
      <symbol id="sm-15d">
         <name>zone3</name>
         <value>0x2000085c</value>
         <object_component_ref idref="oc-146"/>
      </symbol>
      <symbol id="sm-15e">
         <name>mode</name>
         <value>0x20000810</value>
         <object_component_ref idref="oc-146"/>
      </symbol>
      <symbol id="sm-15f">
         <name>btn_IntHandler</name>
         <value>0xa2d</value>
         <object_component_ref idref="oc-29"/>
      </symbol>
      <symbol id="sm-160">
         <name>btn_TimHandler</name>
         <value>0xae7</value>
         <object_component_ref idref="oc-29"/>
      </symbol>
      <symbol id="sm-194">
         <name>UARTConfigSetExpClk</name>
         <value>0x1a85</value>
         <object_component_ref idref="oc-b2"/>
      </symbol>
      <symbol id="sm-195">
         <name>UARTDisable</name>
         <value>0x1bb1</value>
         <object_component_ref idref="oc-1df"/>
      </symbol>
      <symbol id="sm-196">
         <name>UARTCharPut</name>
         <value>0x1df5</value>
         <object_component_ref idref="oc-60"/>
      </symbol>
      <symbol id="sm-197">
         <name>UARTEnable</name>
         <value>0x1ca9</value>
         <object_component_ref idref="oc-1e4"/>
      </symbol>
      <symbol id="sm-1ce">
         <name>TimerLoadSet</name>
         <value>0x1d3d</value>
         <object_component_ref idref="oc-111"/>
      </symbol>
      <symbol id="sm-1cf">
         <name>TimerDisable</name>
         <value>0x1c95</value>
         <object_component_ref idref="oc-163"/>
      </symbol>
      <symbol id="sm-1d0">
         <name>TimerEnable</name>
         <value>0x1d8d</value>
         <object_component_ref idref="oc-fd"/>
      </symbol>
      <symbol id="sm-1d1">
         <name>TimerIntEnable</name>
         <value>0x1e0f</value>
         <object_component_ref idref="oc-11b"/>
      </symbol>
      <symbol id="sm-1d2">
         <name>TimerConfigure</name>
         <value>0x1829</value>
         <object_component_ref idref="oc-10c"/>
      </symbol>
      <symbol id="sm-1d3">
         <name>TimerIntClear</name>
         <value>0x1e41</value>
         <object_component_ref idref="oc-120"/>
      </symbol>
      <symbol id="sm-22a">
         <name>SysCtlClockSet</name>
         <value>0x1465</value>
         <object_component_ref idref="oc-107"/>
      </symbol>
      <symbol id="sm-22b">
         <name>SysCtlDelay</name>
         <value>0x1e29</value>
         <object_component_ref idref="oc-8e"/>
      </symbol>
      <symbol id="sm-22c">
         <name>SysCtlPeripheralEnable</name>
         <value>0x1b05</value>
         <object_component_ref idref="oc-75"/>
      </symbol>
      <symbol id="sm-22d">
         <name>SysCtlClockGet</name>
         <value>0x134d</value>
         <object_component_ref idref="oc-66"/>
      </symbol>
      <symbol id="sm-25f">
         <name>IntEnable</name>
         <value>0x1769</value>
         <object_component_ref idref="oc-116"/>
      </symbol>
      <symbol id="sm-260">
         <name>IntMasterDisable</name>
         <value>0x1de1</value>
         <object_component_ref idref="oc-f8"/>
      </symbol>
      <symbol id="sm-261">
         <name>IntMasterEnable</name>
         <value>0x1deb</value>
         <object_component_ref idref="oc-f3"/>
      </symbol>
      <symbol id="sm-2a4">
         <name>I2CMasterDataPut</name>
         <value>0x1e3d</value>
         <object_component_ref idref="oc-94"/>
      </symbol>
      <symbol id="sm-2a5">
         <name>I2CMasterInitExpClk</name>
         <value>0x196d</value>
         <object_component_ref idref="oc-89"/>
      </symbol>
      <symbol id="sm-2a6">
         <name>I2CMasterSlaveAddrSet</name>
         <value>0x1e07</value>
         <object_component_ref idref="oc-8f"/>
      </symbol>
      <symbol id="sm-2a7">
         <name>I2CMasterDataGet</name>
         <value>0x1e39</value>
         <object_component_ref idref="oc-9e"/>
      </symbol>
      <symbol id="sm-2a8">
         <name>I2CMasterErr</name>
         <value>0x1c43</value>
         <object_component_ref idref="oc-a8"/>
      </symbol>
      <symbol id="sm-2a9">
         <name>I2CMasterControl</name>
         <value>0x1e35</value>
         <object_component_ref idref="oc-99"/>
      </symbol>
      <symbol id="sm-2aa">
         <name>I2CMasterBusy</name>
         <value>0x1dff</value>
         <object_component_ref idref="oc-a3"/>
      </symbol>
      <symbol id="sm-2ab">
         <name>I2CMasterEnable</name>
         <value>0x1dd7</value>
         <object_component_ref idref="oc-1d1"/>
      </symbol>
      <symbol id="sm-30d">
         <name>HibernateIntClear</name>
         <value>0x1c6d</value>
         <object_component_ref idref="oc-141"/>
      </symbol>
      <symbol id="sm-30e">
         <name>HibernateWakeSet</name>
         <value>0x1705</value>
         <object_component_ref idref="oc-137"/>
      </symbol>
      <symbol id="sm-30f">
         <name>HibernateEnableExpClk</name>
         <value>0x1c59</value>
         <object_component_ref idref="oc-128"/>
      </symbol>
      <symbol id="sm-310">
         <name>HibernateClockConfig</name>
         <value>0x1925</value>
         <object_component_ref idref="oc-12d"/>
      </symbol>
      <symbol id="sm-311">
         <name>HibernateRequest</name>
         <value>0x1c81</value>
         <object_component_ref idref="oc-102"/>
      </symbol>
      <symbol id="sm-312">
         <name>HibernateIntStatus</name>
         <value>0x1bfd</value>
         <object_component_ref idref="oc-13c"/>
      </symbol>
      <symbol id="sm-313">
         <name>HibernateGPIORetentionEnable</name>
         <value>0x1be5</value>
         <object_component_ref idref="oc-132"/>
      </symbol>
      <symbol id="sm-393">
         <name>GPIOPinConfigure</name>
         <value>0x18dd</value>
         <object_component_ref idref="oc-84"/>
      </symbol>
      <symbol id="sm-394">
         <name>GPIOPinTypeI2CSCL</name>
         <value>0x1d19</value>
         <object_component_ref idref="oc-7a"/>
      </symbol>
      <symbol id="sm-395">
         <name>GPIOIntDisable</name>
         <value>0x1d7f</value>
         <object_component_ref idref="oc-149"/>
      </symbol>
      <symbol id="sm-396">
         <name>GPIOIntEnable</name>
         <value>0x1dc1</value>
         <object_component_ref idref="oc-158"/>
      </symbol>
      <symbol id="sm-397">
         <name>GPIOPinTypeI2C</name>
         <value>0x1d07</value>
         <object_component_ref idref="oc-7f"/>
      </symbol>
      <symbol id="sm-398">
         <name>GPIOIntTypeSet</name>
         <value>0x1885</value>
         <object_component_ref idref="oc-14e"/>
      </symbol>
      <symbol id="sm-399">
         <name>GPIOPinTypeADC</name>
         <value>0x1ce3</value>
         <object_component_ref idref="oc-ba"/>
      </symbol>
      <symbol id="sm-39a">
         <name>GPIOPinTypeGPIOInput</name>
         <value>0x1cf5</value>
         <object_component_ref idref="oc-6b"/>
      </symbol>
      <symbol id="sm-39b">
         <name>GPIOIntClear</name>
         <value>0x1e17</value>
         <object_component_ref idref="oc-153"/>
      </symbol>
      <symbol id="sm-39c">
         <name>GPIOPinTypeUART</name>
         <value>0x1d2b</value>
         <object_component_ref idref="oc-ad"/>
      </symbol>
      <symbol id="sm-39d">
         <name>GPIOPinTypeGPIOOutput</name>
         <value>0x1bcd</value>
         <object_component_ref idref="oc-bf"/>
      </symbol>
      <symbol id="sm-39e">
         <name>GPIOPinRead</name>
         <value>0x1e1d</value>
         <object_component_ref idref="oc-15e"/>
      </symbol>
      <symbol id="sm-39f">
         <name>GPIODirModeSet</name>
         <value>0x1b67</value>
         <object_component_ref idref="oc-1c2"/>
      </symbol>
      <symbol id="sm-3a0">
         <name>GPIOPinWrite</name>
         <value>0x1e23</value>
         <object_component_ref idref="oc-c4"/>
      </symbol>
      <symbol id="sm-3a1">
         <name>GPIOPadConfigSet</name>
         <value>0x121d</value>
         <object_component_ref idref="oc-70"/>
      </symbol>
      <symbol id="sm-3b1">
         <name>CPUcpsie</name>
         <value>0x1db5</value>
         <object_component_ref idref="oc-201"/>
      </symbol>
      <symbol id="sm-3b2">
         <name>CPUcpsid</name>
         <value>0x1da9</value>
         <object_component_ref idref="oc-207"/>
      </symbol>
      <symbol id="sm-402">
         <name>ADCProcessorTrigger</name>
         <value>0x1c2d</value>
         <object_component_ref idref="oc-e2"/>
      </symbol>
      <symbol id="sm-403">
         <name>ADCSequenceEnable</name>
         <value>0x1d71</value>
         <object_component_ref idref="oc-d8"/>
      </symbol>
      <symbol id="sm-404">
         <name>ADCSequenceConfigure</name>
         <value>0x1ac5</value>
         <object_component_ref idref="oc-ce"/>
      </symbol>
      <symbol id="sm-405">
         <name>ADCSequenceStepConfigure</name>
         <value>0x1685</value>
         <object_component_ref idref="oc-d3"/>
      </symbol>
      <symbol id="sm-406">
         <name>ADCIntClear</name>
         <value>0x1dcd</value>
         <object_component_ref idref="oc-dd"/>
      </symbol>
      <symbol id="sm-407">
         <name>ADCHardwareOversampleConfigure</name>
         <value>0x1cd1</value>
         <object_component_ref idref="oc-c9"/>
      </symbol>
      <symbol id="sm-408">
         <name>ADCIntStatus</name>
         <value>0x1b39</value>
         <object_component_ref idref="oc-e7"/>
      </symbol>
      <symbol id="sm-409">
         <name>ADCSequenceDataGet</name>
         <value>0x1b91</value>
         <object_component_ref idref="oc-ec"/>
      </symbol>
      <symbol id="sm-418">
         <name>_c_int00</name>
         <value>0x19b5</value>
         <object_component_ref idref="oc-10"/>
      </symbol>
      <symbol id="sm-419">
         <name>__stack</name>
         <value>0x20000000</value>
         <object_component_ref idref="oc-23"/>
      </symbol>
      <symbol id="sm-42f">
         <name>__TI_decompress_none</name>
         <value>0x1d9b</value>
         <object_component_ref idref="oc-14"/>
      </symbol>
      <symbol id="sm-451">
         <name>__TI_decompress_rle24</name>
         <value>0x1e2f</value>
         <object_component_ref idref="oc-1e"/>
      </symbol>
      <symbol id="sm-464">
         <name>__TI_zero_init</name>
         <value>0x1d4f</value>
         <object_component_ref idref="oc-19"/>
      </symbol>
      <symbol id="sm-480">
         <name>C$$EXIT</name>
         <value>0x1a41</value>
         <object_component_ref idref="oc-3a"/>
      </symbol>
      <symbol id="sm-481">
         <name>abort</name>
         <value>0x1a45</value>
         <object_component_ref idref="oc-3a"/>
      </symbol>
      <symbol id="sm-482">
         <name>exit</name>
         <value>0x1a4d</value>
         <object_component_ref idref="oc-3a"/>
      </symbol>
      <symbol id="sm-483">
         <name>__TI_dtors_ptr</name>
         <value>0x20000890</value>
         <object_component_ref idref="oc-19b"/>
      </symbol>
      <symbol id="sm-484">
         <name>__TI_cleanup_ptr</name>
         <value>0x2000088c</value>
         <object_component_ref idref="oc-19b"/>
      </symbol>
      <symbol id="sm-49e">
         <name>memcpy</name>
         <value>0x1555</value>
         <object_component_ref idref="oc-42"/>
      </symbol>
      <symbol id="sm-49f">
         <name>__aeabi_memcpy</name>
         <value>0x1555</value>
         <object_component_ref idref="oc-42"/>
      </symbol>
      <symbol id="sm-4a0">
         <name>__aeabi_memcpy8</name>
         <value>0x1555</value>
         <object_component_ref idref="oc-42"/>
      </symbol>
      <symbol id="sm-4a1">
         <name>__aeabi_memcpy4</name>
         <value>0x1555</value>
         <object_component_ref idref="oc-42"/>
      </symbol>
      <symbol id="sm-4a8">
         <name>main_func_sp</name>
         <value>0x20000894</value>
         <object_component_ref idref="oc-3f"/>
      </symbol>
      <symbol id="sm-4be">
         <name>_nop</name>
         <value>0x1ccb</value>
         <object_component_ref idref="oc-238"/>
      </symbol>
      <symbol id="sm-4bf">
         <name>_lock</name>
         <value>0x20000884</value>
         <object_component_ref idref="oc-199"/>
      </symbol>
      <symbol id="sm-4c0">
         <name>_unlock</name>
         <value>0x20000888</value>
         <object_component_ref idref="oc-199"/>
      </symbol>
      <symbol id="sm-4c1">
         <name>_register_lock</name>
         <value>0x1cc3</value>
         <object_component_ref idref="oc-238"/>
      </symbol>
      <symbol id="sm-4c2">
         <name>_register_unlock</name>
         <value>0x1cbd</value>
         <object_component_ref idref="oc-238"/>
      </symbol>
      <symbol id="sm-4d5">
         <name>_args_main</name>
         <value>0x1c15</value>
         <object_component_ref idref="oc-35"/>
      </symbol>
      <symbol id="sm-4f1">
         <name>__TI_auto_init</name>
         <value>0x15f1</value>
         <object_component_ref idref="oc-31"/>
      </symbol>
      <symbol id="sm-509">
         <name>copy_in</name>
         <value>0x19fd</value>
         <object_component_ref idref="oc-191"/>
      </symbol>
      <symbol id="sm-50a">
         <name>__TI_static_base__</name>
         <value>0x0</value>
      </symbol>
      <symbol id="sm-50b">
         <name>__TI_args_main</name>
         <value>0x1</value>
      </symbol>
      <symbol id="sm-50c">
         <name>SHT$$INIT_ARRAY$$Limit</name>
         <value>0x0</value>
      </symbol>
      <symbol id="sm-50d">
         <name>SHT$$INIT_ARRAY$$Base</name>
         <value>0x0</value>
      </symbol>
   </symbol_table>
   <title>Link successful</title>
</link_info>
