******************************************************************************
                  TI ARM Linker PC v5.1.1                      
******************************************************************************
>> Linked Sun Jun 08 12:07:54 2014

OUTPUT FILE NAME:   <Auto_Water_TM4.out>
ENTRY POINT SYMBOL: "_c_int00"  address: 0000139d


MEMORY CONFIGURATION

         name            origin    length      used     unused   attr    fill
----------------------  --------  ---------  --------  --------  ----  --------
  FLASH                 00000000   00040000  00001a55  0003e5ab  R  X
  SRAM                  20000000   00008000  000008c8  00007738  RW X


SEGMENT ALLOCATION MAP

run origin  load origin   length   init length attrs members
----------  ----------- ---------- ----------- ----- -------
00000000    00000000    00001a58   00001a58    r-x
  00000000    00000000    0000026c   0000026c    r-- .intvecs
  0000026c    0000026c    000015c6   000015c6    r-x .text
  00001834    00001834    0000017b   0000017b    r-- .const
  000019b0    000019b0    000000a8   000000a8    r-- .cinit
20000000    20000000    000008c8   00000000    rw-
  20000000    20000000    00000800   00000000    rw- .stack
  20000800    20000800    00000098   00000000    rw- .data
  20000898    20000898    00000030   00000000    rw- .bss


SECTION ALLOCATION MAP

 output                                  attributes/
section   page    origin      length       input sections
--------  ----  ----------  ----------   ----------------
.intvecs   0    00000000    0000026c     
                  00000000    0000026c     tm4c123gh6pm_startup_ccs.obj (.intvecs)

.init_array 
*          0    00000000    00000000     UNINITIALIZED

.text      0    0000026c    000015c6     
                  0000026c    00000998     main.obj (.text)
                  00000c04    00000130     driverlib.lib : gpio.obj (.text:GPIOPadConfigSet)
                  00000d34    00000118                   : sysctl.obj (.text:SysCtlClockGet)
                  00000e4c    000000f0                   : sysctl.obj (.text:SysCtlClockSet)
                  00000f3c    0000009c     rtsv7M4_T_le_v4SPD16_eabi.lib : memcpy_t2.obj (.text)
                  00000fd8    00000094                                   : auto_init.obj (.text)
                  0000106c    00000080     driverlib.lib : adc.obj (.text:ADCSequenceStepConfigure)
                  000010ec    00000064                   : hibernate.obj (.text:HibernateWakeSet)
                  00001150    00000060                   : interrupt.obj (.text:IntEnable)
                  000011b0    0000005e     rtsv7M4_T_le_v4SPD16_eabi.lib : copy_decompress_rle.obj (.text)
                  0000120e    00000002     --HOLE-- [fill = 0]
                  00001210    0000005c     driverlib.lib : timer.obj (.text:TimerConfigure)
                  0000126c    00000056                   : gpio.obj (.text:GPIOIntTypeSet)
                  000012c2    00000002     --HOLE-- [fill = 0]
                  000012c4    00000048                   : gpio.obj (.text:GPIOPinConfigure)
                  0000130c    00000048                   : hibernate.obj (.text:HibernateClockConfig)
                  00001354    00000048                   : i2c.obj (.text:I2CMasterInitExpClk)
                  0000139c    00000048     rtsv7M4_T_le_v4SPD16_eabi.lib : boot.obj (.text)
                  000013e4    00000044                                   : cpy_tbl.obj (.text)
                  00001428    00000044                                   : exit.obj (.text)
                  0000146c    00000040     driverlib.lib : uart.obj (.text:UARTConfigSetExpClk)
                  000014ac    0000003e                   : adc.obj (.text:ADCSequenceConfigure)
                  000014ea    00000002     --HOLE-- [fill = 0]
                  000014ec    00000034                   : sysctl.obj (.text:SysCtlPeripheralEnable)
                  00001520    0000002e                   : adc.obj (.text:ADCIntStatus)
                  0000154e    0000002a                   : gpio.obj (.text:GPIODirModeSet)
                  00001578    0000001e                   : adc.obj (.text:ADCSequenceDataGet)
                  00001596    00000002     --HOLE-- [fill = 0]
                  00001598    0000001c                   : uart.obj (.text:UARTDisable)
                  000015b4    00000018                   : gpio.obj (.text:GPIOPinTypeGPIOOutput)
                  000015cc    00000018                   : hibernate.obj (.text:HibernateGPIORetentionEnable)
                  000015e4    00000018                   : hibernate.obj (.text:HibernateIntStatus)
                  000015fc    00000018     rtsv7M4_T_le_v4SPD16_eabi.lib : args_main.obj (.text)
                  00001614    00000016     driverlib.lib : adc.obj (.text:ADCProcessorTrigger)
                  0000162a    00000016                   : i2c.obj (.text:I2CMasterErr)
                  00001640    00000014                   : hibernate.obj (.text:HibernateEnableExpClk)
                  00001654    00000014                   : hibernate.obj (.text:HibernateIntClear)
                  00001668    00000014                   : hibernate.obj (.text:HibernateRequest)
                  0000167c    00000014                   : timer.obj (.text:TimerDisable)
                  00001690    00000014                   : uart.obj (.text:UARTEnable)
                  000016a4    00000014     rtsv7M4_T_le_v4SPD16_eabi.lib : _lock.obj (.text)
                  000016b8    00000012     driverlib.lib : adc.obj (.text:ADCHardwareOversampleConfigure)
                  000016ca    00000012                   : gpio.obj (.text:GPIOPinTypeGPIOInput)
                  000016dc    00000012                   : gpio.obj (.text:GPIOPinTypeI2C)
                  000016ee    00000012                   : gpio.obj (.text:GPIOPinTypeI2CSCL)
                  00001700    00000012                   : gpio.obj (.text:GPIOPinTypeUART)
                  00001712    00000012                   : timer.obj (.text:TimerLoadSet)
                  00001724    00000012     rtsv7M4_T_le_v4SPD16_eabi.lib : copy_zero_init.obj (.text:decompress:ZI)
                  00001736    00000002     --HOLE-- [fill = 0]
                  00001738    00000010     driverlib.lib : hibernate.obj (.text:_HibernateWriteComplete)
                  00001748    0000000e                   : adc.obj (.text:ADCSequenceEnable)
                  00001756    0000000e                   : gpio.obj (.text:GPIOIntDisable)
                  00001764    0000000e                   : timer.obj (.text:TimerEnable)
                  00001772    0000000e     rtsv7M4_T_le_v4SPD16_eabi.lib : copy_decompress_none.obj (.text:decompress:none)
                  00001780    0000000c     driverlib.lib : cpu.obj (.text:CPUcpsid)
                  0000178c    0000000c                   : cpu.obj (.text:CPUcpsie)
                  00001798    0000000c                   : gpio.obj (.text:GPIOIntEnable)
                  000017a4    0000000c     tm4c123gh6pm_startup_ccs.obj (.text)
                  000017b0    0000000a     driverlib.lib : adc.obj (.text:ADCIntClear)
                  000017ba    0000000a                   : i2c.obj (.text:I2CMasterEnable)
                  000017c4    0000000a                   : interrupt.obj (.text:IntMasterDisable)
                  000017ce    0000000a                   : interrupt.obj (.text:IntMasterEnable)
                  000017d8    0000000a                   : timer.obj (.text:TimerLoadGet)
                  000017e2    0000000a                   : uart.obj (.text:UARTCharPut)
                  000017ec    00000008                   : i2c.obj (.text:I2CMasterBusy)
                  000017f4    00000008                   : i2c.obj (.text:I2CMasterSlaveAddrSet)
                  000017fc    00000008                   : timer.obj (.text:TimerIntEnable)
                  00001804    00000006                   : gpio.obj (.text:GPIOIntClear)
                  0000180a    00000006                   : gpio.obj (.text:GPIOPinRead)
                  00001810    00000006                   : gpio.obj (.text:GPIOPinWrite)
                  00001816    00000006                   : sysctl.obj (.text:SysCtlDelay)
                  0000181c    00000006     rtsv7M4_T_le_v4SPD16_eabi.lib : copy_decompress_rle.obj (.text:decompress:rle24)
                  00001822    00000004     driverlib.lib : i2c.obj (.text:I2CMasterControl)
                  00001826    00000004                   : i2c.obj (.text:I2CMasterDataGet)
                  0000182a    00000004                   : i2c.obj (.text:I2CMasterDataPut)
                  0000182e    00000004                   : timer.obj (.text:TimerIntClear)

.const     0    00001834    0000017b     
                  00001834    00000090     driverlib.lib : gpio.obj (.const:g_pui32GPIOBaseAddrs)
                  000018c4    00000070                   : interrupt.obj (.const)
                  00001934    0000006c                   : sysctl.obj (.const:g_pui32Xtals)
                  000019a0    0000000f     main.obj (.const:.string)

.cinit     0    000019b0    000000a8     
                  000019b0    00000081     (.cinit..data.load) [load image, compression = rle]
                  00001a31    00000003     --HOLE-- [fill = 0]
                  00001a34    0000000c     (__TI_handler_table)
                  00001a40    00000008     (.cinit..bss.load) [load image, compression = zero_init]
                  00001a48    00000010     (__TI_cinit_table)

.stack     0    20000000    00000800     UNINITIALIZED
                  20000000    00000800     --HOLE--

.data      0    20000800    00000098     UNINITIALIZED
                  20000800    00000084     main.obj (.data)
                  20000884    00000008     rtsv7M4_T_le_v4SPD16_eabi.lib : _lock.obj (.data)
                  2000088c    00000008                                   : exit.obj (.data)
                  20000894    00000004                                   : stkdepth_vars.obj (.data)

.bss       0    20000898    00000030     UNINITIALIZED
                  20000898    00000010     (.common:ui32ADC0Value)
                  200008a8    0000000e     (.common:dateTime)
                  200008b6    00000002     --HOLE--
                  200008b8    00000004     (.common:clockTime)
                  200008bc    00000004     (.common:ui32TempAvg)
                  200008c0    00000004     (.common:ui32TempValueC)
                  200008c4    00000004     (.common:ui32TempValueF)


LINKER GENERATED COPY TABLES

__TI_cinit_table @ 00001a48 records: 2, size/record: 8, table size: 16
	.data: load addr=000019b0, load size=00000081 bytes, run addr=20000800, run size=00000098 bytes, compression=rle
	.bss: load addr=00001a40, load size=00000008 bytes, run addr=20000898, run size=00000030 bytes, compression=zero_init


LINKER GENERATED HANDLER TABLE

__TI_handler_table @ 00001a34 records: 3, size/record: 4, table size: 12
	index: 0, handler: __TI_decompress_rle24
	index: 1, handler: __TI_decompress_none
	index: 2, handler: __TI_zero_init


GLOBAL SYMBOLS: SORTED ALPHABETICALLY BY Name 

address    name
--------   ----
000016b9   ADCHardwareOversampleConfigure
000017b1   ADCIntClear
00001521   ADCIntStatus
00001615   ADCProcessorTrigger
000014ad   ADCSequenceConfigure
00001579   ADCSequenceDataGet
00001749   ADCSequenceEnable
0000106d   ADCSequenceStepConfigure
00001429   C$$EXIT
00001781   CPUcpsid
0000178d   CPUcpsie
0000154f   GPIODirModeSet
00001805   GPIOIntClear
00001757   GPIOIntDisable
00001799   GPIOIntEnable
0000126d   GPIOIntTypeSet
00000c05   GPIOPadConfigSet
000012c5   GPIOPinConfigure
0000180b   GPIOPinRead
000016cb   GPIOPinTypeGPIOInput
000015b5   GPIOPinTypeGPIOOutput
000016dd   GPIOPinTypeI2C
000016ef   GPIOPinTypeI2CSCL
00001701   GPIOPinTypeUART
00001811   GPIOPinWrite
0000130d   HibernateClockConfig
00001641   HibernateEnableExpClk
000015cd   HibernateGPIORetentionEnable
00001655   HibernateIntClear
000015e5   HibernateIntStatus
00001669   HibernateRequest
000010ed   HibernateWakeSet
000017ed   I2CMasterBusy
00001823   I2CMasterControl
00001827   I2CMasterDataGet
0000182b   I2CMasterDataPut
000017bb   I2CMasterEnable
0000162b   I2CMasterErr
00001355   I2CMasterInitExpClk
000017f5   I2CMasterSlaveAddrSet
00001151   IntEnable
000017c5   IntMasterDisable
000017cf   IntMasterEnable
000017a5   ResetISR
UNDEFED    SHT$$INIT_ARRAY$$Base
UNDEFED    SHT$$INIT_ARRAY$$Limit
00000d35   SysCtlClockGet
00000e4d   SysCtlClockSet
00001817   SysCtlDelay
000014ed   SysCtlPeripheralEnable
00001211   TimerConfigure
0000167d   TimerDisable
00001765   TimerEnable
0000182f   TimerIntClear
000017fd   TimerIntEnable
000017d9   TimerLoadGet
00001713   TimerLoadSet
000017e3   UARTCharPut
0000146d   UARTConfigSetExpClk
00001599   UARTDisable
00001691   UARTEnable
20000800   __STACK_END
00000800   __STACK_SIZE
20000200   __STACK_TOP
00001a48   __TI_CINIT_Base
00001a58   __TI_CINIT_Limit
00001a34   __TI_Handler_Table_Base
00001a40   __TI_Handler_Table_Limit
00000001   __TI_args_main
00000fd9   __TI_auto_init
2000088c   __TI_cleanup_ptr
00001773   __TI_decompress_none
0000181d   __TI_decompress_rle24
20000890   __TI_dtors_ptr
00000000   __TI_static_base__
00001725   __TI_zero_init
00000f3d   __aeabi_memcpy
00000f3d   __aeabi_memcpy4
00000f3d   __aeabi_memcpy8
ffffffff   __binit__
ffffffff   __c_args__
20000000   __stack
000015fd   _args_main
0000139d   _c_int00
20000884   _lock
000016b3   _nop
000016ab   _register_lock
000016a5   _register_unlock
20000888   _unlock
0000142d   abort
00000b4d   adc_IntTempHandler
ffffffff   binit
00000ac1   btn_IntHandler
00000aa3   btn_TimHandler
20000808   buttonPressTimerTicks
000009d1   checkIntTempSensor
000008a3   checkZoneStatus
0000077d   clearAllZoneOverrides
200008b8   clockTime
000013e5   copy_in
200008a8   dateTime
00000aa1   delay
00001435   exit
00000a71   flashLED
00000000   g_pfnVectors
00000a51   genTimer1Handler
20000804   hasSeenButtonPress
000004cf   init
000006b1   init_BtnHandler
0000074d   init_Hibernation
00000615   init_IntTempSensor
000004e7   init_LED
000004ff   init_Zones
0000090d   main
20000894   main_func_sp
00000f3d   memcpy
20000810   mode
2000080c   oneSecondCounter
00000313   printCurrentStatus
0000027f   processZones
20000800   response
0000026d   setAllZoneOverrides
20000811   statusLed
20000898   ui32ADC0Value
200008bc   ui32TempAvg
200008c0   ui32TempValueC
200008c4   ui32TempValueF
20000814   zone0
2000082c   zone1
20000844   zone2
2000085c   zone3
20000874   zones


GLOBAL SYMBOLS: SORTED BY Symbol Address 

address    name
--------   ----
00000000   __TI_static_base__
00000000   g_pfnVectors
00000001   __TI_args_main
0000026d   setAllZoneOverrides
0000027f   processZones
00000313   printCurrentStatus
000004cf   init
000004e7   init_LED
000004ff   init_Zones
00000615   init_IntTempSensor
000006b1   init_BtnHandler
0000074d   init_Hibernation
0000077d   clearAllZoneOverrides
00000800   __STACK_SIZE
000008a3   checkZoneStatus
0000090d   main
000009d1   checkIntTempSensor
00000a51   genTimer1Handler
00000a71   flashLED
00000aa1   delay
00000aa3   btn_TimHandler
00000ac1   btn_IntHandler
00000b4d   adc_IntTempHandler
00000c05   GPIOPadConfigSet
00000d35   SysCtlClockGet
00000e4d   SysCtlClockSet
00000f3d   __aeabi_memcpy
00000f3d   __aeabi_memcpy4
00000f3d   __aeabi_memcpy8
00000f3d   memcpy
00000fd9   __TI_auto_init
0000106d   ADCSequenceStepConfigure
000010ed   HibernateWakeSet
00001151   IntEnable
00001211   TimerConfigure
0000126d   GPIOIntTypeSet
000012c5   GPIOPinConfigure
0000130d   HibernateClockConfig
00001355   I2CMasterInitExpClk
0000139d   _c_int00
000013e5   copy_in
00001429   C$$EXIT
0000142d   abort
00001435   exit
0000146d   UARTConfigSetExpClk
000014ad   ADCSequenceConfigure
000014ed   SysCtlPeripheralEnable
00001521   ADCIntStatus
0000154f   GPIODirModeSet
00001579   ADCSequenceDataGet
00001599   UARTDisable
000015b5   GPIOPinTypeGPIOOutput
000015cd   HibernateGPIORetentionEnable
000015e5   HibernateIntStatus
000015fd   _args_main
00001615   ADCProcessorTrigger
0000162b   I2CMasterErr
00001641   HibernateEnableExpClk
00001655   HibernateIntClear
00001669   HibernateRequest
0000167d   TimerDisable
00001691   UARTEnable
000016a5   _register_unlock
000016ab   _register_lock
000016b3   _nop
000016b9   ADCHardwareOversampleConfigure
000016cb   GPIOPinTypeGPIOInput
000016dd   GPIOPinTypeI2C
000016ef   GPIOPinTypeI2CSCL
00001701   GPIOPinTypeUART
00001713   TimerLoadSet
00001725   __TI_zero_init
00001749   ADCSequenceEnable
00001757   GPIOIntDisable
00001765   TimerEnable
00001773   __TI_decompress_none
00001781   CPUcpsid
0000178d   CPUcpsie
00001799   GPIOIntEnable
000017a5   ResetISR
000017b1   ADCIntClear
000017bb   I2CMasterEnable
000017c5   IntMasterDisable
000017cf   IntMasterEnable
000017d9   TimerLoadGet
000017e3   UARTCharPut
000017ed   I2CMasterBusy
000017f5   I2CMasterSlaveAddrSet
000017fd   TimerIntEnable
00001805   GPIOIntClear
0000180b   GPIOPinRead
00001811   GPIOPinWrite
00001817   SysCtlDelay
0000181d   __TI_decompress_rle24
00001823   I2CMasterControl
00001827   I2CMasterDataGet
0000182b   I2CMasterDataPut
0000182f   TimerIntClear
00001a34   __TI_Handler_Table_Base
00001a40   __TI_Handler_Table_Limit
00001a48   __TI_CINIT_Base
00001a58   __TI_CINIT_Limit
20000000   __stack
20000200   __STACK_TOP
20000800   __STACK_END
20000800   response
20000804   hasSeenButtonPress
20000808   buttonPressTimerTicks
2000080c   oneSecondCounter
20000810   mode
20000811   statusLed
20000814   zone0
2000082c   zone1
20000844   zone2
2000085c   zone3
20000874   zones
20000884   _lock
20000888   _unlock
2000088c   __TI_cleanup_ptr
20000890   __TI_dtors_ptr
20000894   main_func_sp
20000898   ui32ADC0Value
200008a8   dateTime
200008b8   clockTime
200008bc   ui32TempAvg
200008c0   ui32TempValueC
200008c4   ui32TempValueF
ffffffff   __binit__
ffffffff   __c_args__
ffffffff   binit
UNDEFED    SHT$$INIT_ARRAY$$Base
UNDEFED    SHT$$INIT_ARRAY$$Limit

[132 symbols]
